
> adonis-fullstack-app@4.0.0 dev C:\Users\Andrea\Desktop\Dev\atail-server
> webpack --watch

Executing pre-build scripts

Webpack is watching the files…

┌──────────────────────┐
│                      │
│    Started server    │
│    Watcher: On       │
│    Debugger: Off     │
│                      │
└──────────────────────┘
RDPServer constructor
Server start
server listening 
2018-01-21T17:47:37.957Z - [32minfo[39m: [32mserving app on http://127.0.0.1:3333[39m
Beqtsid1kcrJpYqkAAAA
Hash: a584760177f7e74478b9
Version: webpack 3.10.0
Time: 17325ms
   Asset    Size  Chunks                    Chunk Names
atail.js  439 kB       0  [emitted]  [big]  main
 app.css  156 kB       0  [emitted]         main
   [4] (webpack)/buildin/global.js 509 bytes {0} [built]
   [6] ./node_modules/babel-loader/lib!./node_modules/vue-loader/lib/selector.js?type=script&index=0!./resources/scripts/VueApp.vue 1.24 kB {0} [built]
 [129] multi ./resources/scripts/app.js ./resources/sass/app.scss 40 bytes {0} [built]
 [130] ./resources/scripts/app.js 957 bytes {0} [built]
 [135] ./resources/scripts/VueApp.vue 1.85 kB {0} [built]
 [136] ./node_modules/vue-style-loader!./node_modules/css-loader!./node_modules/vue-loader/lib/style-compiler?{"vue":true,"id":"data-v-521af954","scoped":false,"hasInlineConfig":false}!./node_modules/vue-loader/lib/selector.js?type=styles&index=0!./resources/scripts/VueApp.vue 1.58 kB {0} [built]
 [137] ./node_modules/css-loader!./node_modules/vue-loader/lib/style-compiler?{"vue":true,"id":"data-v-521af954","scoped":false,"hasInlineConfig":false}!./node_modules/vue-loader/lib/selector.js?type=styles&index=0!./resources/scripts/VueApp.vue 322 bytes {0} [built]
 [139] ./resources/scripts/tailview.vue 1.87 kB {0} [built]
 [140] ./node_modules/vue-style-loader!./node_modules/css-loader!./node_modules/vue-loader/lib/style-compiler?{"vue":true,"id":"data-v-e0c43fa4","scoped":true,"hasInlineConfig":false}!./node_modules/vue-loader/lib/selector.js?type=styles&index=0!./resources/scripts/tailview.vue 1.58 kB {0} [built]
 [143] ./resources/scripts/navbar.vue 1.86 kB {0} [built]
 [147] ./resources/scripts/channelList.vue 1.88 kB {0} [built]
 [151] ./node_modules/vue-loader/lib/template-compiler?{"id":"data-v-521af954","hasScoped":false,"buble":{"transforms":{}}}!./node_modules/vue-loader/lib/selector.js?type=template&index=0!./resources/scripts/VueApp.vue 1.23 kB {0} [built]
 [155] (webpack)/buildin/module.js 517 bytes {0} [built]
 [156] ./node_modules/moment/locale ^\.\/.*$ 2.88 kB {0} [optional] [built]
 [157] ./resources/sass/app.scss 41 bytes {0} [built]
    + 143 hidden modules
Child extract-text-webpack-plugin node_modules/extract-text-webpack-plugin/dist node_modules/css-loader/index.js?minimize!node_modules/sass-loader/lib/loader.js!resources/sass/app.scss:
       [0] ./node_modules/css-loader?minimize!./node_modules/sass-loader/lib/loader.js!./resources/sass/app.scss 156 kB {0} [built]
        + 1 hidden module
xt4fCxyro6ZDwPwuAAAB
Hash: e6c8490e128c8c7f5aec
Version: webpack 3.10.0
Time: 4805ms
   Asset    Size  Chunks                    Chunk Names
atail.js  439 kB       0  [emitted]  [big]  main
 app.css  156 kB       0  [emitted]         main
   [6] ./node_modules/babel-loader/lib!./node_modules/vue-loader/lib/selector.js?type=script&index=0!./resources/scripts/VueApp.vue 1.24 kB {0} [built]
   [7] ./node_modules/babel-loader/lib!./node_modules/vue-loader/lib/selector.js?type=script&index=0!./resources/scripts/tailview.vue 356 bytes {0} [built]
 [135] ./resources/scripts/VueApp.vue 1.85 kB {0} [built]
 [137] ./node_modules/css-loader!./node_modules/vue-loader/lib/style-compiler?{"vue":true,"id":"data-v-521af954","scoped":false,"hasInlineConfig":false}!./node_modules/vue-loader/lib/selector.js?type=styles&index=0!./resources/scripts/VueApp.vue 322 bytes {0} [built]
 [139] ./resources/scripts/tailview.vue 1.87 kB {0} [built]
 [141] ./node_modules/css-loader!./node_modules/vue-loader/lib/style-compiler?{"vue":true,"id":"data-v-e0c43fa4","scoped":true,"hasInlineConfig":false}!./node_modules/vue-loader/lib/selector.js?type=styles&index=0!./resources/scripts/tailview.vue 348 bytes {0} [built]
 [142] ./node_modules/vue-loader/lib/template-compiler?{"id":"data-v-e0c43fa4","hasScoped":true,"buble":{"transforms":{}}}!./node_modules/vue-loader/lib/selector.js?type=template&index=0!./resources/scripts/tailview.vue 905 bytes {0} [built]
 [151] ./node_modules/vue-loader/lib/template-compiler?{"id":"data-v-521af954","hasScoped":false,"buble":{"transforms":{}}}!./node_modules/vue-loader/lib/selector.js?type=template&index=0!./resources/scripts/VueApp.vue 1.23 kB {0} [built]
 [156] ./node_modules/moment/locale ^\.\/.*$ 2.88 kB {0} [optional] [built]
    + 149 hidden modules
{"channel":"cross-platform-transmitter-override","line":"> adonis-fullstack-app@4.0.0 dev C:\\Users\\Andrea\\Desktop\\Dev\\atail-server","timestamp":1516556912451}
{"channel":"cross-platform-transmitter-override","line":"> webpack --watch","timestamp":1516556912451}
{"channel":"cross-platform-transmitter-override","line":"Executing pre-build scripts","timestamp":1516556912451}
{"channel":"cross-platform-transmitter-override","line":"Webpack is watching the files…","timestamp":1516556912451}
{"channel":"cross-platform-transmitter-override","line":"┌──────────────────────┐","timestamp":1516556912451}
{"channel":"cross-platform-transmitter-override","line":"│                      │","timestamp":1516556912451}
{"channel":"cross-platform-transmitter-override","line":"│    Started server    │","timestamp":1516556912451}
{"channel":"cross-platform-transmitter-override","line":"│    Watcher: On       │","timestamp":1516556912451}
{"channel":"cross-platform-transmitter-override","line":"│    Debugger: Off     │","timestamp":1516556912451}
{"channel":"cross-platform-transmitter-override","line":"│                      │","timestamp":1516556912451}
{"channel":"cross-platform-transmitter-override","line":"└──────────────────────┘","timestamp":1516556912451}
{"channel":"cross-platform-transmitter-override","line":"RDPServer constructor","timestamp":1516556912451}
{"channel":"cross-platform-transmitter-override","line":"Server start","timestamp":1516556912451}
{"channel":"cross-platform-transmitter-override","line":"server listening ","timestamp":1516556912451}
{"channel":"cross-platform-transmitter-override","line":"2018-01-21T17:47:37.957Z - \u001b[32minfo\u001b[39m: \u001b[32mserving app on http://127.0.0.1:3333\u001b[39m","timestamp":1516556912451}
{"channel":"cross-platform-transmitter-override","line":"Beqtsid1kcrJpYqkAAAA","timestamp":1516556912451}
{"channel":"cross-platform-transmitter-override","line":"Hash: a584760177f7e74478b9","timestamp":1516556912451}
{"channel":"cross-platform-transmitter-override","line":"Version: webpack 3.10.0","timestamp":1516556912451}
{"channel":"cross-platform-transmitter-override","line":"Time: 17325ms","timestamp":1516556912451}
{"channel":"cross-platform-transmitter-override","line":"   Asset    Size  Chunks                    Chunk Names","timestamp":1516556912451}
{"channel":"cross-platform-transmitter-override","line":"atail.js  439 kB       0  [emitted]  [big]  main","timestamp":1516556912451}
{"channel":"cross-platform-transmitter-override","line":" app.css  156 kB       0  [emitted]         main","timestamp":1516556912451}
{"channel":"cross-platform-transmitter-override","line":"   [4] (webpack)/buildin/global.js 509 bytes {0} [built]","timestamp":1516556912451}
{"channel":"cross-platform-transmitter-override","line":"   [6] ./node_modules/babel-loader/lib!./node_modules/vue-loader/lib/selector.js?type=script&index=0!./resources/scripts/VueApp.vue 1.24 kB {0} [built]","timestamp":1516556912451}
{"channel":"cross-platform-transmitter-override","line":" [129] multi ./resources/scripts/app.js ./resources/sass/app.scss 40 bytes {0} [built]","timestamp":1516556912451}
{"channel":"cross-platform-transmitter-override","line":" [130] ./resources/scripts/app.js 957 bytes {0} [built]","timestamp":1516556912451}
{"channel":"cross-platform-transmitter-override","line":" [135] ./resources/scripts/VueApp.vue 1.85 kB {0} [built]","timestamp":1516556912451}
{"channel":"cross-platform-transmitter-override","line":" [136] ./node_modules/vue-style-loader!./node_modules/css-loader!./node_modules/vue-loader/lib/style-compiler?{\"vue\":true,\"id\":\"data-v-521af954\",\"scoped\":false,\"hasInlineConfig\":false}!./node_modules/vue-loader/lib/selector.js?type=styles&index=0!./resources/scripts/VueApp.vue 1.58 kB {0} [built]","timestamp":1516556912451}
{"channel":"cross-platform-transmitter-override","line":" [137] ./node_modules/css-loader!./node_modules/vue-loader/lib/style-compiler?{\"vue\":true,\"id\":\"data-v-521af954\",\"scoped\":false,\"hasInlineConfig\":false}!./node_modules/vue-loader/lib/selector.js?type=styles&index=0!./resources/scripts/VueApp.vue 322 bytes {0} [built]","timestamp":1516556912451}
{"channel":"cross-platform-transmitter-override","line":" [139] ./resources/scripts/tailview.vue 1.87 kB {0} [built]","timestamp":1516556912451}
{"channel":"cross-platform-transmitter-override","line":" [140] ./node_modules/vue-style-loader!./node_modules/css-loader!./node_modules/vue-loader/lib/style-compiler?{\"vue\":true,\"id\":\"data-v-e0c43fa4\",\"scoped\":true,\"hasInlineConfig\":false}!./node_modules/vue-loader/lib/selector.js?type=styles&index=0!./resources/scripts/tailview.vue 1.58 kB {0} [built]","timestamp":1516556912452}
{"channel":"cross-platform-transmitter-override","line":" [143] ./resources/scripts/navbar.vue 1.86 kB {0} [built]","timestamp":1516556912452}
{"channel":"cross-platform-transmitter-override","line":" [147] ./resources/scripts/channelList.vue 1.88 kB {0} [built]","timestamp":1516556912452}
{"channel":"cross-platform-transmitter-override","line":" [151] ./node_modules/vue-loader/lib/template-compiler?{\"id\":\"data-v-521af954\",\"hasScoped\":false,\"buble\":{\"transforms\":{}}}!./node_modules/vue-loader/lib/selector.js?type=template&index=0!./resources/scripts/VueApp.vue 1.23 kB {0} [built]","timestamp":1516556912452}
{"channel":"cross-platform-transmitter-override","line":" [155] (webpack)/buildin/module.js 517 bytes {0} [built]","timestamp":1516556912452}
{"channel":"cross-platform-transmitter-override","line":" [156] ./node_modules/moment/locale ^\\.\\/.*$ 2.88 kB {0} [optional] [built]","timestamp":1516556912452}
{"channel":"cross-platform-transmitter-override","line":" [157] ./resources/sass/app.scss 41 bytes {0} [built]","timestamp":1516556912452}
{"channel":"cross-platform-transmitter-override","line":"    + 143 hidden modules","timestamp":1516556912452}
{"channel":"cross-platform-transmitter-override","line":"Child extract-text-webpack-plugin node_modules/extract-text-webpack-plugin/dist node_modules/css-loader/index.js?minimize!node_modules/sass-loader/lib/loader.js!resources/sass/app.scss:","timestamp":1516556912452}
{"channel":"cross-platform-transmitter-override","line":"       [0] ./node_modules/css-loader?minimize!./node_modules/sass-loader/lib/loader.js!./resources/sass/app.scss 156 kB {0} [built]","timestamp":1516556912452}
{"channel":"cross-platform-transmitter-override","line":"        + 1 hidden module","timestamp":1516556912452}
{"channel":"cross-platform-transmitter-override","line":"xt4fCxyro6ZDwPwuAAAB","timestamp":1516556912452}
{"channel":"cross-platform-transmitter-override","line":"Hash: e6c8490e128c8c7f5aec","timestamp":1516556912452}
{"channel":"cross-platform-transmitter-override","line":"Version: webpack 3.10.0","timestamp":1516556912452}
{"channel":"cross-platform-transmitter-override","line":"Time: 4805ms","timestamp":1516556912452}
{"channel":"cross-platform-transmitter-override","line":"   Asset    Size  Chunks                    Chunk Names","timestamp":1516556912452}
{"channel":"cross-platform-transmitter-override","line":"atail.js  439 kB       0  [emitted]  [big]  main","timestamp":1516556912452}
{"channel":"cross-platform-transmitter-override","line":" app.css  156 kB       0  [emitted]         main","timestamp":1516556912452}
{"channel":"cross-platform-transmitter-override","line":"   [6] ./node_modules/babel-loader/lib!./node_modules/vue-loader/lib/selector.js?type=script&index=0!./resources/scripts/VueApp.vue 1.24 kB {0} [built]","timestamp":1516556912452}
{"channel":"cross-platform-transmitter-override","line":"   [7] ./node_modules/babel-loader/lib!./node_modules/vue-loader/lib/selector.js?type=script&index=0!./resources/scripts/tailview.vue 356 bytes {0} [built]","timestamp":1516556912452}
{"channel":"cross-platform-transmitter-override","line":" [135] ./resources/scripts/VueApp.vue 1.85 kB {0} [built]","timestamp":1516556912452}
{"channel":"cross-platform-transmitter-override","line":" [137] ./node_modules/css-loader!./node_modules/vue-loader/lib/style-compiler?{\"vue\":true,\"id\":\"data-v-521af954\",\"scoped\":false,\"hasInlineConfig\":false}!./node_modules/vue-loader/lib/selector.js?type=styles&index=0!./resources/scripts/VueApp.vue 322 bytes {0} [built]","timestamp":1516556912452}
{"channel":"cross-platform-transmitter-override","line":" [139] ./resources/scripts/tailview.vue 1.87 kB {0} [built]","timestamp":1516556912452}
{"channel":"cross-platform-transmitter-override","line":" [141] ./node_modules/css-loader!./node_modules/vue-loader/lib/style-compiler?{\"vue\":true,\"id\":\"data-v-e0c43fa4\",\"scoped\":true,\"hasInlineConfig\":false}!./node_modules/vue-loader/lib/selector.js?type=styles&index=0!./resources/scripts/tailview.vue 348 bytes {0} [built]","timestamp":1516556912452}
{"channel":"cross-platform-transmitter-override","line":" [142] ./node_modules/vue-loader/lib/template-compiler?{\"id\":\"data-v-e0c43fa4\",\"hasScoped\":true,\"buble\":{\"transforms\":{}}}!./node_modules/vue-loader/lib/selector.js?type=template&index=0!./resources/scripts/tailview.vue 905 bytes {0} [built]","timestamp":1516556912452}
{"channel":"cross-platform-transmitter-override","line":" [151] ./node_modules/vue-loader/lib/template-compiler?{\"id\":\"data-v-521af954\",\"hasScoped\":false,\"buble\":{\"transforms\":{}}}!./node_modules/vue-loader/lib/selector.js?type=template&index=0!./resources/scripts/VueApp.vue 1.23 kB {0} [built]","timestamp":1516556912452}
{"channel":"cross-platform-transmitter-override","line":" [156] ./node_modules/moment/locale ^\\.\\/.*$ 2.88 kB {0} [optional] [built]","timestamp":1516556912452}
{"channel":"cross-platform-transmitter-override","line":"    + 149 hidden modules","timestamp":1516556912452}
{"channel":"cross-platform-transmitter-override","line":"{\"channel\":\"cross-platform-transmitter-override\",\"line\":\"> adonis-fullstack-app@4.0.0 dev C:\\\\Users\\\\Andrea\\\\Desktop\\\\Dev\\\\atail-server\",\"timestamp\":1516556912451}","timestamp":1516556913178}
{"channel":"cross-platform-transmitter-override","line":"{\"channel\":\"cross-platform-transmitter-override\",\"line\":\"> webpack --watch\",\"timestamp\":1516556912451}","timestamp":1516556913178}
{"channel":"cross-platform-transmitter-override","line":"{\"channel\":\"cross-platform-transmitter-override\",\"line\":\"Executing pre-build scripts\",\"timestamp\":1516556912451}","timestamp":1516556913178}
{"channel":"cross-platform-transmitter-override","line":"{\"channel\":\"cross-platform-transmitter-override\",\"line\":\"Webpack is watching the files…\",\"timestamp\":1516556912451}","timestamp":1516556913178}
{"channel":"cross-platform-transmitter-override","line":"{\"channel\":\"cross-platform-transmitter-override\",\"line\":\"┌──────────────────────┐\",\"timestamp\":1516556912451}","timestamp":1516556913178}
{"channel":"cross-platform-transmitter-override","line":"{\"channel\":\"cross-platform-transmitter-override\",\"line\":\"│                      │\",\"timestamp\":1516556912451}","timestamp":1516556913178}
{"channel":"cross-platform-transmitter-override","line":"{\"channel\":\"cross-platform-transmitter-override\",\"line\":\"│    Started server    │\",\"timestamp\":1516556912451}","timestamp":1516556913178}
{"channel":"cross-platform-transmitter-override","line":"{\"channel\":\"cross-platform-transmitter-override\",\"line\":\"│    Watcher: On       │\",\"timestamp\":1516556912451}","timestamp":1516556913178}
{"channel":"cross-platform-transmitter-override","line":"{\"channel\":\"cross-platform-transmitter-override\",\"line\":\"│    Debugger: Off     │\",\"timestamp\":1516556912451}","timestamp":1516556913178}
{"channel":"cross-platform-transmitter-override","line":"{\"channel\":\"cross-platform-transmitter-override\",\"line\":\"│                      │\",\"timestamp\":1516556912451}","timestamp":1516556913178}
{"channel":"cross-platform-transmitter-override","line":"{\"channel\":\"cross-platform-transmitter-override\",\"line\":\"└──────────────────────┘\",\"timestamp\":1516556912451}","timestamp":1516556913178}
{"channel":"cross-platform-transmitter-override","line":"{\"channel\":\"cross-platform-transmitter-override\",\"line\":\"RDPServer constructor\",\"timestamp\":1516556912451}","timestamp":1516556913178}
{"channel":"cross-platform-transmitter-override","line":"{\"channel\":\"cross-platform-transmitter-override\",\"line\":\"Server start\",\"timestamp\":1516556912451}","timestamp":1516556913178}
{"channel":"cross-platform-transmitter-override","line":"{\"channel\":\"cross-platform-transmitter-override\",\"line\":\"server listening \",\"timestamp\":1516556912451}","timestamp":1516556913178}
{"channel":"cross-platform-transmitter-override","line":"{\"channel\":\"cross-platform-transmitter-override\",\"line\":\"2018-01-21T17:47:37.957Z - \\u001b[32minfo\\u001b[39m: \\u001b[32mserving app on http://127.0.0.1:3333\\u001b[39m\",\"timestamp\":1516556912451}","timestamp":1516556913178}
{"channel":"cross-platform-transmitter-override","line":"{\"channel\":\"cross-platform-transmitter-override\",\"line\":\"Beqtsid1kcrJpYqkAAAA\",\"timestamp\":1516556912451}","timestamp":1516556913178}
{"channel":"cross-platform-transmitter-override","line":"{\"channel\":\"cross-platform-transmitter-override\",\"line\":\"Hash: a584760177f7e74478b9\",\"timestamp\":1516556912451}","timestamp":1516556913178}
{"channel":"cross-platform-transmitter-override","line":"{\"channel\":\"cross-platform-transmitter-override\",\"line\":\"Version: webpack 3.10.0\",\"timestamp\":1516556912451}","timestamp":1516556913178}
{"channel":"cross-platform-transmitter-override","line":"{\"channel\":\"cross-platform-transmitter-override\",\"line\":\"Time: 17325ms\",\"timestamp\":1516556912451}","timestamp":1516556913178}
{"channel":"cross-platform-transmitter-override","line":"{\"channel\":\"cross-platform-transmitter-override\",\"line\":\"   Asset    Size  Chunks                    Chunk Names\",\"timestamp\":1516556912451}","timestamp":1516556913178}
{"channel":"cross-platform-transmitter-override","line":"{\"channel\":\"cross-platform-transmitter-override\",\"line\":\"atail.js  439 kB       0  [emitted]  [big]  main\",\"timestamp\":1516556912451}","timestamp":1516556913178}
{"channel":"cross-platform-transmitter-override","line":"{\"channel\":\"cross-platform-transmitter-override\",\"line\":\" app.css  156 kB       0  [emitted]         main\",\"timestamp\":1516556912451}","timestamp":1516556913178}
{"channel":"cross-platform-transmitter-override","line":"{\"channel\":\"cross-platform-transmitter-override\",\"line\":\"   [4] (webpack)/buildin/global.js 509 bytes {0} [built]\",\"timestamp\":1516556912451}","timestamp":1516556913179}
{"channel":"cross-platform-transmitter-override","line":"{\"channel\":\"cross-platform-transmitter-override\",\"line\":\"   [6] ./node_modules/babel-loader/lib!./node_modules/vue-loader/lib/selector.js?type=script&index=0!./resources/scripts/VueApp.vue 1.24 kB {0} [built]\",\"timestamp\":1516556912451}","timestamp":1516556913179}
{"channel":"cross-platform-transmitter-override","line":"{\"channel\":\"cross-platform-transmitter-override\",\"line\":\" [129] multi ./resources/scripts/app.js ./resources/sass/app.scss 40 bytes {0} [built]\",\"timestamp\":1516556912451}","timestamp":1516556913179}
{"channel":"cross-platform-transmitter-override","line":"{\"channel\":\"cross-platform-transmitter-override\",\"line\":\" [130] ./resources/scripts/app.js 957 bytes {0} [built]\",\"timestamp\":1516556912451}","timestamp":1516556913179}
{"channel":"cross-platform-transmitter-override","line":"{\"channel\":\"cross-platform-transmitter-override\",\"line\":\" [135] ./resources/scripts/VueApp.vue 1.85 kB {0} [built]\",\"timestamp\":1516556912451}","timestamp":1516556913179}
{"channel":"cross-platform-transmitter-override","line":"{\"channel\":\"cross-platform-transmitter-override\",\"line\":\" [136] ./node_modules/vue-style-loader!./node_modules/css-loader!./node_modules/vue-loader/lib/style-compiler?{\\\"vue\\\":true,\\\"id\\\":\\\"data-v-521af954\\\",\\\"scoped\\\":false,\\\"hasInlineConfig\\\":false}!./node_modules/vue-loader/lib/selector.js?type=styles&index=0!./resources/scripts/VueApp.vue 1.58 kB {0} [built]\",\"timestamp\":1516556912451}","timestamp":1516556913179}
{"channel":"cross-platform-transmitter-override","line":"{\"channel\":\"cross-platform-transmitter-override\",\"line\":\" [137] ./node_modules/css-loader!./node_modules/vue-loader/lib/style-compiler?{\\\"vue\\\":true,\\\"id\\\":\\\"data-v-521af954\\\",\\\"scoped\\\":false,\\\"hasInlineConfig\\\":false}!./node_modules/vue-loader/lib/selector.js?type=styles&index=0!./resources/scripts/VueApp.vue 322 bytes {0} [built]\",\"timestamp\":1516556912451}","timestamp":1516556913179}
{"channel":"cross-platform-transmitter-override","line":"{\"channel\":\"cross-platform-transmitter-override\",\"line\":\" [139] ./resources/scripts/tailview.vue 1.87 kB {0} [built]\",\"timestamp\":1516556912451}","timestamp":1516556913179}
{"channel":"cross-platform-transmitter-override","line":"{\"channel\":\"cross-platform-transmitter-override\",\"line\":\" [140] ./node_modules/vue-style-loader!./node_modules/css-loader!./node_modules/vue-loader/lib/style-compiler?{\\\"vue\\\":true,\\\"id\\\":\\\"data-v-e0c43fa4\\\",\\\"scoped\\\":true,\\\"hasInlineConfig\\\":false}!./node_modules/vue-loader/lib/selector.js?type=styles&index=0!./resources/scripts/tailview.vue 1.58 kB {0} [built]\",\"timestamp\":1516556912452}","timestamp":1516556913179}
{"channel":"cross-platform-transmitter-override","line":"{\"channel\":\"cross-platform-transmitter-override\",\"line\":\" [143] ./resources/scripts/navbar.vue 1.86 kB {0} [built]\",\"timestamp\":1516556912452}","timestamp":1516556913179}
{"channel":"cross-platform-transmitter-override","line":"{\"channel\":\"cross-platform-transmitter-override\",\"line\":\" [147] ./resources/scripts/channelList.vue 1.88 kB {0} [built]\",\"timestamp\":1516556912452}","timestamp":1516556913179}
{"channel":"cross-platform-transmitter-override","line":"{\"channel\":\"cross-platform-transmitter-override\",\"line\":\" [151] ./node_modules/vue-loader/lib/template-compiler?{\\\"id\\\":\\\"data-v-521af954\\\",\\\"hasScoped\\\":false,\\\"buble\\\":{\\\"transforms\\\":{}}}!./node_modules/vue-loader/lib/selector.js?type=template&index=0!./resources/scripts/VueApp.vue 1.23 kB {0} [built]\",\"timestamp\":1516556912452}","timestamp":1516556913179}
{"channel":"cross-platform-transmitter-override","line":"{\"channel\":\"cross-platform-transmitter-override\",\"line\":\" [155] (webpack)/buildin/module.js 517 bytes {0} [built]\",\"timestamp\":1516556912452}","timestamp":1516556913179}
{"channel":"cross-platform-transmitter-override","line":"{\"channel\":\"cross-platform-transmitter-override\",\"line\":\" [156] ./node_modules/moment/locale ^\\\\.\\\\/.*$ 2.88 kB {0} [optional] [built]\",\"timestamp\":1516556912452}","timestamp":1516556913179}
{"channel":"cross-platform-transmitter-override","line":"{\"channel\":\"cross-platform-transmitter-override\",\"line\":\" [157] ./resources/sass/app.scss 41 bytes {0} [built]\",\"timestamp\":1516556912452}","timestamp":1516556913179}
{"channel":"cross-platform-transmitter-override","line":"{\"channel\":\"cross-platform-transmitter-override\",\"line\":\"    + 143 hidden modules\",\"timestamp\":1516556912452}","timestamp":1516556913179}
{"channel":"cross-platform-transmitter-override","line":"{\"channel\":\"cross-platform-transmitter-override\",\"line\":\"Child extract-text-webpack-plugin node_modules/extract-text-webpack-plugin/dist node_modules/css-loader/index.js?minimize!node_modules/sass-loader/lib/loader.js!resources/sass/app.scss:\",\"timestamp\":1516556912452}","timestamp":1516556913179}
{"channel":"cross-platform-transmitter-override","line":"{\"channel\":\"cross-platform-transmitter-override\",\"line\":\"       [0] ./node_modules/css-loader?minimize!./node_modules/sass-loader/lib/loader.js!./resources/sass/app.scss 156 kB {0} [built]\",\"timestamp\":1516556912452}","timestamp":1516556913179}
{"channel":"cross-platform-transmitter-override","line":"{\"channel\":\"cross-platform-transmitter-override\",\"line\":\"        + 1 hidden module\",\"timestamp\":1516556912452}","timestamp":1516556913179}
{"channel":"cross-platform-transmitter-override","line":"{\"channel\":\"cross-platform-transmitter-override\",\"line\":\"xt4fCxyro6ZDwPwuAAAB\",\"timestamp\":1516556912452}","timestamp":1516556913179}
{"channel":"cross-platform-transmitter-override","line":"{\"channel\":\"cross-platform-transmitter-override\",\"line\":\"Hash: e6c8490e128c8c7f5aec\",\"timestamp\":1516556912452}","timestamp":1516556913179}
{"channel":"cross-platform-transmitter-override","line":"{\"channel\":\"cross-platform-transmitter-override\",\"line\":\"Version: webpack 3.10.0\",\"timestamp\":1516556912452}","timestamp":1516556913179}
{"channel":"cross-platform-transmitter-override","line":"{\"channel\":\"cross-platform-transmitter-override\",\"line\":\"Time: 4805ms\",\"timestamp\":1516556912452}","timestamp":1516556913179}
{"channel":"cross-platform-transmitter-override","line":"{\"channel\":\"cross-platform-transmitter-override\",\"line\":\"   Asset    Size  Chunks                    Chunk Names\",\"timestamp\":1516556912452}","timestamp":1516556913179}
{"channel":"cross-platform-transmitter-override","line":"{\"channel\":\"cross-platform-transmitter-override\",\"line\":\"atail.js  439 kB       0  [emitted]  [big]  main\",\"timestamp\":1516556912452}","timestamp":1516556913179}
{"channel":"cross-platform-transmitter-override","line":"{\"channel\":\"cross-platform-transmitter-override\",\"line\":\" app.css  156 kB       0  [emitted]         main\",\"timestamp\":1516556912452}","timestamp":1516556913179}
{"channel":"cross-platform-transmitter-override","line":"{\"channel\":\"cross-platform-transmitter-override\",\"line\":\"   [6] ./node_modules/babel-loader/lib!./node_modules/vue-loader/lib/selector.js?type=script&index=0!./resources/scripts/VueApp.vue 1.24 kB {0} [built]\",\"timestamp\":1516556912452}","timestamp":1516556913179}
{"channel":"cross-platform-transmitter-override","line":"{\"channel\":\"cross-platform-transmitter-override\",\"line\":\"   [7] ./node_modules/babel-loader/lib!./node_modules/vue-loader/lib/selector.js?type=script&index=0!./resources/scripts/tailview.vue 356 bytes {0} [built]\",\"timestamp\":1516556912452}","timestamp":1516556913179}
{"channel":"cross-platform-transmitter-override","line":"{\"channel\":\"cross-platform-transmitter-override\",\"line\":\" [135] ./resources/scripts/VueApp.vue 1.85 kB {0} [built]\",\"timestamp\":1516556912452}","timestamp":1516556913179}
{"channel":"cross-platform-transmitter-override","line":"{\"channel\":\"cross-platform-transmitter-override\",\"line\":\" [137] ./node_modules/css-loader!./node_modules/vue-loader/lib/style-compiler?{\\\"vue\\\":true,\\\"id\\\":\\\"data-v-521af954\\\",\\\"scoped\\\":false,\\\"hasInlineConfig\\\":false}!./node_modules/vue-loader/lib/selector.js?type=styles&index=0!./resources/scripts/VueApp.vue 322 bytes {0} [built]\",\"timestamp\":1516556912452}","timestamp":1516556913179}
{"channel":"cross-platform-transmitter-override","line":"{\"channel\":\"cross-platform-transmitter-override\",\"line\":\" [139] ./resources/scripts/tailview.vue 1.87 kB {0} [built]\",\"timestamp\":1516556912452}","timestamp":1516556913179}
{"channel":"cross-platform-transmitter-override","line":"{\"channel\":\"cross-platform-transmitter-override\",\"line\":\" [141] ./node_modules/css-loader!./node_modules/vue-loader/lib/style-compiler?{\\\"vue\\\":true,\\\"id\\\":\\\"data-v-e0c43fa4\\\",\\\"scoped\\\":true,\\\"hasInlineConfig\\\":false}!./node_modules/vue-loader/lib/selector.js?type=styles&index=0!./resources/scripts/tailview.vue 348 bytes {0} [built]\",\"timestamp\":1516556912452}","timestamp":1516556913179}
{"channel":"cross-platform-transmitter-override","line":"{\"channel\":\"cross-platform-transmitter-override\",\"line\":\" [142] ./node_modules/vue-loader/lib/template-compiler?{\\\"id\\\":\\\"data-v-e0c43fa4\\\",\\\"hasScoped\\\":true,\\\"buble\\\":{\\\"transforms\\\":{}}}!./node_modules/vue-loader/lib/selector.js?type=template&index=0!./resources/scripts/tailview.vue 905 bytes {0} [built]\",\"timestamp\":1516556912452}","timestamp":1516556913179}
{"channel":"cross-platform-transmitter-override","line":"{\"channel\":\"cross-platform-transmitter-override\",\"line\":\" [151] ./node_modules/vue-loader/lib/template-compiler?{\\\"id\\\":\\\"data-v-521af954\\\",\\\"hasScoped\\\":false,\\\"buble\\\":{\\\"transforms\\\":{}}}!./node_modules/vue-loader/lib/selector.js?type=template&index=0!./resources/scripts/VueApp.vue 1.23 kB {0} [built]\",\"timestamp\":1516556912452}","timestamp":1516556913179}
{"channel":"cross-platform-transmitter-override","line":"{\"channel\":\"cross-platform-transmitter-override\",\"line\":\" [156] ./node_modules/moment/locale ^\\\\.\\\\/.*$ 2.88 kB {0} [optional] [built]\",\"timestamp\":1516556912452}","timestamp":1516556913179}
{"channel":"cross-platform-transmitter-override","line":"{\"channel\":\"cross-platform-transmitter-override\",\"line\":\"    + 149 hidden modules\",\"timestamp\":1516556912452}","timestamp":1516556913179}
{"channel":"cross-platform-transmitter-override","line":"{\"channel\":\"cross-platform-transmitter-override\",\"line\":\"{\\\"channel\\\":\\\"cross-platform-transmitter-override\\\",\\\"line\\\":\\\"> adonis-fullstack-app@4.0.0 dev C:\\\\\\\\Users\\\\\\\\Andrea\\\\\\\\Desktop\\\\\\\\Dev\\\\\\\\atail-server\\\",\\\"timestamp\\\":1516556912451}\",\"timestamp\":1516556913178}","timestamp":1516556914183}
{"channel":"cross-platform-transmitter-override","line":"{\"channel\":\"cross-platform-transmitter-override\",\"line\":\"{\\\"channel\\\":\\\"cross-platform-transmitter-override\\\",\\\"line\\\":\\\"> webpack --watch\\\",\\\"timestamp\\\":1516556912451}\",\"timestamp\":1516556913178}","timestamp":1516556914183}
{"channel":"cross-platform-transmitter-override","line":"{\"channel\":\"cross-platform-transmitter-override\",\"line\":\"{\\\"channel\\\":\\\"cross-platform-transmitter-override\\\",\\\"line\\\":\\\"Executing pre-build scripts\\\",\\\"timestamp\\\":1516556912451}\",\"timestamp\":1516556913178}","timestamp":1516556914183}
{"channel":"cross-platform-transmitter-override","line":"{\"channel\":\"cross-platform-transmitter-override\",\"line\":\"{\\\"channel\\\":\\\"cross-platform-transmitter-override\\\",\\\"line\\\":\\\"Webpack is watching the files…\\\",\\\"timestamp\\\":1516556912451}\",\"timestamp\":1516556913178}","timestamp":1516556914183}
{"channel":"cross-platform-transmitter-override","line":"{\"channel\":\"cross-platform-transmitter-override\",\"line\":\"{\\\"channel\\\":\\\"cross-platform-transmitter-override\\\",\\\"line\\\":\\\"┌──────────────────────┐\\\",\\\"timestamp\\\":1516556912451}\",\"timestamp\":1516556913178}","timestamp":1516556914183}
{"channel":"cross-platform-transmitter-override","line":"{\"channel\":\"cross-platform-transmitter-override\",\"line\":\"{\\\"channel\\\":\\\"cross-platform-transmitter-override\\\",\\\"line\\\":\\\"│                      │\\\",\\\"timestamp\\\":1516556912451}\",\"timestamp\":1516556913178}","timestamp":1516556914183}
{"channel":"cross-platform-transmitter-override","line":"{\"channel\":\"cross-platform-transmitter-override\",\"line\":\"{\\\"channel\\\":\\\"cross-platform-transmitter-override\\\",\\\"line\\\":\\\"│    Started server    │\\\",\\\"timestamp\\\":1516556912451}\",\"timestamp\":1516556913178}","timestamp":1516556914184}
{"channel":"cross-platform-transmitter-override","line":"{\"channel\":\"cross-platform-transmitter-override\",\"line\":\"{\\\"channel\\\":\\\"cross-platform-transmitter-override\\\",\\\"line\\\":\\\"│    Watcher: On       │\\\",\\\"timestamp\\\":1516556912451}\",\"timestamp\":1516556913178}","timestamp":1516556914184}
{"channel":"cross-platform-transmitter-override","line":"{\"channel\":\"cross-platform-transmitter-override\",\"line\":\"{\\\"channel\\\":\\\"cross-platform-transmitter-override\\\",\\\"line\\\":\\\"│    Debugger: Off     │\\\",\\\"timestamp\\\":1516556912451}\",\"timestamp\":1516556913178}","timestamp":1516556914184}
{"channel":"cross-platform-transmitter-override","line":"{\"channel\":\"cross-platform-transmitter-override\",\"line\":\"{\\\"channel\\\":\\\"cross-platform-transmitter-override\\\",\\\"line\\\":\\\"│                      │\\\",\\\"timestamp\\\":1516556912451}\",\"timestamp\":1516556913178}","timestamp":1516556914184}
{"channel":"cross-platform-transmitter-override","line":"{\"channel\":\"cross-platform-transmitter-override\",\"line\":\"{\\\"channel\\\":\\\"cross-platform-transmitter-override\\\",\\\"line\\\":\\\"└──────────────────────┘\\\",\\\"timestamp\\\":1516556912451}\",\"timestamp\":1516556913178}","timestamp":1516556914184}
{"channel":"cross-platform-transmitter-override","line":"{\"channel\":\"cross-platform-transmitter-override\",\"line\":\"{\\\"channel\\\":\\\"cross-platform-transmitter-override\\\",\\\"line\\\":\\\"RDPServer constructor\\\",\\\"timestamp\\\":1516556912451}\",\"timestamp\":1516556913178}","timestamp":1516556914184}
{"channel":"cross-platform-transmitter-override","line":"{\"channel\":\"cross-platform-transmitter-override\",\"line\":\"{\\\"channel\\\":\\\"cross-platform-transmitter-override\\\",\\\"line\\\":\\\"Server start\\\",\\\"timestamp\\\":1516556912451}\",\"timestamp\":1516556913178}","timestamp":1516556914184}
{"channel":"cross-platform-transmitter-override","line":"{\"channel\":\"cross-platform-transmitter-override\",\"line\":\"{\\\"channel\\\":\\\"cross-platform-transmitter-override\\\",\\\"line\\\":\\\"server listening \\\",\\\"timestamp\\\":1516556912451}\",\"timestamp\":1516556913178}","timestamp":1516556914184}
{"channel":"cross-platform-transmitter-override","line":"{\"channel\":\"cross-platform-transmitter-override\",\"line\":\"{\\\"channel\\\":\\\"cross-platform-transmitter-override\\\",\\\"line\\\":\\\"2018-01-21T17:47:37.957Z - \\\\u001b[32minfo\\\\u001b[39m: \\\\u001b[32mserving app on http://127.0.0.1:3333\\\\u001b[39m\\\",\\\"timestamp\\\":1516556912451}\",\"timestamp\":1516556913178}","timestamp":1516556914184}
{"channel":"cross-platform-transmitter-override","line":"{\"channel\":\"cross-platform-transmitter-override\",\"line\":\"{\\\"channel\\\":\\\"cross-platform-transmitter-override\\\",\\\"line\\\":\\\"Beqtsid1kcrJpYqkAAAA\\\",\\\"timestamp\\\":1516556912451}\",\"timestamp\":1516556913178}","timestamp":1516556914184}
{"channel":"cross-platform-transmitter-override","line":"{\"channel\":\"cross-platform-transmitter-override\",\"line\":\"{\\\"channel\\\":\\\"cross-platform-transmitter-override\\\",\\\"line\\\":\\\"Hash: a584760177f7e74478b9\\\",\\\"timestamp\\\":1516556912451}\",\"timestamp\":1516556913178}","timestamp":1516556914184}
{"channel":"cross-platform-transmitter-override","line":"{\"channel\":\"cross-platform-transmitter-override\",\"line\":\"{\\\"channel\\\":\\\"cross-platform-transmitter-override\\\",\\\"line\\\":\\\"Version: webpack 3.10.0\\\",\\\"timestamp\\\":1516556912451}\",\"timestamp\":1516556913178}","timestamp":1516556914184}
{"channel":"cross-platform-transmitter-override","line":"{\"channel\":\"cross-platform-transmitter-override\",\"line\":\"{\\\"channel\\\":\\\"cross-platform-transmitter-override\\\",\\\"line\\\":\\\"Time: 17325ms\\\",\\\"timestamp\\\":1516556912451}\",\"timestamp\":1516556913178}","timestamp":1516556914184}
{"channel":"cross-platform-transmitter-override","line":"{\"channel\":\"cross-platform-transmitter-override\",\"line\":\"{\\\"channel\\\":\\\"cross-platform-transmitter-override\\\",\\\"line\\\":\\\"   Asset    Size  Chunks                    Chunk Names\\\",\\\"timestamp\\\":1516556912451}\",\"timestamp\":1516556913178}","timestamp":1516556914184}
{"channel":"cross-platform-transmitter-override","line":"{\"channel\":\"cross-platform-transmitter-override\",\"line\":\"{\\\"channel\\\":\\\"cross-platform-transmitter-override\\\",\\\"line\\\":\\\"atail.js  439 kB       0  [emitted]  [big]  main\\\",\\\"timestamp\\\":1516556912451}\",\"timestamp\":1516556913178}","timestamp":1516556914184}
{"channel":"cross-platform-transmitter-override","line":"{\"channel\":\"cross-platform-transmitter-override\",\"line\":\"{\\\"channel\\\":\\\"cross-platform-transmitter-override\\\",\\\"line\\\":\\\" app.css  156 kB       0  [emitted]         main\\\",\\\"timestamp\\\":1516556912451}\",\"timestamp\":1516556913178}","timestamp":1516556914184}
{"channel":"cross-platform-transmitter-override","line":"{\"channel\":\"cross-platform-transmitter-override\",\"line\":\"{\\\"channel\\\":\\\"cross-platform-transmitter-override\\\",\\\"line\\\":\\\"   [4] (webpack)/buildin/global.js 509 bytes {0} [built]\\\",\\\"timestamp\\\":1516556912451}\",\"timestamp\":1516556913179}","timestamp":1516556914184}
{"channel":"cross-platform-transmitter-override","line":"{\"channel\":\"cross-platform-transmitter-override\",\"line\":\"{\\\"channel\\\":\\\"cross-platform-transmitter-override\\\",\\\"line\\\":\\\"   [6] ./node_modules/babel-loader/lib!./node_modules/vue-loader/lib/selector.js?type=script&index=0!./resources/scripts/VueApp.vue 1.24 kB {0} [built]\\\",\\\"timestamp\\\":1516556912451}\",\"timestamp\":1516556913179}","timestamp":1516556914184}
{"channel":"cross-platform-transmitter-override","line":"{\"channel\":\"cross-platform-transmitter-override\",\"line\":\"{\\\"channel\\\":\\\"cross-platform-transmitter-override\\\",\\\"line\\\":\\\" [129] multi ./resources/scripts/app.js ./resources/sass/app.scss 40 bytes {0} [built]\\\",\\\"timestamp\\\":1516556912451}\",\"timestamp\":1516556913179}","timestamp":1516556914184}
{"channel":"cross-platform-transmitter-override","line":"{\"channel\":\"cross-platform-transmitter-override\",\"line\":\"{\\\"channel\\\":\\\"cross-platform-transmitter-override\\\",\\\"line\\\":\\\" [130] ./resources/scripts/app.js 957 bytes {0} [built]\\\",\\\"timestamp\\\":1516556912451}\",\"timestamp\":1516556913179}","timestamp":1516556914184}
{"channel":"cross-platform-transmitter-override","line":"{\"channel\":\"cross-platform-transmitter-override\",\"line\":\"{\\\"channel\\\":\\\"cross-platform-transmitter-override\\\",\\\"line\\\":\\\" [135] ./resources/scripts/VueApp.vue 1.85 kB {0} [built]\\\",\\\"timestamp\\\":1516556912451}\",\"timestamp\":1516556913179}","timestamp":1516556914184}
{"channel":"cross-platform-transmitter-override","line":"{\"channel\":\"cross-platform-transmitter-override\",\"line\":\"{\\\"channel\\\":\\\"cross-platform-transmitter-override\\\",\\\"line\\\":\\\" [136] ./node_modules/vue-style-loader!./node_modules/css-loader!./node_modules/vue-loader/lib/style-compiler?{\\\\\\\"vue\\\\\\\":true,\\\\\\\"id\\\\\\\":\\\\\\\"data-v-521af954\\\\\\\",\\\\\\\"scoped\\\\\\\":false,\\\\\\\"hasInlineConfig\\\\\\\":false}!./node_modules/vue-loader/lib/selector.js?type=styles&index=0!./resources/scripts/VueApp.vue 1.58 kB {0} [built]\\\",\\\"timestamp\\\":1516556912451}\",\"timestamp\":1516556913179}","timestamp":1516556914184}
{"channel":"cross-platform-transmitter-override","line":"{\"channel\":\"cross-platform-transmitter-override\",\"line\":\"{\\\"channel\\\":\\\"cross-platform-transmitter-override\\\",\\\"line\\\":\\\" [137] ./node_modules/css-loader!./node_modules/vue-loader/lib/style-compiler?{\\\\\\\"vue\\\\\\\":true,\\\\\\\"id\\\\\\\":\\\\\\\"data-v-521af954\\\\\\\",\\\\\\\"scoped\\\\\\\":false,\\\\\\\"hasInlineConfig\\\\\\\":false}!./node_modules/vue-loader/lib/selector.js?type=styles&index=0!./resources/scripts/VueApp.vue 322 bytes {0} [built]\\\",\\\"timestamp\\\":1516556912451}\",\"timestamp\":1516556913179}","timestamp":1516556914184}
{"channel":"cross-platform-transmitter-override","line":"{\"channel\":\"cross-platform-transmitter-override\",\"line\":\"{\\\"channel\\\":\\\"cross-platform-transmitter-override\\\",\\\"line\\\":\\\" [139] ./resources/scripts/tailview.vue 1.87 kB {0} [built]\\\",\\\"timestamp\\\":1516556912451}\",\"timestamp\":1516556913179}","timestamp":1516556914184}
{"channel":"cross-platform-transmitter-override","line":"{\"channel\":\"cross-platform-transmitter-override\",\"line\":\"{\\\"channel\\\":\\\"cross-platform-transmitter-override\\\",\\\"line\\\":\\\" [140] ./node_modules/vue-style-loader!./node_modules/css-loader!./node_modules/vue-loader/lib/style-compiler?{\\\\\\\"vue\\\\\\\":true,\\\\\\\"id\\\\\\\":\\\\\\\"data-v-e0c43fa4\\\\\\\",\\\\\\\"scoped\\\\\\\":true,\\\\\\\"hasInlineConfig\\\\\\\":false}!./node_modules/vue-loader/lib/selector.js?type=styles&index=0!./resources/scripts/tailview.vue 1.58 kB {0} [built]\\\",\\\"timestamp\\\":1516556912452}\",\"timestamp\":1516556913179}","timestamp":1516556914184}
{"channel":"cross-platform-transmitter-override","line":"{\"channel\":\"cross-platform-transmitter-override\",\"line\":\"{\\\"channel\\\":\\\"cross-platform-transmitter-override\\\",\\\"line\\\":\\\" [143] ./resources/scripts/navbar.vue 1.86 kB {0} [built]\\\",\\\"timestamp\\\":1516556912452}\",\"timestamp\":1516556913179}","timestamp":1516556914184}
{"channel":"cross-platform-transmitter-override","line":"{\"channel\":\"cross-platform-transmitter-override\",\"line\":\"{\\\"channel\\\":\\\"cross-platform-transmitter-override\\\",\\\"line\\\":\\\" [147] ./resources/scripts/channelList.vue 1.88 kB {0} [built]\\\",\\\"timestamp\\\":1516556912452}\",\"timestamp\":1516556913179}","timestamp":1516556914184}
{"channel":"cross-platform-transmitter-override","line":"{\"channel\":\"cross-platform-transmitter-override\",\"line\":\"{\\\"channel\\\":\\\"cross-platform-transmitter-override\\\",\\\"line\\\":\\\" [151] ./node_modules/vue-loader/lib/template-compiler?{\\\\\\\"id\\\\\\\":\\\\\\\"data-v-521af954\\\\\\\",\\\\\\\"hasScoped\\\\\\\":false,\\\\\\\"buble\\\\\\\":{\\\\\\\"transforms\\\\\\\":{}}}!./node_modules/vue-loader/lib/selector.js?type=template&index=0!./resources/scripts/VueApp.vue 1.23 kB {0} [built]\\\",\\\"timestamp\\\":1516556912452}\",\"timestamp\":1516556913179}","timestamp":1516556914184}
{"channel":"cross-platform-transmitter-override","line":"{\"channel\":\"cross-platform-transmitter-override\",\"line\":\"{\\\"channel\\\":\\\"cross-platform-transmitter-override\\\",\\\"line\\\":\\\" [155] (webpack)/buildin/module.js 517 bytes {0} [built]\\\",\\\"timestamp\\\":1516556912452}\",\"timestamp\":1516556913179}","timestamp":1516556914184}
{"channel":"cross-platform-transmitter-override","line":"{\"channel\":\"cross-platform-transmitter-override\",\"line\":\"{\\\"channel\\\":\\\"cross-platform-transmitter-override\\\",\\\"line\\\":\\\" [156] ./node_modules/moment/locale ^\\\\\\\\.\\\\\\\\/.*$ 2.88 kB {0} [optional] [built]\\\",\\\"timestamp\\\":1516556912452}\",\"timestamp\":1516556913179}","timestamp":1516556914184}
{"channel":"cross-platform-transmitter-override","line":"{\"channel\":\"cross-platform-transmitter-override\",\"line\":\"{\\\"channel\\\":\\\"cross-platform-transmitter-override\\\",\\\"line\\\":\\\" [157] ./resources/sass/app.scss 41 bytes {0} [built]\\\",\\\"timestamp\\\":1516556912452}\",\"timestamp\":1516556913179}","timestamp":1516556914184}
{"channel":"cross-platform-transmitter-override","line":"{\"channel\":\"cross-platform-transmitter-override\",\"line\":\"{\\\"channel\\\":\\\"cross-platform-transmitter-override\\\",\\\"line\\\":\\\"    + 143 hidden modules\\\",\\\"timestamp\\\":1516556912452}\",\"timestamp\":1516556913179}","timestamp":1516556914184}
{"channel":"cross-platform-transmitter-override","line":"{\"channel\":\"cross-platform-transmitter-override\",\"line\":\"{\\\"channel\\\":\\\"cross-platform-transmitter-override\\\",\\\"line\\\":\\\"Child extract-text-webpack-plugin node_modules/extract-text-webpack-plugin/dist node_modules/css-loader/index.js?minimize!node_modules/sass-loader/lib/loader.js!resources/sass/app.scss:\\\",\\\"timestamp\\\":1516556912452}\",\"timestamp\":1516556913179}","timestamp":1516556914184}
{"channel":"cross-platform-transmitter-override","line":"{\"channel\":\"cross-platform-transmitter-override\",\"line\":\"{\\\"channel\\\":\\\"cross-platform-transmitter-override\\\",\\\"line\\\":\\\"       [0] ./node_modules/css-loader?minimize!./node_modules/sass-loader/lib/loader.js!./resources/sass/app.scss 156 kB {0} [built]\\\",\\\"timestamp\\\":1516556912452}\",\"timestamp\":1516556913179}","timestamp":1516556914184}
{"channel":"cross-platform-transmitter-override","line":"{\"channel\":\"cross-platform-transmitter-override\",\"line\":\"{\\\"channel\\\":\\\"cross-platform-transmitter-override\\\",\\\"line\\\":\\\"        + 1 hidden module\\\",\\\"timestamp\\\":1516556912452}\",\"timestamp\":1516556913179}","timestamp":1516556914184}
{"channel":"cross-platform-transmitter-override","line":"{\"channel\":\"cross-platform-transmitter-override\",\"line\":\"{\\\"channel\\\":\\\"cross-platform-transmitter-override\\\",\\\"line\\\":\\\"xt4fCxyro6ZDwPwuAAAB\\\",\\\"timestamp\\\":1516556912452}\",\"timestamp\":1516556913179}","timestamp":1516556914184}
{"channel":"cross-platform-transmitter-override","line":"{\"channel\":\"cross-platform-transmitter-override\",\"line\":\"{\\\"channel\\\":\\\"cross-platform-transmitter-override\\\",\\\"line\\\":\\\"Hash: e6c8490e128c8c7f5aec\\\",\\\"timestamp\\\":1516556912452}\",\"timestamp\":1516556913179}","timestamp":1516556914184}
{"channel":"cross-platform-transmitter-override","line":"{\"channel\":\"cross-platform-transmitter-override\",\"line\":\"{\\\"channel\\\":\\\"cross-platform-transmitter-override\\\",\\\"line\\\":\\\"Version: webpack 3.10.0\\\",\\\"timestamp\\\":1516556912452}\",\"timestamp\":1516556913179}","timestamp":1516556914184}
{"channel":"cross-platform-transmitter-override","line":"{\"channel\":\"cross-platform-transmitter-override\",\"line\":\"{\\\"channel\\\":\\\"cross-platform-transmitter-override\\\",\\\"line\\\":\\\"Time: 4805ms\\\",\\\"timestamp\\\":1516556912452}\",\"timestamp\":1516556913179}","timestamp":1516556914184}
{"channel":"cross-platform-transmitter-override","line":"{\"channel\":\"cross-platform-transmitter-override\",\"line\":\"{\\\"channel\\\":\\\"cross-platform-transmitter-override\\\",\\\"line\\\":\\\"   Asset    Size  Chunks                    Chunk Names\\\",\\\"timestamp\\\":1516556912452}\",\"timestamp\":1516556913179}","timestamp":1516556914184}
{"channel":"cross-platform-transmitter-override","line":"{\"channel\":\"cross-platform-transmitter-override\",\"line\":\"{\\\"channel\\\":\\\"cross-platform-transmitter-override\\\",\\\"line\\\":\\\"atail.js  439 kB       0  [emitted]  [big]  main\\\",\\\"timestamp\\\":1516556912452}\",\"timestamp\":1516556913179}","timestamp":1516556914184}
{"channel":"cross-platform-transmitter-override","line":"{\"channel\":\"cross-platform-transmitter-override\",\"line\":\"{\\\"channel\\\":\\\"cross-platform-transmitter-override\\\",\\\"line\\\":\\\" app.css  156 kB       0  [emitted]         main\\\",\\\"timestamp\\\":1516556912452}\",\"timestamp\":1516556913179}","timestamp":1516556914184}
{"channel":"cross-platform-transmitter-override","line":"{\"channel\":\"cross-platform-transmitter-override\",\"line\":\"{\\\"channel\\\":\\\"cross-platform-transmitter-override\\\",\\\"line\\\":\\\"   [6] ./node_modules/babel-loader/lib!./node_modules/vue-loader/lib/selector.js?type=script&index=0!./resources/scripts/VueApp.vue 1.24 kB {0} [built]\\\",\\\"timestamp\\\":1516556912452}\",\"timestamp\":1516556913179}","timestamp":1516556914184}
{"channel":"cross-platform-transmitter-override","line":"{\"channel\":\"cross-platform-transmitter-override\",\"line\":\"{\\\"channel\\\":\\\"cross-platform-transmitter-override\\\",\\\"line\\\":\\\"   [7] ./node_modules/babel-loader/lib!./node_modules/vue-loader/lib/selector.js?type=script&index=0!./resources/scripts/tailview.vue 356 bytes {0} [built]\\\",\\\"timestamp\\\":1516556912452}\",\"timestamp\":1516556913179}","timestamp":1516556914184}
{"channel":"cross-platform-transmitter-override","line":"{\"channel\":\"cross-platform-transmitter-override\",\"line\":\"{\\\"channel\\\":\\\"cross-platform-transmitter-override\\\",\\\"line\\\":\\\" [135] ./resources/scripts/VueApp.vue 1.85 kB {0} [built]\\\",\\\"timestamp\\\":1516556912452}\",\"timestamp\":1516556913179}","timestamp":1516556914184}
{"channel":"cross-platform-transmitter-override","line":"{\"channel\":\"cross-platform-transmitter-override\",\"line\":\"{\\\"channel\\\":\\\"cross-platform-transmitter-override\\\",\\\"line\\\":\\\" [137] ./node_modules/css-loader!./node_modules/vue-loader/lib/style-compiler?{\\\\\\\"vue\\\\\\\":true,\\\\\\\"id\\\\\\\":\\\\\\\"data-v-521af954\\\\\\\",\\\\\\\"scoped\\\\\\\":false,\\\\\\\"hasInlineConfig\\\\\\\":false}!./node_modules/vue-loader/lib/selector.js?type=styles&index=0!./resources/scripts/VueApp.vue 322 bytes {0} [built]\\\",\\\"timestamp\\\":1516556912452}\",\"timestamp\":1516556913179}","timestamp":1516556914184}
{"channel":"cross-platform-transmitter-override","line":"{\"channel\":\"cross-platform-transmitter-override\",\"line\":\"{\\\"channel\\\":\\\"cross-platform-transmitter-override\\\",\\\"line\\\":\\\" [139] ./resources/scripts/tailview.vue 1.87 kB {0} [built]\\\",\\\"timestamp\\\":1516556912452}\",\"timestamp\":1516556913179}","timestamp":1516556914184}
{"channel":"cross-platform-transmitter-override","line":"{\"channel\":\"cross-platform-transmitter-override\",\"line\":\"{\\\"channel\\\":\\\"cross-platform-transmitter-override\\\",\\\"line\\\":\\\" [141] ./node_modules/css-loader!./node_modules/vue-loader/lib/style-compiler?{\\\\\\\"vue\\\\\\\":true,\\\\\\\"id\\\\\\\":\\\\\\\"data-v-e0c43fa4\\\\\\\",\\\\\\\"scoped\\\\\\\":true,\\\\\\\"hasInlineConfig\\\\\\\":false}!./node_modules/vue-loader/lib/selector.js?type=styles&index=0!./resources/scripts/tailview.vue 348 bytes {0} [built]\\\",\\\"timestamp\\\":1516556912452}\",\"timestamp\":1516556913179}","timestamp":1516556914184}
{"channel":"cross-platform-transmitter-override","line":"{\"channel\":\"cross-platform-transmitter-override\",\"line\":\"{\\\"channel\\\":\\\"cross-platform-transmitter-override\\\",\\\"line\\\":\\\" [142] ./node_modules/vue-loader/lib/template-compiler?{\\\\\\\"id\\\\\\\":\\\\\\\"data-v-e0c43fa4\\\\\\\",\\\\\\\"hasScoped\\\\\\\":true,\\\\\\\"buble\\\\\\\":{\\\\\\\"transforms\\\\\\\":{}}}!./node_modules/vue-loader/lib/selector.js?type=template&index=0!./resources/scripts/tailview.vue 905 bytes {0} [built]\\\",\\\"timestamp\\\":1516556912452}\",\"timestamp\":1516556913179}","timestamp":1516556914184}
{"channel":"cross-platform-transmitter-override","line":"{\"channel\":\"cross-platform-transmitter-override\",\"line\":\"{\\\"channel\\\":\\\"cross-platform-transmitter-override\\\",\\\"line\\\":\\\" [151] ./node_modules/vue-loader/lib/template-compiler?{\\\\\\\"id\\\\\\\":\\\\\\\"data-v-521af954\\\\\\\",\\\\\\\"hasScoped\\\\\\\":false,\\\\\\\"buble\\\\\\\":{\\\\\\\"transforms\\\\\\\":{}}}!./node_modules/vue-loader/lib/selector.js?type=template&index=0!./resources/scripts/VueApp.vue 1.23 kB {0} [built]\\\",\\\"timestamp\\\":1516556912452}\",\"timestamp\":1516556913179}","timestamp":1516556914184}
{"channel":"cross-platform-transmitter-override","line":"{\"channel\":\"cross-platform-transmitter-override\",\"line\":\"{\\\"channel\\\":\\\"cross-platform-transmitter-override\\\",\\\"line\\\":\\\" [156] ./node_modules/moment/locale ^\\\\\\\\.\\\\\\\\/.*$ 2.88 kB {0} [optional] [built]\\\",\\\"timestamp\\\":1516556912452}\",\"timestamp\":1516556913179}","timestamp":1516556914184}
{"channel":"cross-platform-transmitter-override","line":"{\"channel\":\"cross-platform-transmitter-override\",\"line\":\"{\\\"channel\\\":\\\"cross-platform-transmitter-override\\\",\\\"line\\\":\\\"    + 149 hidden modules\\\",\\\"timestamp\\\":1516556912452}\",\"timestamp\":1516556913179}","timestamp":1516556914184}
{"channel":"cross-platform-transmitter-override","line":"{\"channel\":\"cross-platform-transmitter-override\",\"line\":\"{\\\"channel\\\":\\\"cross-platform-transmitter-override\\\",\\\"line\\\":\\\"{\\\\\\\"channel\\\\\\\":\\\\\\\"cross-platform-transmitter-override\\\\\\\",\\\\\\\"line\\\\\\\":\\\\\\\"> adonis-fullstack-app@4.0.0 dev C:\\\\\\\\\\\\\\\\Users\\\\\\\\\\\\\\\\Andrea\\\\\\\\\\\\\\\\Desktop\\\\\\\\\\\\\\\\Dev\\\\\\\\\\\\\\\\atail-server\\\\\\\",\\\\\\\"timestamp\\\\\\\":1516556912451}\\\",\\\"timestamp\\\":1516556913178}\",\"timestamp\":1516556914183}","timestamp":1516556915191}
{"channel":"cross-platform-transmitter-override","line":"{\"channel\":\"cross-platform-transmitter-override\",\"line\":\"{\\\"channel\\\":\\\"cross-platform-transmitter-override\\\",\\\"line\\\":\\\"{\\\\\\\"channel\\\\\\\":\\\\\\\"cross-platform-transmitter-override\\\\\\\",\\\\\\\"line\\\\\\\":\\\\\\\"> webpack --watch\\\\\\\",\\\\\\\"timestamp\\\\\\\":1516556912451}\\\",\\\"timestamp\\\":1516556913178}\",\"timestamp\":1516556914183}","timestamp":1516556915191}
{"channel":"cross-platform-transmitter-override","line":"{\"channel\":\"cross-platform-transmitter-override\",\"line\":\"{\\\"channel\\\":\\\"cross-platform-transmitter-override\\\",\\\"line\\\":\\\"{\\\\\\\"channel\\\\\\\":\\\\\\\"cross-platform-transmitter-override\\\\\\\",\\\\\\\"line\\\\\\\":\\\\\\\"Executing pre-build scripts\\\\\\\",\\\\\\\"timestamp\\\\\\\":1516556912451}\\\",\\\"timestamp\\\":1516556913178}\",\"timestamp\":1516556914183}","timestamp":1516556915191}
{"channel":"cross-platform-transmitter-override","line":"{\"channel\":\"cross-platform-transmitter-override\",\"line\":\"{\\\"channel\\\":\\\"cross-platform-transmitter-override\\\",\\\"line\\\":\\\"{\\\\\\\"channel\\\\\\\":\\\\\\\"cross-platform-transmitter-override\\\\\\\",\\\\\\\"line\\\\\\\":\\\\\\\"Webpack is watching the files…\\\\\\\",\\\\\\\"timestamp\\\\\\\":1516556912451}\\\",\\\"timestamp\\\":1516556913178}\",\"timestamp\":1516556914183}","timestamp":1516556915191}
{"channel":"cross-platform-transmitter-override","line":"{\"channel\":\"cross-platform-transmitter-override\",\"line\":\"{\\\"channel\\\":\\\"cross-platform-transmitter-override\\\",\\\"line\\\":\\\"{\\\\\\\"channel\\\\\\\":\\\\\\\"cross-platform-transmitter-override\\\\\\\",\\\\\\\"line\\\\\\\":\\\\\\\"┌──────────────────────┐\\\\\\\",\\\\\\\"timestamp\\\\\\\":1516556912451}\\\",\\\"timestamp\\\":1516556913178}\",\"timestamp\":1516556914183}","timestamp":1516556915191}
{"channel":"cross-platform-transmitter-override","line":"{\"channel\":\"cross-platform-transmitter-override\",\"line\":\"{\\\"channel\\\":\\\"cross-platform-transmitter-override\\\",\\\"line\\\":\\\"{\\\\\\\"channel\\\\\\\":\\\\\\\"cross-platform-transmitter-override\\\\\\\",\\\\\\\"line\\\\\\\":\\\\\\\"│                      │\\\\\\\",\\\\\\\"timestamp\\\\\\\":1516556912451}\\\",\\\"timestamp\\\":1516556913178}\",\"timestamp\":1516556914183}","timestamp":1516556915191}
{"channel":"cross-platform-transmitter-override","line":"{\"channel\":\"cross-platform-transmitter-override\",\"line\":\"{\\\"channel\\\":\\\"cross-platform-transmitter-override\\\",\\\"line\\\":\\\"{\\\\\\\"channel\\\\\\\":\\\\\\\"cross-platform-transmitter-override\\\\\\\",\\\\\\\"line\\\\\\\":\\\\\\\"│    Started server    │\\\\\\\",\\\\\\\"timestamp\\\\\\\":1516556912451}\\\",\\\"timestamp\\\":1516556913178}\",\"timestamp\":1516556914184}","timestamp":1516556915191}
{"channel":"cross-platform-transmitter-override","line":"{\"channel\":\"cross-platform-transmitter-override\",\"line\":\"{\\\"channel\\\":\\\"cross-platform-transmitter-override\\\",\\\"line\\\":\\\"{\\\\\\\"channel\\\\\\\":\\\\\\\"cross-platform-transmitter-override\\\\\\\",\\\\\\\"line\\\\\\\":\\\\\\\"│    Watcher: On       │\\\\\\\",\\\\\\\"timestamp\\\\\\\":1516556912451}\\\",\\\"timestamp\\\":1516556913178}\",\"timestamp\":1516556914184}","timestamp":1516556915191}
{"channel":"cross-platform-transmitter-override","line":"{\"channel\":\"cross-platform-transmitter-override\",\"line\":\"{\\\"channel\\\":\\\"cross-platform-transmitter-override\\\",\\\"line\\\":\\\"{\\\\\\\"channel\\\\\\\":\\\\\\\"cross-platform-transmitter-override\\\\\\\",\\\\\\\"line\\\\\\\":\\\\\\\"│    Debugger: Off     │\\\\\\\",\\\\\\\"timestamp\\\\\\\":1516556912451}\\\",\\\"timestamp\\\":1516556913178}\",\"timestamp\":1516556914184}","timestamp":1516556915191}
{"channel":"cross-platform-transmitter-override","line":"{\"channel\":\"cross-platform-transmitter-override\",\"line\":\"{\\\"channel\\\":\\\"cross-platform-transmitter-override\\\",\\\"line\\\":\\\"{\\\\\\\"channel\\\\\\\":\\\\\\\"cross-platform-transmitter-override\\\\\\\",\\\\\\\"line\\\\\\\":\\\\\\\"│                      │\\\\\\\",\\\\\\\"timestamp\\\\\\\":1516556912451}\\\",\\\"timestamp\\\":1516556913178}\",\"timestamp\":1516556914184}","timestamp":1516556915191}
{"channel":"cross-platform-transmitter-override","line":"{\"channel\":\"cross-platform-transmitter-override\",\"line\":\"{\\\"channel\\\":\\\"cross-platform-transmitter-override\\\",\\\"line\\\":\\\"{\\\\\\\"channel\\\\\\\":\\\\\\\"cross-platform-transmitter-override\\\\\\\",\\\\\\\"line\\\\\\\":\\\\\\\"└──────────────────────┘\\\\\\\",\\\\\\\"timestamp\\\\\\\":1516556912451}\\\",\\\"timestamp\\\":1516556913178}\",\"timestamp\":1516556914184}","timestamp":1516556915191}
{"channel":"cross-platform-transmitter-override","line":"{\"channel\":\"cross-platform-transmitter-override\",\"line\":\"{\\\"channel\\\":\\\"cross-platform-transmitter-override\\\",\\\"line\\\":\\\"{\\\\\\\"channel\\\\\\\":\\\\\\\"cross-platform-transmitter-override\\\\\\\",\\\\\\\"line\\\\\\\":\\\\\\\"RDPServer constructor\\\\\\\",\\\\\\\"timestamp\\\\\\\":1516556912451}\\\",\\\"timestamp\\\":1516556913178}\",\"timestamp\":1516556914184}","timestamp":1516556915191}
{"channel":"cross-platform-transmitter-override","line":"{\"channel\":\"cross-platform-transmitter-override\",\"line\":\"{\\\"channel\\\":\\\"cross-platform-transmitter-override\\\",\\\"line\\\":\\\"{\\\\\\\"channel\\\\\\\":\\\\\\\"cross-platform-transmitter-override\\\\\\\",\\\\\\\"line\\\\\\\":\\\\\\\"Server start\\\\\\\",\\\\\\\"timestamp\\\\\\\":1516556912451}\\\",\\\"timestamp\\\":1516556913178}\",\"timestamp\":1516556914184}","timestamp":1516556915191}
{"channel":"cross-platform-transmitter-override","line":"{\"channel\":\"cross-platform-transmitter-override\",\"line\":\"{\\\"channel\\\":\\\"cross-platform-transmitter-override\\\",\\\"line\\\":\\\"{\\\\\\\"channel\\\\\\\":\\\\\\\"cross-platform-transmitter-override\\\\\\\",\\\\\\\"line\\\\\\\":\\\\\\\"server listening \\\\\\\",\\\\\\\"timestamp\\\\\\\":1516556912451}\\\",\\\"timestamp\\\":1516556913178}\",\"timestamp\":1516556914184}","timestamp":1516556915191}
{"channel":"cross-platform-transmitter-override","line":"{\"channel\":\"cross-platform-transmitter-override\",\"line\":\"{\\\"channel\\\":\\\"cross-platform-transmitter-override\\\",\\\"line\\\":\\\"{\\\\\\\"channel\\\\\\\":\\\\\\\"cross-platform-transmitter-override\\\\\\\",\\\\\\\"line\\\\\\\":\\\\\\\"2018-01-21T17:47:37.957Z - \\\\\\\\u001b[32minfo\\\\\\\\u001b[39m: \\\\\\\\u001b[32mserving app on http://127.0.0.1:3333\\\\\\\\u001b[39m\\\\\\\",\\\\\\\"timestamp\\\\\\\":1516556912451}\\\",\\\"timestamp\\\":1516556913178}\",\"timestamp\":1516556914184}","timestamp":1516556915191}
{"channel":"cross-platform-transmitter-override","line":"{\"channel\":\"cross-platform-transmitter-override\",\"line\":\"{\\\"channel\\\":\\\"cross-platform-transmitter-override\\\",\\\"line\\\":\\\"{\\\\\\\"channel\\\\\\\":\\\\\\\"cross-platform-transmitter-override\\\\\\\",\\\\\\\"line\\\\\\\":\\\\\\\"Beqtsid1kcrJpYqkAAAA\\\\\\\",\\\\\\\"timestamp\\\\\\\":1516556912451}\\\",\\\"timestamp\\\":1516556913178}\",\"timestamp\":1516556914184}","timestamp":1516556915191}
{"channel":"cross-platform-transmitter-override","line":"{\"channel\":\"cross-platform-transmitter-override\",\"line\":\"{\\\"channel\\\":\\\"cross-platform-transmitter-override\\\",\\\"line\\\":\\\"{\\\\\\\"channel\\\\\\\":\\\\\\\"cross-platform-transmitter-override\\\\\\\",\\\\\\\"line\\\\\\\":\\\\\\\"Hash: a584760177f7e74478b9\\\\\\\",\\\\\\\"timestamp\\\\\\\":1516556912451}\\\",\\\"timestamp\\\":1516556913178}\",\"timestamp\":1516556914184}","timestamp":1516556915191}
{"channel":"cross-platform-transmitter-override","line":"{\"channel\":\"cross-platform-transmitter-override\",\"line\":\"{\\\"channel\\\":\\\"cross-platform-transmitter-override\\\",\\\"line\\\":\\\"{\\\\\\\"channel\\\\\\\":\\\\\\\"cross-platform-transmitter-override\\\\\\\",\\\\\\\"line\\\\\\\":\\\\\\\"Version: webpack 3.10.0\\\\\\\",\\\\\\\"timestamp\\\\\\\":1516556912451}\\\",\\\"timestamp\\\":1516556913178}\",\"timestamp\":1516556914184}","timestamp":1516556915191}
{"channel":"cross-platform-transmitter-override","line":"{\"channel\":\"cross-platform-transmitter-override\",\"line\":\"{\\\"channel\\\":\\\"cross-platform-transmitter-override\\\",\\\"line\\\":\\\"{\\\\\\\"channel\\\\\\\":\\\\\\\"cross-platform-transmitter-override\\\\\\\",\\\\\\\"line\\\\\\\":\\\\\\\"Time: 17325ms\\\\\\\",\\\\\\\"timestamp\\\\\\\":1516556912451}\\\",\\\"timestamp\\\":1516556913178}\",\"timestamp\":1516556914184}","timestamp":1516556915191}
{"channel":"cross-platform-transmitter-override","line":"{\"channel\":\"cross-platform-transmitter-override\",\"line\":\"{\\\"channel\\\":\\\"cross-platform-transmitter-override\\\",\\\"line\\\":\\\"{\\\\\\\"channel\\\\\\\":\\\\\\\"cross-platform-transmitter-override\\\\\\\",\\\\\\\"line\\\\\\\":\\\\\\\"   Asset    Size  Chunks                    Chunk Names\\\\\\\",\\\\\\\"timestamp\\\\\\\":1516556912451}\\\",\\\"timestamp\\\":1516556913178}\",\"timestamp\":1516556914184}","timestamp":1516556915191}
{"channel":"cross-platform-transmitter-override","line":"{\"channel\":\"cross-platform-transmitter-override\",\"line\":\"{\\\"channel\\\":\\\"cross-platform-transmitter-override\\\",\\\"line\\\":\\\"{\\\\\\\"channel\\\\\\\":\\\\\\\"cross-platform-transmitter-override\\\\\\\",\\\\\\\"line\\\\\\\":\\\\\\\"atail.js  439 kB       0  [emitted]  [big]  main\\\\\\\",\\\\\\\"timestamp\\\\\\\":1516556912451}\\\",\\\"timestamp\\\":1516556913178}\",\"timestamp\":1516556914184}","timestamp":1516556915191}
{"channel":"cross-platform-transmitter-override","line":"{\"channel\":\"cross-platform-transmitter-override\",\"line\":\"{\\\"channel\\\":\\\"cross-platform-transmitter-override\\\",\\\"line\\\":\\\"{\\\\\\\"channel\\\\\\\":\\\\\\\"cross-platform-transmitter-override\\\\\\\",\\\\\\\"line\\\\\\\":\\\\\\\" app.css  156 kB       0  [emitted]         main\\\\\\\",\\\\\\\"timestamp\\\\\\\":1516556912451}\\\",\\\"timestamp\\\":1516556913178}\",\"timestamp\":1516556914184}","timestamp":1516556915191}
{"channel":"cross-platform-transmitter-override","line":"{\"channel\":\"cross-platform-transmitter-override\",\"line\":\"{\\\"channel\\\":\\\"cross-platform-transmitter-override\\\",\\\"line\\\":\\\"{\\\\\\\"channel\\\\\\\":\\\\\\\"cross-platform-transmitter-override\\\\\\\",\\\\\\\"line\\\\\\\":\\\\\\\"   [4] (webpack)/buildin/global.js 509 bytes {0} [built]\\\\\\\",\\\\\\\"timestamp\\\\\\\":1516556912451}\\\",\\\"timestamp\\\":1516556913179}\",\"timestamp\":1516556914184}","timestamp":1516556915191}
{"channel":"cross-platform-transmitter-override","line":"{\"channel\":\"cross-platform-transmitter-override\",\"line\":\"{\\\"channel\\\":\\\"cross-platform-transmitter-override\\\",\\\"line\\\":\\\"{\\\\\\\"channel\\\\\\\":\\\\\\\"cross-platform-transmitter-override\\\\\\\",\\\\\\\"line\\\\\\\":\\\\\\\"   [6] ./node_modules/babel-loader/lib!./node_modules/vue-loader/lib/selector.js?type=script&index=0!./resources/scripts/VueApp.vue 1.24 kB {0} [built]\\\\\\\",\\\\\\\"timestamp\\\\\\\":1516556912451}\\\",\\\"timestamp\\\":1516556913179}\",\"timestamp\":1516556914184}","timestamp":1516556915191}
{"channel":"cross-platform-transmitter-override","line":"{\"channel\":\"cross-platform-transmitter-override\",\"line\":\"{\\\"channel\\\":\\\"cross-platform-transmitter-override\\\",\\\"line\\\":\\\"{\\\\\\\"channel\\\\\\\":\\\\\\\"cross-platform-transmitter-override\\\\\\\",\\\\\\\"line\\\\\\\":\\\\\\\" [129] multi ./resources/scripts/app.js ./resources/sass/app.scss 40 bytes {0} [built]\\\\\\\",\\\\\\\"timestamp\\\\\\\":1516556912451}\\\",\\\"timestamp\\\":1516556913179}\",\"timestamp\":1516556914184}","timestamp":1516556915191}
{"channel":"cross-platform-transmitter-override","line":"{\"channel\":\"cross-platform-transmitter-override\",\"line\":\"{\\\"channel\\\":\\\"cross-platform-transmitter-override\\\",\\\"line\\\":\\\"{\\\\\\\"channel\\\\\\\":\\\\\\\"cross-platform-transmitter-override\\\\\\\",\\\\\\\"line\\\\\\\":\\\\\\\" [130] ./resources/scripts/app.js 957 bytes {0} [built]\\\\\\\",\\\\\\\"timestamp\\\\\\\":1516556912451}\\\",\\\"timestamp\\\":1516556913179}\",\"timestamp\":1516556914184}","timestamp":1516556915191}
{"channel":"cross-platform-transmitter-override","line":"{\"channel\":\"cross-platform-transmitter-override\",\"line\":\"{\\\"channel\\\":\\\"cross-platform-transmitter-override\\\",\\\"line\\\":\\\"{\\\\\\\"channel\\\\\\\":\\\\\\\"cross-platform-transmitter-override\\\\\\\",\\\\\\\"line\\\\\\\":\\\\\\\" [135] ./resources/scripts/VueApp.vue 1.85 kB {0} [built]\\\\\\\",\\\\\\\"timestamp\\\\\\\":1516556912451}\\\",\\\"timestamp\\\":1516556913179}\",\"timestamp\":1516556914184}","timestamp":1516556915191}
{"channel":"cross-platform-transmitter-override","line":"{\"channel\":\"cross-platform-transmitter-override\",\"line\":\"{\\\"channel\\\":\\\"cross-platform-transmitter-override\\\",\\\"line\\\":\\\"{\\\\\\\"channel\\\\\\\":\\\\\\\"cross-platform-transmitter-override\\\\\\\",\\\\\\\"line\\\\\\\":\\\\\\\" [136] ./node_modules/vue-style-loader!./node_modules/css-loader!./node_modules/vue-loader/lib/style-compiler?{\\\\\\\\\\\\\\\"vue\\\\\\\\\\\\\\\":true,\\\\\\\\\\\\\\\"id\\\\\\\\\\\\\\\":\\\\\\\\\\\\\\\"data-v-521af954\\\\\\\\\\\\\\\",\\\\\\\\\\\\\\\"scoped\\\\\\\\\\\\\\\":false,\\\\\\\\\\\\\\\"hasInlineConfig\\\\\\\\\\\\\\\":false}!./node_modules/vue-loader/lib/selector.js?type=styles&index=0!./resources/scripts/VueApp.vue 1.58 kB {0} [built]\\\\\\\",\\\\\\\"timestamp\\\\\\\":1516556912451}\\\",\\\"timestamp\\\":1516556913179}\",\"timestamp\":1516556914184}","timestamp":1516556915191}
{"channel":"cross-platform-transmitter-override","line":"{\"channel\":\"cross-platform-transmitter-override\",\"line\":\"{\\\"channel\\\":\\\"cross-platform-transmitter-override\\\",\\\"line\\\":\\\"{\\\\\\\"channel\\\\\\\":\\\\\\\"cross-platform-transmitter-override\\\\\\\",\\\\\\\"line\\\\\\\":\\\\\\\" [137] ./node_modules/css-loader!./node_modules/vue-loader/lib/style-compiler?{\\\\\\\\\\\\\\\"vue\\\\\\\\\\\\\\\":true,\\\\\\\\\\\\\\\"id\\\\\\\\\\\\\\\":\\\\\\\\\\\\\\\"data-v-521af954\\\\\\\\\\\\\\\",\\\\\\\\\\\\\\\"scoped\\\\\\\\\\\\\\\":false,\\\\\\\\\\\\\\\"hasInlineConfig\\\\\\\\\\\\\\\":false}!./node_modules/vue-loader/lib/selector.js?type=styles&index=0!./resources/scripts/VueApp.vue 322 bytes {0} [built]\\\\\\\",\\\\\\\"timestamp\\\\\\\":1516556912451}\\\",\\\"timestamp\\\":1516556913179}\",\"timestamp\":1516556914184}","timestamp":1516556915191}
{"channel":"cross-platform-transmitter-override","line":"{\"channel\":\"cross-platform-transmitter-override\",\"line\":\"{\\\"channel\\\":\\\"cross-platform-transmitter-override\\\",\\\"line\\\":\\\"{\\\\\\\"channel\\\\\\\":\\\\\\\"cross-platform-transmitter-override\\\\\\\",\\\\\\\"line\\\\\\\":\\\\\\\" [139] ./resources/scripts/tailview.vue 1.87 kB {0} [built]\\\\\\\",\\\\\\\"timestamp\\\\\\\":1516556912451}\\\",\\\"timestamp\\\":1516556913179}\",\"timestamp\":1516556914184}","timestamp":1516556915191}
{"channel":"cross-platform-transmitter-override","line":"{\"channel\":\"cross-platform-transmitter-override\",\"line\":\"{\\\"channel\\\":\\\"cross-platform-transmitter-override\\\",\\\"line\\\":\\\"{\\\\\\\"channel\\\\\\\":\\\\\\\"cross-platform-transmitter-override\\\\\\\",\\\\\\\"line\\\\\\\":\\\\\\\" [140] ./node_modules/vue-style-loader!./node_modules/css-loader!./node_modules/vue-loader/lib/style-compiler?{\\\\\\\\\\\\\\\"vue\\\\\\\\\\\\\\\":true,\\\\\\\\\\\\\\\"id\\\\\\\\\\\\\\\":\\\\\\\\\\\\\\\"data-v-e0c43fa4\\\\\\\\\\\\\\\",\\\\\\\\\\\\\\\"scoped\\\\\\\\\\\\\\\":true,\\\\\\\\\\\\\\\"hasInlineConfig\\\\\\\\\\\\\\\":false}!./node_modules/vue-loader/lib/selector.js?type=styles&index=0!./resources/scripts/tailview.vue 1.58 kB {0} [built]\\\\\\\",\\\\\\\"timestamp\\\\\\\":1516556912452}\\\",\\\"timestamp\\\":1516556913179}\",\"timestamp\":1516556914184}","timestamp":1516556915191}
{"channel":"cross-platform-transmitter-override","line":"{\"channel\":\"cross-platform-transmitter-override\",\"line\":\"{\\\"channel\\\":\\\"cross-platform-transmitter-override\\\",\\\"line\\\":\\\"{\\\\\\\"channel\\\\\\\":\\\\\\\"cross-platform-transmitter-override\\\\\\\",\\\\\\\"line\\\\\\\":\\\\\\\" [143] ./resources/scripts/navbar.vue 1.86 kB {0} [built]\\\\\\\",\\\\\\\"timestamp\\\\\\\":1516556912452}\\\",\\\"timestamp\\\":1516556913179}\",\"timestamp\":1516556914184}","timestamp":1516556915191}
{"channel":"cross-platform-transmitter-override","line":"{\"channel\":\"cross-platform-transmitter-override\",\"line\":\"{\\\"channel\\\":\\\"cross-platform-transmitter-override\\\",\\\"line\\\":\\\"{\\\\\\\"channel\\\\\\\":\\\\\\\"cross-platform-transmitter-override\\\\\\\",\\\\\\\"line\\\\\\\":\\\\\\\" [147] ./resources/scripts/channelList.vue 1.88 kB {0} [built]\\\\\\\",\\\\\\\"timestamp\\\\\\\":1516556912452}\\\",\\\"timestamp\\\":1516556913179}\",\"timestamp\":1516556914184}","timestamp":1516556915191}
{"channel":"cross-platform-transmitter-override","line":"{\"channel\":\"cross-platform-transmitter-override\",\"line\":\"{\\\"channel\\\":\\\"cross-platform-transmitter-override\\\",\\\"line\\\":\\\"{\\\\\\\"channel\\\\\\\":\\\\\\\"cross-platform-transmitter-override\\\\\\\",\\\\\\\"line\\\\\\\":\\\\\\\" [151] ./node_modules/vue-loader/lib/template-compiler?{\\\\\\\\\\\\\\\"id\\\\\\\\\\\\\\\":\\\\\\\\\\\\\\\"data-v-521af954\\\\\\\\\\\\\\\",\\\\\\\\\\\\\\\"hasScoped\\\\\\\\\\\\\\\":false,\\\\\\\\\\\\\\\"buble\\\\\\\\\\\\\\\":{\\\\\\\\\\\\\\\"transforms\\\\\\\\\\\\\\\":{}}}!./node_modules/vue-loader/lib/selector.js?type=template&index=0!./resources/scripts/VueApp.vue 1.23 kB {0} [built]\\\\\\\",\\\\\\\"timestamp\\\\\\\":1516556912452}\\\",\\\"timestamp\\\":1516556913179}\",\"timestamp\":1516556914184}","timestamp":1516556915191}
{"channel":"cross-platform-transmitter-override","line":"{\"channel\":\"cross-platform-transmitter-override\",\"line\":\"{\\\"channel\\\":\\\"cross-platform-transmitter-override\\\",\\\"line\\\":\\\"{\\\\\\\"channel\\\\\\\":\\\\\\\"cross-platform-transmitter-override\\\\\\\",\\\\\\\"line\\\\\\\":\\\\\\\" [155] (webpack)/buildin/module.js 517 bytes {0} [built]\\\\\\\",\\\\\\\"timestamp\\\\\\\":1516556912452}\\\",\\\"timestamp\\\":1516556913179}\",\"timestamp\":1516556914184}","timestamp":1516556915191}
{"channel":"cross-platform-transmitter-override","line":"{\"channel\":\"cross-platform-transmitter-override\",\"line\":\"{\\\"channel\\\":\\\"cross-platform-transmitter-override\\\",\\\"line\\\":\\\"{\\\\\\\"channel\\\\\\\":\\\\\\\"cross-platform-transmitter-override\\\\\\\",\\\\\\\"line\\\\\\\":\\\\\\\" [156] ./node_modules/moment/locale ^\\\\\\\\\\\\\\\\.\\\\\\\\\\\\\\\\/.*$ 2.88 kB {0} [optional] [built]\\\\\\\",\\\\\\\"timestamp\\\\\\\":1516556912452}\\\",\\\"timestamp\\\":1516556913179}\",\"timestamp\":1516556914184}","timestamp":1516556915191}
{"channel":"cross-platform-transmitter-override","line":"{\"channel\":\"cross-platform-transmitter-override\",\"line\":\"{\\\"channel\\\":\\\"cross-platform-transmitter-override\\\",\\\"line\\\":\\\"{\\\\\\\"channel\\\\\\\":\\\\\\\"cross-platform-transmitter-override\\\\\\\",\\\\\\\"line\\\\\\\":\\\\\\\" [157] ./resources/sass/app.scss 41 bytes {0} [built]\\\\\\\",\\\\\\\"timestamp\\\\\\\":1516556912452}\\\",\\\"timestamp\\\":1516556913179}\",\"timestamp\":1516556914184}","timestamp":1516556915191}
{"channel":"cross-platform-transmitter-override","line":"{\"channel\":\"cross-platform-transmitter-override\",\"line\":\"{\\\"channel\\\":\\\"cross-platform-transmitter-override\\\",\\\"line\\\":\\\"{\\\\\\\"channel\\\\\\\":\\\\\\\"cross-platform-transmitter-override\\\\\\\",\\\\\\\"line\\\\\\\":\\\\\\\"    + 143 hidden modules\\\\\\\",\\\\\\\"timestamp\\\\\\\":1516556912452}\\\",\\\"timestamp\\\":1516556913179}\",\"timestamp\":1516556914184}","timestamp":1516556915191}
{"channel":"cross-platform-transmitter-override","line":"{\"channel\":\"cross-platform-transmitter-override\",\"line\":\"{\\\"channel\\\":\\\"cross-platform-transmitter-override\\\",\\\"line\\\":\\\"{\\\\\\\"channel\\\\\\\":\\\\\\\"cross-platform-transmitter-override\\\\\\\",\\\\\\\"line\\\\\\\":\\\\\\\"Child extract-text-webpack-plugin node_modules/extract-text-webpack-plugin/dist node_modules/css-loader/index.js?minimize!node_modules/sass-loader/lib/loader.js!resources/sass/app.scss:\\\\\\\",\\\\\\\"timestamp\\\\\\\":1516556912452}\\\",\\\"timestamp\\\":1516556913179}\",\"timestamp\":1516556914184}","timestamp":1516556915191}
{"channel":"cross-platform-transmitter-override","line":"{\"channel\":\"cross-platform-transmitter-override\",\"line\":\"{\\\"channel\\\":\\\"cross-platform-transmitter-override\\\",\\\"line\\\":\\\"{\\\\\\\"channel\\\\\\\":\\\\\\\"cross-platform-transmitter-override\\\\\\\",\\\\\\\"line\\\\\\\":\\\\\\\"       [0] ./node_modules/css-loader?minimize!./node_modules/sass-loader/lib/loader.js!./resources/sass/app.scss 156 kB {0} [built]\\\\\\\",\\\\\\\"timestamp\\\\\\\":1516556912452}\\\",\\\"timestamp\\\":1516556913179}\",\"timestamp\":1516556914184}","timestamp":1516556915191}
{"channel":"cross-platform-transmitter-override","line":"{\"channel\":\"cross-platform-transmitter-override\",\"line\":\"{\\\"channel\\\":\\\"cross-platform-transmitter-override\\\",\\\"line\\\":\\\"{\\\\\\\"channel\\\\\\\":\\\\\\\"cross-platform-transmitter-override\\\\\\\",\\\\\\\"line\\\\\\\":\\\\\\\"        + 1 hidden module\\\\\\\",\\\\\\\"timestamp\\\\\\\":1516556912452}\\\",\\\"timestamp\\\":1516556913179}\",\"timestamp\":1516556914184}","timestamp":1516556915191}
{"channel":"cross-platform-transmitter-override","line":"{\"channel\":\"cross-platform-transmitter-override\",\"line\":\"{\\\"channel\\\":\\\"cross-platform-transmitter-override\\\",\\\"line\\\":\\\"{\\\\\\\"channel\\\\\\\":\\\\\\\"cross-platform-transmitter-override\\\\\\\",\\\\\\\"line\\\\\\\":\\\\\\\"xt4fCxyro6ZDwPwuAAAB\\\\\\\",\\\\\\\"timestamp\\\\\\\":1516556912452}\\\",\\\"timestamp\\\":1516556913179}\",\"timestamp\":1516556914184}","timestamp":1516556915191}
{"channel":"cross-platform-transmitter-override","line":"{\"channel\":\"cross-platform-transmitter-override\",\"line\":\"{\\\"channel\\\":\\\"cross-platform-transmitter-override\\\",\\\"line\\\":\\\"{\\\\\\\"channel\\\\\\\":\\\\\\\"cross-platform-transmitter-override\\\\\\\",\\\\\\\"line\\\\\\\":\\\\\\\"Hash: e6c8490e128c8c7f5aec\\\\\\\",\\\\\\\"timestamp\\\\\\\":1516556912452}\\\",\\\"timestamp\\\":1516556913179}\",\"timestamp\":1516556914184}","timestamp":1516556915191}
{"channel":"cross-platform-transmitter-override","line":"{\"channel\":\"cross-platform-transmitter-override\",\"line\":\"{\\\"channel\\\":\\\"cross-platform-transmitter-override\\\",\\\"line\\\":\\\"{\\\\\\\"channel\\\\\\\":\\\\\\\"cross-platform-transmitter-override\\\\\\\",\\\\\\\"line\\\\\\\":\\\\\\\"Version: webpack 3.10.0\\\\\\\",\\\\\\\"timestamp\\\\\\\":1516556912452}\\\",\\\"timestamp\\\":1516556913179}\",\"timestamp\":1516556914184}","timestamp":1516556915191}
{"channel":"cross-platform-transmitter-override","line":"{\"channel\":\"cross-platform-transmitter-override\",\"line\":\"{\\\"channel\\\":\\\"cross-platform-transmitter-override\\\",\\\"line\\\":\\\"{\\\\\\\"channel\\\\\\\":\\\\\\\"cross-platform-transmitter-override\\\\\\\",\\\\\\\"line\\\\\\\":\\\\\\\"Time: 4805ms\\\\\\\",\\\\\\\"timestamp\\\\\\\":1516556912452}\\\",\\\"timestamp\\\":1516556913179}\",\"timestamp\":1516556914184}","timestamp":1516556915191}
{"channel":"cross-platform-transmitter-override","line":"{\"channel\":\"cross-platform-transmitter-override\",\"line\":\"{\\\"channel\\\":\\\"cross-platform-transmitter-override\\\",\\\"line\\\":\\\"{\\\\\\\"channel\\\\\\\":\\\\\\\"cross-platform-transmitter-override\\\\\\\",\\\\\\\"line\\\\\\\":\\\\\\\"   Asset    Size  Chunks                    Chunk Names\\\\\\\",\\\\\\\"timestamp\\\\\\\":1516556912452}\\\",\\\"timestamp\\\":1516556913179}\",\"timestamp\":1516556914184}","timestamp":1516556915191}
{"channel":"cross-platform-transmitter-override","line":"{\"channel\":\"cross-platform-transmitter-override\",\"line\":\"{\\\"channel\\\":\\\"cross-platform-transmitter-override\\\",\\\"line\\\":\\\"{\\\\\\\"channel\\\\\\\":\\\\\\\"cross-platform-transmitter-override\\\\\\\",\\\\\\\"line\\\\\\\":\\\\\\\"atail.js  439 kB       0  [emitted]  [big]  main\\\\\\\",\\\\\\\"timestamp\\\\\\\":1516556912452}\\\",\\\"timestamp\\\":1516556913179}\",\"timestamp\":1516556914184}","timestamp":1516556915191}
{"channel":"cross-platform-transmitter-override","line":"{\"channel\":\"cross-platform-transmitter-override\",\"line\":\"{\\\"channel\\\":\\\"cross-platform-transmitter-override\\\",\\\"line\\\":\\\"{\\\\\\\"channel\\\\\\\":\\\\\\\"cross-platform-transmitter-override\\\\\\\",\\\\\\\"line\\\\\\\":\\\\\\\" app.css  156 kB       0  [emitted]         main\\\\\\\",\\\\\\\"timestamp\\\\\\\":1516556912452}\\\",\\\"timestamp\\\":1516556913179}\",\"timestamp\":1516556914184}","timestamp":1516556915192}
{"channel":"cross-platform-transmitter-override","line":"{\"channel\":\"cross-platform-transmitter-override\",\"line\":\"{\\\"channel\\\":\\\"cross-platform-transmitter-override\\\",\\\"line\\\":\\\"{\\\\\\\"channel\\\\\\\":\\\\\\\"cross-platform-transmitter-override\\\\\\\",\\\\\\\"line\\\\\\\":\\\\\\\"   [6] ./node_modules/babel-loader/lib!./node_modules/vue-loader/lib/selector.js?type=script&index=0!./resources/scripts/VueApp.vue 1.24 kB {0} [built]\\\\\\\",\\\\\\\"timestamp\\\\\\\":1516556912452}\\\",\\\"timestamp\\\":1516556913179}\",\"timestamp\":1516556914184}","timestamp":1516556915192}
{"channel":"cross-platform-transmitter-override","line":"{\"channel\":\"cross-platform-transmitter-override\",\"line\":\"{\\\"channel\\\":\\\"cross-platform-transmitter-override\\\",\\\"line\\\":\\\"{\\\\\\\"channel\\\\\\\":\\\\\\\"cross-platform-transmitter-override\\\\\\\",\\\\\\\"line\\\\\\\":\\\\\\\"   [7] ./node_modules/babel-loader/lib!./node_modules/vue-loader/lib/selector.js?type=script&index=0!./resources/scripts/tailview.vue 356 bytes {0} [built]\\\\\\\",\\\\\\\"timestamp\\\\\\\":1516556912452}\\\",\\\"timestamp\\\":1516556913179}\",\"timestamp\":1516556914184}","timestamp":1516556915192}
{"channel":"cross-platform-transmitter-override","line":"{\"channel\":\"cross-platform-transmitter-override\",\"line\":\"{\\\"channel\\\":\\\"cross-platform-transmitter-override\\\",\\\"line\\\":\\\"{\\\\\\\"channel\\\\\\\":\\\\\\\"cross-platform-transmitter-override\\\\\\\",\\\\\\\"line\\\\\\\":\\\\\\\" [135] ./resources/scripts/VueApp.vue 1.85 kB {0} [built]\\\\\\\",\\\\\\\"timestamp\\\\\\\":1516556912452}\\\",\\\"timestamp\\\":1516556913179}\",\"timestamp\":1516556914184}","timestamp":1516556915192}
{"channel":"cross-platform-transmitter-override","line":"{\"channel\":\"cross-platform-transmitter-override\",\"line\":\"{\\\"channel\\\":\\\"cross-platform-transmitter-override\\\",\\\"line\\\":\\\"{\\\\\\\"channel\\\\\\\":\\\\\\\"cross-platform-transmitter-override\\\\\\\",\\\\\\\"line\\\\\\\":\\\\\\\" [137] ./node_modules/css-loader!./node_modules/vue-loader/lib/style-compiler?{\\\\\\\\\\\\\\\"vue\\\\\\\\\\\\\\\":true,\\\\\\\\\\\\\\\"id\\\\\\\\\\\\\\\":\\\\\\\\\\\\\\\"data-v-521af954\\\\\\\\\\\\\\\",\\\\\\\\\\\\\\\"scoped\\\\\\\\\\\\\\\":false,\\\\\\\\\\\\\\\"hasInlineConfig\\\\\\\\\\\\\\\":false}!./node_modules/vue-loader/lib/selector.js?type=styles&index=0!./resources/scripts/VueApp.vue 322 bytes {0} [built]\\\\\\\",\\\\\\\"timestamp\\\\\\\":1516556912452}\\\",\\\"timestamp\\\":1516556913179}\",\"timestamp\":1516556914184}","timestamp":1516556915192}
{"channel":"cross-platform-transmitter-override","line":"{\"channel\":\"cross-platform-transmitter-override\",\"line\":\"{\\\"channel\\\":\\\"cross-platform-transmitter-override\\\",\\\"line\\\":\\\"{\\\\\\\"channel\\\\\\\":\\\\\\\"cross-platform-transmitter-override\\\\\\\",\\\\\\\"line\\\\\\\":\\\\\\\" [139] ./resources/scripts/tailview.vue 1.87 kB {0} [built]\\\\\\\",\\\\\\\"timestamp\\\\\\\":1516556912452}\\\",\\\"timestamp\\\":1516556913179}\",\"timestamp\":1516556914184}","timestamp":1516556915192}
{"channel":"cross-platform-transmitter-override","line":"{\"channel\":\"cross-platform-transmitter-override\",\"line\":\"{\\\"channel\\\":\\\"cross-platform-transmitter-override\\\",\\\"line\\\":\\\"{\\\\\\\"channel\\\\\\\":\\\\\\\"cross-platform-transmitter-override\\\\\\\",\\\\\\\"line\\\\\\\":\\\\\\\" [141] ./node_modules/css-loader!./node_modules/vue-loader/lib/style-compiler?{\\\\\\\\\\\\\\\"vue\\\\\\\\\\\\\\\":true,\\\\\\\\\\\\\\\"id\\\\\\\\\\\\\\\":\\\\\\\\\\\\\\\"data-v-e0c43fa4\\\\\\\\\\\\\\\",\\\\\\\\\\\\\\\"scoped\\\\\\\\\\\\\\\":true,\\\\\\\\\\\\\\\"hasInlineConfig\\\\\\\\\\\\\\\":false}!./node_modules/vue-loader/lib/selector.js?type=styles&index=0!./resources/scripts/tailview.vue 348 bytes {0} [built]\\\\\\\",\\\\\\\"timestamp\\\\\\\":1516556912452}\\\",\\\"timestamp\\\":1516556913179}\",\"timestamp\":1516556914184}","timestamp":1516556915192}
{"channel":"cross-platform-transmitter-override","line":"{\"channel\":\"cross-platform-transmitter-override\",\"line\":\"{\\\"channel\\\":\\\"cross-platform-transmitter-override\\\",\\\"line\\\":\\\"{\\\\\\\"channel\\\\\\\":\\\\\\\"cross-platform-transmitter-override\\\\\\\",\\\\\\\"line\\\\\\\":\\\\\\\" [142] ./node_modules/vue-loader/lib/template-compiler?{\\\\\\\\\\\\\\\"id\\\\\\\\\\\\\\\":\\\\\\\\\\\\\\\"data-v-e0c43fa4\\\\\\\\\\\\\\\",\\\\\\\\\\\\\\\"hasScoped\\\\\\\\\\\\\\\":true,\\\\\\\\\\\\\\\"buble\\\\\\\\\\\\\\\":{\\\\\\\\\\\\\\\"transforms\\\\\\\\\\\\\\\":{}}}!./node_modules/vue-loader/lib/selector.js?type=template&index=0!./resources/scripts/tailview.vue 905 bytes {0} [built]\\\\\\\",\\\\\\\"timestamp\\\\\\\":1516556912452}\\\",\\\"timestamp\\\":1516556913179}\",\"timestamp\":1516556914184}","timestamp":1516556915192}
{"channel":"cross-platform-transmitter-override","line":"{\"channel\":\"cross-platform-transmitter-override\",\"line\":\"{\\\"channel\\\":\\\"cross-platform-transmitter-override\\\",\\\"line\\\":\\\"{\\\\\\\"channel\\\\\\\":\\\\\\\"cross-platform-transmitter-override\\\\\\\",\\\\\\\"line\\\\\\\":\\\\\\\" [151] ./node_modules/vue-loader/lib/template-compiler?{\\\\\\\\\\\\\\\"id\\\\\\\\\\\\\\\":\\\\\\\\\\\\\\\"data-v-521af954\\\\\\\\\\\\\\\",\\\\\\\\\\\\\\\"hasScoped\\\\\\\\\\\\\\\":false,\\\\\\\\\\\\\\\"buble\\\\\\\\\\\\\\\":{\\\\\\\\\\\\\\\"transforms\\\\\\\\\\\\\\\":{}}}!./node_modules/vue-loader/lib/selector.js?type=template&index=0!./resources/scripts/VueApp.vue 1.23 kB {0} [built]\\\\\\\",\\\\\\\"timestamp\\\\\\\":1516556912452}\\\",\\\"timestamp\\\":1516556913179}\",\"timestamp\":1516556914184}","timestamp":1516556915192}
{"channel":"cross-platform-transmitter-override","line":"{\"channel\":\"cross-platform-transmitter-override\",\"line\":\"{\\\"channel\\\":\\\"cross-platform-transmitter-override\\\",\\\"line\\\":\\\"{\\\\\\\"channel\\\\\\\":\\\\\\\"cross-platform-transmitter-override\\\\\\\",\\\\\\\"line\\\\\\\":\\\\\\\" [156] ./node_modules/moment/locale ^\\\\\\\\\\\\\\\\.\\\\\\\\\\\\\\\\/.*$ 2.88 kB {0} [optional] [built]\\\\\\\",\\\\\\\"timestamp\\\\\\\":1516556912452}\\\",\\\"timestamp\\\":1516556913179}\",\"timestamp\":1516556914184}","timestamp":1516556915192}
{"channel":"cross-platform-transmitter-override","line":"{\"channel\":\"cross-platform-transmitter-override\",\"line\":\"{\\\"channel\\\":\\\"cross-platform-transmitter-override\\\",\\\"line\\\":\\\"{\\\\\\\"channel\\\\\\\":\\\\\\\"cross-platform-transmitter-override\\\\\\\",\\\\\\\"line\\\\\\\":\\\\\\\"    + 149 hidden modules\\\\\\\",\\\\\\\"timestamp\\\\\\\":1516556912452}\\\",\\\"timestamp\\\":1516556913179}\",\"timestamp\":1516556914184}","timestamp":1516556915192}
{"channel":"cross-platform-transmitter-override","line":"{\"channel\":\"cross-platform-transmitter-override\",\"line\":\"{\\\"channel\\\":\\\"cross-platform-transmitter-override\\\",\\\"line\\\":\\\"{\\\\\\\"channel\\\\\\\":\\\\\\\"cross-platform-transmitter-override\\\\\\\",\\\\\\\"line\\\\\\\":\\\\\\\"{\\\\\\\\\\\\\\\"channel\\\\\\\\\\\\\\\":\\\\\\\\\\\\\\\"cross-platform-transmitter-override\\\\\\\\\\\\\\\",\\\\\\\\\\\\\\\"line\\\\\\\\\\\\\\\":\\\\\\\\\\\\\\\"> adonis-fullstack-app@4.0.0 dev C:\\\\\\\\\\\\\\\\\\\\\\\\\\\\\\\\Users\\\\\\\\\\\\\\\\\\\\\\\\\\\\\\\\Andrea\\\\\\\\\\\\\\\\\\\\\\\\\\\\\\\\Desktop\\\\\\\\\\\\\\\\\\\\\\\\\\\\\\\\Dev\\\\\\\\\\\\\\\\\\\\\\\\\\\\\\\\atail-server\\\\\\\\\\\\\\\",\\\\\\\\\\\\\\\"timestamp\\\\\\\\\\\\\\\":1516556912451}\\\\\\\",\\\\\\\"timestamp\\\\\\\":1516556913178}\\\",\\\"timestamp\\\":1516556914183}\",\"timestamp\":1516556915191}","timestamp":1516556916221}
{"channel":"cross-platform-transmitter-override","line":"{\"channel\":\"cross-platform-transmitter-override\",\"line\":\"{\\\"channel\\\":\\\"cross-platform-transmitter-override\\\",\\\"line\\\":\\\"{\\\\\\\"channel\\\\\\\":\\\\\\\"cross-platform-transmitter-override\\\\\\\",\\\\\\\"line\\\\\\\":\\\\\\\"{\\\\\\\\\\\\\\\"channel\\\\\\\\\\\\\\\":\\\\\\\\\\\\\\\"cross-platform-transmitter-override\\\\\\\\\\\\\\\",\\\\\\\\\\\\\\\"line\\\\\\\\\\\\\\\":\\\\\\\\\\\\\\\"> webpack --watch\\\\\\\\\\\\\\\",\\\\\\\\\\\\\\\"timestamp\\\\\\\\\\\\\\\":1516556912451}\\\\\\\",\\\\\\\"timestamp\\\\\\\":1516556913178}\\\",\\\"timestamp\\\":1516556914183}\",\"timestamp\":1516556915191}","timestamp":1516556916221}
{"channel":"cross-platform-transmitter-override","line":"{\"channel\":\"cross-platform-transmitter-override\",\"line\":\"{\\\"channel\\\":\\\"cross-platform-transmitter-override\\\",\\\"line\\\":\\\"{\\\\\\\"channel\\\\\\\":\\\\\\\"cross-platform-transmitter-override\\\\\\\",\\\\\\\"line\\\\\\\":\\\\\\\"{\\\\\\\\\\\\\\\"channel\\\\\\\\\\\\\\\":\\\\\\\\\\\\\\\"cross-platform-transmitter-override\\\\\\\\\\\\\\\",\\\\\\\\\\\\\\\"line\\\\\\\\\\\\\\\":\\\\\\\\\\\\\\\"Executing pre-build scripts\\\\\\\\\\\\\\\",\\\\\\\\\\\\\\\"timestamp\\\\\\\\\\\\\\\":1516556912451}\\\\\\\",\\\\\\\"timestamp\\\\\\\":1516556913178}\\\",\\\"timestamp\\\":1516556914183}\",\"timestamp\":1516556915191}","timestamp":1516556916221}
{"channel":"cross-platform-transmitter-override","line":"{\"channel\":\"cross-platform-transmitter-override\",\"line\":\"{\\\"channel\\\":\\\"cross-platform-transmitter-override\\\",\\\"line\\\":\\\"{\\\\\\\"channel\\\\\\\":\\\\\\\"cross-platform-transmitter-override\\\\\\\",\\\\\\\"line\\\\\\\":\\\\\\\"{\\\\\\\\\\\\\\\"channel\\\\\\\\\\\\\\\":\\\\\\\\\\\\\\\"cross-platform-transmitter-override\\\\\\\\\\\\\\\",\\\\\\\\\\\\\\\"line\\\\\\\\\\\\\\\":\\\\\\\\\\\\\\\"Webpack is watching the files…\\\\\\\\\\\\\\\",\\\\\\\\\\\\\\\"timestamp\\\\\\\\\\\\\\\":1516556912451}\\\\\\\",\\\\\\\"timestamp\\\\\\\":1516556913178}\\\",\\\"timestamp\\\":1516556914183}\",\"timestamp\":1516556915191}","timestamp":1516556916221}
{"channel":"cross-platform-transmitter-override","line":"{\"channel\":\"cross-platform-transmitter-override\",\"line\":\"{\\\"channel\\\":\\\"cross-platform-transmitter-override\\\",\\\"line\\\":\\\"{\\\\\\\"channel\\\\\\\":\\\\\\\"cross-platform-transmitter-override\\\\\\\",\\\\\\\"line\\\\\\\":\\\\\\\"{\\\\\\\\\\\\\\\"channel\\\\\\\\\\\\\\\":\\\\\\\\\\\\\\\"cross-platform-transmitter-override\\\\\\\\\\\\\\\",\\\\\\\\\\\\\\\"line\\\\\\\\\\\\\\\":\\\\\\\\\\\\\\\"┌──────────────────────┐\\\\\\\\\\\\\\\",\\\\\\\\\\\\\\\"timestamp\\\\\\\\\\\\\\\":1516556912451}\\\\\\\",\\\\\\\"timestamp\\\\\\\":1516556913178}\\\",\\\"timestamp\\\":1516556914183}\",\"timestamp\":1516556915191}","timestamp":1516556916221}
{"channel":"cross-platform-transmitter-override","line":"{\"channel\":\"cross-platform-transmitter-override\",\"line\":\"{\\\"channel\\\":\\\"cross-platform-transmitter-override\\\",\\\"line\\\":\\\"{\\\\\\\"channel\\\\\\\":\\\\\\\"cross-platform-transmitter-override\\\\\\\",\\\\\\\"line\\\\\\\":\\\\\\\"{\\\\\\\\\\\\\\\"channel\\\\\\\\\\\\\\\":\\\\\\\\\\\\\\\"cross-platform-transmitter-override\\\\\\\\\\\\\\\",\\\\\\\\\\\\\\\"line\\\\\\\\\\\\\\\":\\\\\\\\\\\\\\\"│                      │\\\\\\\\\\\\\\\",\\\\\\\\\\\\\\\"timestamp\\\\\\\\\\\\\\\":1516556912451}\\\\\\\",\\\\\\\"timestamp\\\\\\\":1516556913178}\\\",\\\"timestamp\\\":1516556914183}\",\"timestamp\":1516556915191}","timestamp":1516556916221}
{"channel":"cross-platform-transmitter-override","line":"{\"channel\":\"cross-platform-transmitter-override\",\"line\":\"{\\\"channel\\\":\\\"cross-platform-transmitter-override\\\",\\\"line\\\":\\\"{\\\\\\\"channel\\\\\\\":\\\\\\\"cross-platform-transmitter-override\\\\\\\",\\\\\\\"line\\\\\\\":\\\\\\\"{\\\\\\\\\\\\\\\"channel\\\\\\\\\\\\\\\":\\\\\\\\\\\\\\\"cross-platform-transmitter-override\\\\\\\\\\\\\\\",\\\\\\\\\\\\\\\"line\\\\\\\\\\\\\\\":\\\\\\\\\\\\\\\"│    Started server    │\\\\\\\\\\\\\\\",\\\\\\\\\\\\\\\"timestamp\\\\\\\\\\\\\\\":1516556912451}\\\\\\\",\\\\\\\"timestamp\\\\\\\":1516556913178}\\\",\\\"timestamp\\\":1516556914184}\",\"timestamp\":1516556915191}","timestamp":1516556916221}
{"channel":"cross-platform-transmitter-override","line":"{\"channel\":\"cross-platform-transmitter-override\",\"line\":\"{\\\"channel\\\":\\\"cross-platform-transmitter-override\\\",\\\"line\\\":\\\"{\\\\\\\"channel\\\\\\\":\\\\\\\"cross-platform-transmitter-override\\\\\\\",\\\\\\\"line\\\\\\\":\\\\\\\"{\\\\\\\\\\\\\\\"channel\\\\\\\\\\\\\\\":\\\\\\\\\\\\\\\"cross-platform-transmitter-override\\\\\\\\\\\\\\\",\\\\\\\\\\\\\\\"line\\\\\\\\\\\\\\\":\\\\\\\\\\\\\\\"│    Watcher: On       │\\\\\\\\\\\\\\\",\\\\\\\\\\\\\\\"timestamp\\\\\\\\\\\\\\\":1516556912451}\\\\\\\",\\\\\\\"timestamp\\\\\\\":1516556913178}\\\",\\\"timestamp\\\":1516556914184}\",\"timestamp\":1516556915191}","timestamp":1516556916221}
{"channel":"cross-platform-transmitter-override","line":"{\"channel\":\"cross-platform-transmitter-override\",\"line\":\"{\\\"channel\\\":\\\"cross-platform-transmitter-override\\\",\\\"line\\\":\\\"{\\\\\\\"channel\\\\\\\":\\\\\\\"cross-platform-transmitter-override\\\\\\\",\\\\\\\"line\\\\\\\":\\\\\\\"{\\\\\\\\\\\\\\\"channel\\\\\\\\\\\\\\\":\\\\\\\\\\\\\\\"cross-platform-transmitter-override\\\\\\\\\\\\\\\",\\\\\\\\\\\\\\\"line\\\\\\\\\\\\\\\":\\\\\\\\\\\\\\\"│    Debugger: Off     │\\\\\\\\\\\\\\\",\\\\\\\\\\\\\\\"timestamp\\\\\\\\\\\\\\\":1516556912451}\\\\\\\",\\\\\\\"timestamp\\\\\\\":1516556913178}\\\",\\\"timestamp\\\":1516556914184}\",\"timestamp\":1516556915191}","timestamp":1516556916221}
{"channel":"cross-platform-transmitter-override","line":"{\"channel\":\"cross-platform-transmitter-override\",\"line\":\"{\\\"channel\\\":\\\"cross-platform-transmitter-override\\\",\\\"line\\\":\\\"{\\\\\\\"channel\\\\\\\":\\\\\\\"cross-platform-transmitter-override\\\\\\\",\\\\\\\"line\\\\\\\":\\\\\\\"{\\\\\\\\\\\\\\\"channel\\\\\\\\\\\\\\\":\\\\\\\\\\\\\\\"cross-platform-transmitter-override\\\\\\\\\\\\\\\",\\\\\\\\\\\\\\\"line\\\\\\\\\\\\\\\":\\\\\\\\\\\\\\\"│                      │\\\\\\\\\\\\\\\",\\\\\\\\\\\\\\\"timestamp\\\\\\\\\\\\\\\":1516556912451}\\\\\\\",\\\\\\\"timestamp\\\\\\\":1516556913178}\\\",\\\"timestamp\\\":1516556914184}\",\"timestamp\":1516556915191}","timestamp":1516556916221}
{"channel":"cross-platform-transmitter-override","line":"{\"channel\":\"cross-platform-transmitter-override\",\"line\":\"{\\\"channel\\\":\\\"cross-platform-transmitter-override\\\",\\\"line\\\":\\\"{\\\\\\\"channel\\\\\\\":\\\\\\\"cross-platform-transmitter-override\\\\\\\",\\\\\\\"line\\\\\\\":\\\\\\\"{\\\\\\\\\\\\\\\"channel\\\\\\\\\\\\\\\":\\\\\\\\\\\\\\\"cross-platform-transmitter-override\\\\\\\\\\\\\\\",\\\\\\\\\\\\\\\"line\\\\\\\\\\\\\\\":\\\\\\\\\\\\\\\"└──────────────────────┘\\\\\\\\\\\\\\\",\\\\\\\\\\\\\\\"timestamp\\\\\\\\\\\\\\\":1516556912451}\\\\\\\",\\\\\\\"timestamp\\\\\\\":1516556913178}\\\",\\\"timestamp\\\":1516556914184}\",\"timestamp\":1516556915191}","timestamp":1516556916221}
{"channel":"cross-platform-transmitter-override","line":"{\"channel\":\"cross-platform-transmitter-override\",\"line\":\"{\\\"channel\\\":\\\"cross-platform-transmitter-override\\\",\\\"line\\\":\\\"{\\\\\\\"channel\\\\\\\":\\\\\\\"cross-platform-transmitter-override\\\\\\\",\\\\\\\"line\\\\\\\":\\\\\\\"{\\\\\\\\\\\\\\\"channel\\\\\\\\\\\\\\\":\\\\\\\\\\\\\\\"cross-platform-transmitter-override\\\\\\\\\\\\\\\",\\\\\\\\\\\\\\\"line\\\\\\\\\\\\\\\":\\\\\\\\\\\\\\\"RDPServer constructor\\\\\\\\\\\\\\\",\\\\\\\\\\\\\\\"timestamp\\\\\\\\\\\\\\\":1516556912451}\\\\\\\",\\\\\\\"timestamp\\\\\\\":1516556913178}\\\",\\\"timestamp\\\":1516556914184}\",\"timestamp\":1516556915191}","timestamp":1516556916221}
{"channel":"cross-platform-transmitter-override","line":"{\"channel\":\"cross-platform-transmitter-override\",\"line\":\"{\\\"channel\\\":\\\"cross-platform-transmitter-override\\\",\\\"line\\\":\\\"{\\\\\\\"channel\\\\\\\":\\\\\\\"cross-platform-transmitter-override\\\\\\\",\\\\\\\"line\\\\\\\":\\\\\\\"{\\\\\\\\\\\\\\\"channel\\\\\\\\\\\\\\\":\\\\\\\\\\\\\\\"cross-platform-transmitter-override\\\\\\\\\\\\\\\",\\\\\\\\\\\\\\\"line\\\\\\\\\\\\\\\":\\\\\\\\\\\\\\\"Server start\\\\\\\\\\\\\\\",\\\\\\\\\\\\\\\"timestamp\\\\\\\\\\\\\\\":1516556912451}\\\\\\\",\\\\\\\"timestamp\\\\\\\":1516556913178}\\\",\\\"timestamp\\\":1516556914184}\",\"timestamp\":1516556915191}","timestamp":1516556916221}
{"channel":"cross-platform-transmitter-override","line":"{\"channel\":\"cross-platform-transmitter-override\",\"line\":\"{\\\"channel\\\":\\\"cross-platform-transmitter-override\\\",\\\"line\\\":\\\"{\\\\\\\"channel\\\\\\\":\\\\\\\"cross-platform-transmitter-override\\\\\\\",\\\\\\\"line\\\\\\\":\\\\\\\"{\\\\\\\\\\\\\\\"channel\\\\\\\\\\\\\\\":\\\\\\\\\\\\\\\"cross-platform-transmitter-override\\\\\\\\\\\\\\\",\\\\\\\\\\\\\\\"line\\\\\\\\\\\\\\\":\\\\\\\\\\\\\\\"server listening \\\\\\\\\\\\\\\",\\\\\\\\\\\\\\\"timestamp\\\\\\\\\\\\\\\":1516556912451}\\\\\\\",\\\\\\\"timestamp\\\\\\\":1516556913178}\\\",\\\"timestamp\\\":1516556914184}\",\"timestamp\":1516556915191}","timestamp":1516556916221}
{"channel":"cross-platform-transmitter-override","line":"{\"channel\":\"cross-platform-transmitter-override\",\"line\":\"{\\\"channel\\\":\\\"cross-platform-transmitter-override\\\",\\\"line\\\":\\\"{\\\\\\\"channel\\\\\\\":\\\\\\\"cross-platform-transmitter-override\\\\\\\",\\\\\\\"line\\\\\\\":\\\\\\\"{\\\\\\\\\\\\\\\"channel\\\\\\\\\\\\\\\":\\\\\\\\\\\\\\\"cross-platform-transmitter-override\\\\\\\\\\\\\\\",\\\\\\\\\\\\\\\"line\\\\\\\\\\\\\\\":\\\\\\\\\\\\\\\"2018-01-21T17:47:37.957Z - \\\\\\\\\\\\\\\\u001b[32minfo\\\\\\\\\\\\\\\\u001b[39m: \\\\\\\\\\\\\\\\u001b[32mserving app on http://127.0.0.1:3333\\\\\\\\\\\\\\\\u001b[39m\\\\\\\\\\\\\\\",\\\\\\\\\\\\\\\"timestamp\\\\\\\\\\\\\\\":1516556912451}\\\\\\\",\\\\\\\"timestamp\\\\\\\":1516556913178}\\\",\\\"timestamp\\\":1516556914184}\",\"timestamp\":1516556915191}","timestamp":1516556916221}
{"channel":"cross-platform-transmitter-override","line":"{\"channel\":\"cross-platform-transmitter-override\",\"line\":\"{\\\"channel\\\":\\\"cross-platform-transmitter-override\\\",\\\"line\\\":\\\"{\\\\\\\"channel\\\\\\\":\\\\\\\"cross-platform-transmitter-override\\\\\\\",\\\\\\\"line\\\\\\\":\\\\\\\"{\\\\\\\\\\\\\\\"channel\\\\\\\\\\\\\\\":\\\\\\\\\\\\\\\"cross-platform-transmitter-override\\\\\\\\\\\\\\\",\\\\\\\\\\\\\\\"line\\\\\\\\\\\\\\\":\\\\\\\\\\\\\\\"Beqtsid1kcrJpYqkAAAA\\\\\\\\\\\\\\\",\\\\\\\\\\\\\\\"timestamp\\\\\\\\\\\\\\\":1516556912451}\\\\\\\",\\\\\\\"timestamp\\\\\\\":1516556913178}\\\",\\\"timestamp\\\":1516556914184}\",\"timestamp\":1516556915191}","timestamp":1516556916221}
{"channel":"cross-platform-transmitter-override","line":"{\"channel\":\"cross-platform-transmitter-override\",\"line\":\"{\\\"channel\\\":\\\"cross-platform-transmitter-override\\\",\\\"line\\\":\\\"{\\\\\\\"channel\\\\\\\":\\\\\\\"cross-platform-transmitter-override\\\\\\\",\\\\\\\"line\\\\\\\":\\\\\\\"{\\\\\\\\\\\\\\\"channel\\\\\\\\\\\\\\\":\\\\\\\\\\\\\\\"cross-platform-transmitter-override\\\\\\\\\\\\\\\",\\\\\\\\\\\\\\\"line\\\\\\\\\\\\\\\":\\\\\\\\\\\\\\\"Hash: a584760177f7e74478b9\\\\\\\\\\\\\\\",\\\\\\\\\\\\\\\"timestamp\\\\\\\\\\\\\\\":1516556912451}\\\\\\\",\\\\\\\"timestamp\\\\\\\":1516556913178}\\\",\\\"timestamp\\\":1516556914184}\",\"timestamp\":1516556915191}","timestamp":1516556916221}
{"channel":"cross-platform-transmitter-override","line":"{\"channel\":\"cross-platform-transmitter-override\",\"line\":\"{\\\"channel\\\":\\\"cross-platform-transmitter-override\\\",\\\"line\\\":\\\"{\\\\\\\"channel\\\\\\\":\\\\\\\"cross-platform-transmitter-override\\\\\\\",\\\\\\\"line\\\\\\\":\\\\\\\"{\\\\\\\\\\\\\\\"channel\\\\\\\\\\\\\\\":\\\\\\\\\\\\\\\"cross-platform-transmitter-override\\\\\\\\\\\\\\\",\\\\\\\\\\\\\\\"line\\\\\\\\\\\\\\\":\\\\\\\\\\\\\\\"Version: webpack 3.10.0\\\\\\\\\\\\\\\",\\\\\\\\\\\\\\\"timestamp\\\\\\\\\\\\\\\":1516556912451}\\\\\\\",\\\\\\\"timestamp\\\\\\\":1516556913178}\\\",\\\"timestamp\\\":1516556914184}\",\"timestamp\":1516556915191}","timestamp":1516556916221}
{"channel":"cross-platform-transmitter-override","line":"{\"channel\":\"cross-platform-transmitter-override\",\"line\":\"{\\\"channel\\\":\\\"cross-platform-transmitter-override\\\",\\\"line\\\":\\\"{\\\\\\\"channel\\\\\\\":\\\\\\\"cross-platform-transmitter-override\\\\\\\",\\\\\\\"line\\\\\\\":\\\\\\\"{\\\\\\\\\\\\\\\"channel\\\\\\\\\\\\\\\":\\\\\\\\\\\\\\\"cross-platform-transmitter-override\\\\\\\\\\\\\\\",\\\\\\\\\\\\\\\"line\\\\\\\\\\\\\\\":\\\\\\\\\\\\\\\"Time: 17325ms\\\\\\\\\\\\\\\",\\\\\\\\\\\\\\\"timestamp\\\\\\\\\\\\\\\":1516556912451}\\\\\\\",\\\\\\\"timestamp\\\\\\\":1516556913178}\\\",\\\"timestamp\\\":1516556914184}\",\"timestamp\":1516556915191}","timestamp":1516556916221}
{"channel":"cross-platform-transmitter-override","line":"{\"channel\":\"cross-platform-transmitter-override\",\"line\":\"{\\\"channel\\\":\\\"cross-platform-transmitter-override\\\",\\\"line\\\":\\\"{\\\\\\\"channel\\\\\\\":\\\\\\\"cross-platform-transmitter-override\\\\\\\",\\\\\\\"line\\\\\\\":\\\\\\\"{\\\\\\\\\\\\\\\"channel\\\\\\\\\\\\\\\":\\\\\\\\\\\\\\\"cross-platform-transmitter-override\\\\\\\\\\\\\\\",\\\\\\\\\\\\\\\"line\\\\\\\\\\\\\\\":\\\\\\\\\\\\\\\"   Asset    Size  Chunks                    Chunk Names\\\\\\\\\\\\\\\",\\\\\\\\\\\\\\\"timestamp\\\\\\\\\\\\\\\":1516556912451}\\\\\\\",\\\\\\\"timestamp\\\\\\\":1516556913178}\\\",\\\"timestamp\\\":1516556914184}\",\"timestamp\":1516556915191}","timestamp":1516556916222}
{"channel":"cross-platform-transmitter-override","line":"{\"channel\":\"cross-platform-transmitter-override\",\"line\":\"{\\\"channel\\\":\\\"cross-platform-transmitter-override\\\",\\\"line\\\":\\\"{\\\\\\\"channel\\\\\\\":\\\\\\\"cross-platform-transmitter-override\\\\\\\",\\\\\\\"line\\\\\\\":\\\\\\\"{\\\\\\\\\\\\\\\"channel\\\\\\\\\\\\\\\":\\\\\\\\\\\\\\\"cross-platform-transmitter-override\\\\\\\\\\\\\\\",\\\\\\\\\\\\\\\"line\\\\\\\\\\\\\\\":\\\\\\\\\\\\\\\"atail.js  439 kB       0  [emitted]  [big]  main\\\\\\\\\\\\\\\",\\\\\\\\\\\\\\\"timestamp\\\\\\\\\\\\\\\":1516556912451}\\\\\\\",\\\\\\\"timestamp\\\\\\\":1516556913178}\\\",\\\"timestamp\\\":1516556914184}\",\"timestamp\":1516556915191}","timestamp":1516556916222}
{"channel":"cross-platform-transmitter-override","line":"{\"channel\":\"cross-platform-transmitter-override\",\"line\":\"{\\\"channel\\\":\\\"cross-platform-transmitter-override\\\",\\\"line\\\":\\\"{\\\\\\\"channel\\\\\\\":\\\\\\\"cross-platform-transmitter-override\\\\\\\",\\\\\\\"line\\\\\\\":\\\\\\\"{\\\\\\\\\\\\\\\"channel\\\\\\\\\\\\\\\":\\\\\\\\\\\\\\\"cross-platform-transmitter-override\\\\\\\\\\\\\\\",\\\\\\\\\\\\\\\"line\\\\\\\\\\\\\\\":\\\\\\\\\\\\\\\" app.css  156 kB       0  [emitted]         main\\\\\\\\\\\\\\\",\\\\\\\\\\\\\\\"timestamp\\\\\\\\\\\\\\\":1516556912451}\\\\\\\",\\\\\\\"timestamp\\\\\\\":1516556913178}\\\",\\\"timestamp\\\":1516556914184}\",\"timestamp\":1516556915191}","timestamp":1516556916222}
{"channel":"cross-platform-transmitter-override","line":"{\"channel\":\"cross-platform-transmitter-override\",\"line\":\"{\\\"channel\\\":\\\"cross-platform-transmitter-override\\\",\\\"line\\\":\\\"{\\\\\\\"channel\\\\\\\":\\\\\\\"cross-platform-transmitter-override\\\\\\\",\\\\\\\"line\\\\\\\":\\\\\\\"{\\\\\\\\\\\\\\\"channel\\\\\\\\\\\\\\\":\\\\\\\\\\\\\\\"cross-platform-transmitter-override\\\\\\\\\\\\\\\",\\\\\\\\\\\\\\\"line\\\\\\\\\\\\\\\":\\\\\\\\\\\\\\\"   [4] (webpack)/buildin/global.js 509 bytes {0} [built]\\\\\\\\\\\\\\\",\\\\\\\\\\\\\\\"timestamp\\\\\\\\\\\\\\\":1516556912451}\\\\\\\",\\\\\\\"timestamp\\\\\\\":1516556913179}\\\",\\\"timestamp\\\":1516556914184}\",\"timestamp\":1516556915191}","timestamp":1516556916222}
{"channel":"cross-platform-transmitter-override","line":"{\"channel\":\"cross-platform-transmitter-override\",\"line\":\"{\\\"channel\\\":\\\"cross-platform-transmitter-override\\\",\\\"line\\\":\\\"{\\\\\\\"channel\\\\\\\":\\\\\\\"cross-platform-transmitter-override\\\\\\\",\\\\\\\"line\\\\\\\":\\\\\\\"{\\\\\\\\\\\\\\\"channel\\\\\\\\\\\\\\\":\\\\\\\\\\\\\\\"cross-platform-transmitter-override\\\\\\\\\\\\\\\",\\\\\\\\\\\\\\\"line\\\\\\\\\\\\\\\":\\\\\\\\\\\\\\\"   [6] ./node_modules/babel-loader/lib!./node_modules/vue-loader/lib/selector.js?type=script&index=0!./resources/scripts/VueApp.vue 1.24 kB {0} [built]\\\\\\\\\\\\\\\",\\\\\\\\\\\\\\\"timestamp\\\\\\\\\\\\\\\":1516556912451}\\\\\\\",\\\\\\\"timestamp\\\\\\\":1516556913179}\\\",\\\"timestamp\\\":1516556914184}\",\"timestamp\":1516556915191}","timestamp":1516556916222}
{"channel":"cross-platform-transmitter-override","line":"{\"channel\":\"cross-platform-transmitter-override\",\"line\":\"{\\\"channel\\\":\\\"cross-platform-transmitter-override\\\",\\\"line\\\":\\\"{\\\\\\\"channel\\\\\\\":\\\\\\\"cross-platform-transmitter-override\\\\\\\",\\\\\\\"line\\\\\\\":\\\\\\\"{\\\\\\\\\\\\\\\"channel\\\\\\\\\\\\\\\":\\\\\\\\\\\\\\\"cross-platform-transmitter-override\\\\\\\\\\\\\\\",\\\\\\\\\\\\\\\"line\\\\\\\\\\\\\\\":\\\\\\\\\\\\\\\" [129] multi ./resources/scripts/app.js ./resources/sass/app.scss 40 bytes {0} [built]\\\\\\\\\\\\\\\",\\\\\\\\\\\\\\\"timestamp\\\\\\\\\\\\\\\":1516556912451}\\\\\\\",\\\\\\\"timestamp\\\\\\\":1516556913179}\\\",\\\"timestamp\\\":1516556914184}\",\"timestamp\":1516556915191}","timestamp":1516556916222}
{"channel":"cross-platform-transmitter-override","line":"{\"channel\":\"cross-platform-transmitter-override\",\"line\":\"{\\\"channel\\\":\\\"cross-platform-transmitter-override\\\",\\\"line\\\":\\\"{\\\\\\\"channel\\\\\\\":\\\\\\\"cross-platform-transmitter-override\\\\\\\",\\\\\\\"line\\\\\\\":\\\\\\\"{\\\\\\\\\\\\\\\"channel\\\\\\\\\\\\\\\":\\\\\\\\\\\\\\\"cross-platform-transmitter-override\\\\\\\\\\\\\\\",\\\\\\\\\\\\\\\"line\\\\\\\\\\\\\\\":\\\\\\\\\\\\\\\" [130] ./resources/scripts/app.js 957 bytes {0} [built]\\\\\\\\\\\\\\\",\\\\\\\\\\\\\\\"timestamp\\\\\\\\\\\\\\\":1516556912451}\\\\\\\",\\\\\\\"timestamp\\\\\\\":1516556913179}\\\",\\\"timestamp\\\":1516556914184}\",\"timestamp\":1516556915191}","timestamp":1516556916222}
{"channel":"cross-platform-transmitter-override","line":"{\"channel\":\"cross-platform-transmitter-override\",\"line\":\"{\\\"channel\\\":\\\"cross-platform-transmitter-override\\\",\\\"line\\\":\\\"{\\\\\\\"channel\\\\\\\":\\\\\\\"cross-platform-transmitter-override\\\\\\\",\\\\\\\"line\\\\\\\":\\\\\\\"{\\\\\\\\\\\\\\\"channel\\\\\\\\\\\\\\\":\\\\\\\\\\\\\\\"cross-platform-transmitter-override\\\\\\\\\\\\\\\",\\\\\\\\\\\\\\\"line\\\\\\\\\\\\\\\":\\\\\\\\\\\\\\\" [135] ./resources/scripts/VueApp.vue 1.85 kB {0} [built]\\\\\\\\\\\\\\\",\\\\\\\\\\\\\\\"timestamp\\\\\\\\\\\\\\\":1516556912451}\\\\\\\",\\\\\\\"timestamp\\\\\\\":1516556913179}\\\",\\\"timestamp\\\":1516556914184}\",\"timestamp\":1516556915191}","timestamp":1516556916222}
{"channel":"cross-platform-transmitter-override","line":"{\"channel\":\"cross-platform-transmitter-override\",\"line\":\"{\\\"channel\\\":\\\"cross-platform-transmitter-override\\\",\\\"line\\\":\\\"{\\\\\\\"channel\\\\\\\":\\\\\\\"cross-platform-transmitter-override\\\\\\\",\\\\\\\"line\\\\\\\":\\\\\\\"{\\\\\\\\\\\\\\\"channel\\\\\\\\\\\\\\\":\\\\\\\\\\\\\\\"cross-platform-transmitter-override\\\\\\\\\\\\\\\",\\\\\\\\\\\\\\\"line\\\\\\\\\\\\\\\":\\\\\\\\\\\\\\\" [136] ./node_modules/vue-style-loader!./node_modules/css-loader!./node_modules/vue-loader/lib/style-compiler?{\\\\\\\\\\\\\\\\\\\\\\\\\\\\\\\"vue\\\\\\\\\\\\\\\\\\\\\\\\\\\\\\\":true,\\\\\\\\\\\\\\\\\\\\\\\\\\\\\\\"id\\\\\\\\\\\\\\\\\\\\\\\\\\\\\\\":\\\\\\\\\\\\\\\\\\\\\\\\\\\\\\\"data-v-521af954\\\\\\\\\\\\\\\\\\\\\\\\\\\\\\\",\\\\\\\\\\\\\\\\\\\\\\\\\\\\\\\"scoped\\\\\\\\\\\\\\\\\\\\\\\\\\\\\\\":false,\\\\\\\\\\\\\\\\\\\\\\\\\\\\\\\"hasInlineConfig\\\\\\\\\\\\\\\\\\\\\\\\\\\\\\\":false}!./node_modules/vue-loader/lib/selector.js?type=styles&index=0!./resources/scripts/VueApp.vue 1.58 kB {0} [built]\\\\\\\\\\\\\\\",\\\\\\\\\\\\\\\"timestamp\\\\\\\\\\\\\\\":1516556912451}\\\\\\\",\\\\\\\"timestamp\\\\\\\":1516556913179}\\\",\\\"timestamp\\\":1516556914184}\",\"timestamp\":1516556915191}","timestamp":1516556916222}
{"channel":"cross-platform-transmitter-override","line":"{\"channel\":\"cross-platform-transmitter-override\",\"line\":\"{\\\"channel\\\":\\\"cross-platform-transmitter-override\\\",\\\"line\\\":\\\"{\\\\\\\"channel\\\\\\\":\\\\\\\"cross-platform-transmitter-override\\\\\\\",\\\\\\\"line\\\\\\\":\\\\\\\"{\\\\\\\\\\\\\\\"channel\\\\\\\\\\\\\\\":\\\\\\\\\\\\\\\"cross-platform-transmitter-override\\\\\\\\\\\\\\\",\\\\\\\\\\\\\\\"line\\\\\\\\\\\\\\\":\\\\\\\\\\\\\\\" [137] ./node_modules/css-loader!./node_modules/vue-loader/lib/style-compiler?{\\\\\\\\\\\\\\\\\\\\\\\\\\\\\\\"vue\\\\\\\\\\\\\\\\\\\\\\\\\\\\\\\":true,\\\\\\\\\\\\\\\\\\\\\\\\\\\\\\\"id\\\\\\\\\\\\\\\\\\\\\\\\\\\\\\\":\\\\\\\\\\\\\\\\\\\\\\\\\\\\\\\"data-v-521af954\\\\\\\\\\\\\\\\\\\\\\\\\\\\\\\",\\\\\\\\\\\\\\\\\\\\\\\\\\\\\\\"scoped\\\\\\\\\\\\\\\\\\\\\\\\\\\\\\\":false,\\\\\\\\\\\\\\\\\\\\\\\\\\\\\\\"hasInlineConfig\\\\\\\\\\\\\\\\\\\\\\\\\\\\\\\":false}!./node_modules/vue-loader/lib/selector.js?type=styles&index=0!./resources/scripts/VueApp.vue 322 bytes {0} [built]\\\\\\\\\\\\\\\",\\\\\\\\\\\\\\\"timestamp\\\\\\\\\\\\\\\":1516556912451}\\\\\\\",\\\\\\\"timestamp\\\\\\\":1516556913179}\\\",\\\"timestamp\\\":1516556914184}\",\"timestamp\":1516556915191}","timestamp":1516556916222}
{"channel":"cross-platform-transmitter-override","line":"{\"channel\":\"cross-platform-transmitter-override\",\"line\":\"{\\\"channel\\\":\\\"cross-platform-transmitter-override\\\",\\\"line\\\":\\\"{\\\\\\\"channel\\\\\\\":\\\\\\\"cross-platform-transmitter-override\\\\\\\",\\\\\\\"line\\\\\\\":\\\\\\\"{\\\\\\\\\\\\\\\"channel\\\\\\\\\\\\\\\":\\\\\\\\\\\\\\\"cross-platform-transmitter-override\\\\\\\\\\\\\\\",\\\\\\\\\\\\\\\"line\\\\\\\\\\\\\\\":\\\\\\\\\\\\\\\" [139] ./resources/scripts/tailview.vue 1.87 kB {0} [built]\\\\\\\\\\\\\\\",\\\\\\\\\\\\\\\"timestamp\\\\\\\\\\\\\\\":1516556912451}\\\\\\\",\\\\\\\"timestamp\\\\\\\":1516556913179}\\\",\\\"timestamp\\\":1516556914184}\",\"timestamp\":1516556915191}","timestamp":1516556916222}
{"channel":"cross-platform-transmitter-override","line":"{\"channel\":\"cross-platform-transmitter-override\",\"line\":\"{\\\"channel\\\":\\\"cross-platform-transmitter-override\\\",\\\"line\\\":\\\"{\\\\\\\"channel\\\\\\\":\\\\\\\"cross-platform-transmitter-override\\\\\\\",\\\\\\\"line\\\\\\\":\\\\\\\"{\\\\\\\\\\\\\\\"channel\\\\\\\\\\\\\\\":\\\\\\\\\\\\\\\"cross-platform-transmitter-override\\\\\\\\\\\\\\\",\\\\\\\\\\\\\\\"line\\\\\\\\\\\\\\\":\\\\\\\\\\\\\\\" [140] ./node_modules/vue-style-loader!./node_modules/css-loader!./node_modules/vue-loader/lib/style-compiler?{\\\\\\\\\\\\\\\\\\\\\\\\\\\\\\\"vue\\\\\\\\\\\\\\\\\\\\\\\\\\\\\\\":true,\\\\\\\\\\\\\\\\\\\\\\\\\\\\\\\"id\\\\\\\\\\\\\\\\\\\\\\\\\\\\\\\":\\\\\\\\\\\\\\\\\\\\\\\\\\\\\\\"data-v-e0c43fa4\\\\\\\\\\\\\\\\\\\\\\\\\\\\\\\",\\\\\\\\\\\\\\\\\\\\\\\\\\\\\\\"scoped\\\\\\\\\\\\\\\\\\\\\\\\\\\\\\\":true,\\\\\\\\\\\\\\\\\\\\\\\\\\\\\\\"hasInlineConfig\\\\\\\\\\\\\\\\\\\\\\\\\\\\\\\":false}!./node_modules/vue-loader/lib/selector.js?type=styles&index=0!./resources/scripts/tailview.vue 1.58 kB {0} [built]\\\\\\\\\\\\\\\",\\\\\\\\\\\\\\\"timestamp\\\\\\\\\\\\\\\":1516556912452}\\\\\\\",\\\\\\\"timestamp\\\\\\\":1516556913179}\\\",\\\"timestamp\\\":1516556914184}\",\"timestamp\":1516556915191}","timestamp":1516556916222}
{"channel":"cross-platform-transmitter-override","line":"{\"channel\":\"cross-platform-transmitter-override\",\"line\":\"{\\\"channel\\\":\\\"cross-platform-transmitter-override\\\",\\\"line\\\":\\\"{\\\\\\\"channel\\\\\\\":\\\\\\\"cross-platform-transmitter-override\\\\\\\",\\\\\\\"line\\\\\\\":\\\\\\\"{\\\\\\\\\\\\\\\"channel\\\\\\\\\\\\\\\":\\\\\\\\\\\\\\\"cross-platform-transmitter-override\\\\\\\\\\\\\\\",\\\\\\\\\\\\\\\"line\\\\\\\\\\\\\\\":\\\\\\\\\\\\\\\" [143] ./resources/scripts/navbar.vue 1.86 kB {0} [built]\\\\\\\\\\\\\\\",\\\\\\\\\\\\\\\"timestamp\\\\\\\\\\\\\\\":1516556912452}\\\\\\\",\\\\\\\"timestamp\\\\\\\":1516556913179}\\\",\\\"timestamp\\\":1516556914184}\",\"timestamp\":1516556915191}","timestamp":1516556916222}
{"channel":"cross-platform-transmitter-override","line":"{\"channel\":\"cross-platform-transmitter-override\",\"line\":\"{\\\"channel\\\":\\\"cross-platform-transmitter-override\\\",\\\"line\\\":\\\"{\\\\\\\"channel\\\\\\\":\\\\\\\"cross-platform-transmitter-override\\\\\\\",\\\\\\\"line\\\\\\\":\\\\\\\"{\\\\\\\\\\\\\\\"channel\\\\\\\\\\\\\\\":\\\\\\\\\\\\\\\"cross-platform-transmitter-override\\\\\\\\\\\\\\\",\\\\\\\\\\\\\\\"line\\\\\\\\\\\\\\\":\\\\\\\\\\\\\\\" [147] ./resources/scripts/channelList.vue 1.88 kB {0} [built]\\\\\\\\\\\\\\\",\\\\\\\\\\\\\\\"timestamp\\\\\\\\\\\\\\\":1516556912452}\\\\\\\",\\\\\\\"timestamp\\\\\\\":1516556913179}\\\",\\\"timestamp\\\":1516556914184}\",\"timestamp\":1516556915191}","timestamp":1516556916222}
{"channel":"cross-platform-transmitter-override","line":"{\"channel\":\"cross-platform-transmitter-override\",\"line\":\"{\\\"channel\\\":\\\"cross-platform-transmitter-override\\\",\\\"line\\\":\\\"{\\\\\\\"channel\\\\\\\":\\\\\\\"cross-platform-transmitter-override\\\\\\\",\\\\\\\"line\\\\\\\":\\\\\\\"{\\\\\\\\\\\\\\\"channel\\\\\\\\\\\\\\\":\\\\\\\\\\\\\\\"cross-platform-transmitter-override\\\\\\\\\\\\\\\",\\\\\\\\\\\\\\\"line\\\\\\\\\\\\\\\":\\\\\\\\\\\\\\\" [151] ./node_modules/vue-loader/lib/template-compiler?{\\\\\\\\\\\\\\\\\\\\\\\\\\\\\\\"id\\\\\\\\\\\\\\\\\\\\\\\\\\\\\\\":\\\\\\\\\\\\\\\\\\\\\\\\\\\\\\\"data-v-521af954\\\\\\\\\\\\\\\\\\\\\\\\\\\\\\\",\\\\\\\\\\\\\\\\\\\\\\\\\\\\\\\"hasScoped\\\\\\\\\\\\\\\\\\\\\\\\\\\\\\\":false,\\\\\\\\\\\\\\\\\\\\\\\\\\\\\\\"buble\\\\\\\\\\\\\\\\\\\\\\\\\\\\\\\":{\\\\\\\\\\\\\\\\\\\\\\\\\\\\\\\"transforms\\\\\\\\\\\\\\\\\\\\\\\\\\\\\\\":{}}}!./node_modules/vue-loader/lib/selector.js?type=template&index=0!./resources/scripts/VueApp.vue 1.23 kB {0} [built]\\\\\\\\\\\\\\\",\\\\\\\\\\\\\\\"timestamp\\\\\\\\\\\\\\\":1516556912452}\\\\\\\",\\\\\\\"timestamp\\\\\\\":1516556913179}\\\",\\\"timestamp\\\":1516556914184}\",\"timestamp\":1516556915191}","timestamp":1516556916222}
{"channel":"cross-platform-transmitter-override","line":"{\"channel\":\"cross-platform-transmitter-override\",\"line\":\"{\\\"channel\\\":\\\"cross-platform-transmitter-override\\\",\\\"line\\\":\\\"{\\\\\\\"channel\\\\\\\":\\\\\\\"cross-platform-transmitter-override\\\\\\\",\\\\\\\"line\\\\\\\":\\\\\\\"{\\\\\\\\\\\\\\\"channel\\\\\\\\\\\\\\\":\\\\\\\\\\\\\\\"cross-platform-transmitter-override\\\\\\\\\\\\\\\",\\\\\\\\\\\\\\\"line\\\\\\\\\\\\\\\":\\\\\\\\\\\\\\\" [155] (webpack)/buildin/module.js 517 bytes {0} [built]\\\\\\\\\\\\\\\",\\\\\\\\\\\\\\\"timestamp\\\\\\\\\\\\\\\":1516556912452}\\\\\\\",\\\\\\\"timestamp\\\\\\\":1516556913179}\\\",\\\"timestamp\\\":1516556914184}\",\"timestamp\":1516556915191}","timestamp":1516556916222}
{"channel":"cross-platform-transmitter-override","line":"{\"channel\":\"cross-platform-transmitter-override\",\"line\":\"{\\\"channel\\\":\\\"cross-platform-transmitter-override\\\",\\\"line\\\":\\\"{\\\\\\\"channel\\\\\\\":\\\\\\\"cross-platform-transmitter-override\\\\\\\",\\\\\\\"line\\\\\\\":\\\\\\\"{\\\\\\\\\\\\\\\"channel\\\\\\\\\\\\\\\":\\\\\\\\\\\\\\\"cross-platform-transmitter-override\\\\\\\\\\\\\\\",\\\\\\\\\\\\\\\"line\\\\\\\\\\\\\\\":\\\\\\\\\\\\\\\" [156] ./node_modules/moment/locale ^\\\\\\\\\\\\\\\\\\\\\\\\\\\\\\\\.\\\\\\\\\\\\\\\\\\\\\\\\\\\\\\\\/.*$ 2.88 kB {0} [optional] [built]\\\\\\\\\\\\\\\",\\\\\\\\\\\\\\\"timestamp\\\\\\\\\\\\\\\":1516556912452}\\\\\\\",\\\\\\\"timestamp\\\\\\\":1516556913179}\\\",\\\"timestamp\\\":1516556914184}\",\"timestamp\":1516556915191}","timestamp":1516556916222}
{"channel":"cross-platform-transmitter-override","line":"{\"channel\":\"cross-platform-transmitter-override\",\"line\":\"{\\\"channel\\\":\\\"cross-platform-transmitter-override\\\",\\\"line\\\":\\\"{\\\\\\\"channel\\\\\\\":\\\\\\\"cross-platform-transmitter-override\\\\\\\",\\\\\\\"line\\\\\\\":\\\\\\\"{\\\\\\\\\\\\\\\"channel\\\\\\\\\\\\\\\":\\\\\\\\\\\\\\\"cross-platform-transmitter-override\\\\\\\\\\\\\\\",\\\\\\\\\\\\\\\"line\\\\\\\\\\\\\\\":\\\\\\\\\\\\\\\" [157] ./resources/sass/app.scss 41 bytes {0} [built]\\\\\\\\\\\\\\\",\\\\\\\\\\\\\\\"timestamp\\\\\\\\\\\\\\\":1516556912452}\\\\\\\",\\\\\\\"timestamp\\\\\\\":1516556913179}\\\",\\\"timestamp\\\":1516556914184}\",\"timestamp\":1516556915191}","timestamp":1516556916222}
{"channel":"cross-platform-transmitter-override","line":"{\"channel\":\"cross-platform-transmitter-override\",\"line\":\"{\\\"channel\\\":\\\"cross-platform-transmitter-override\\\",\\\"line\\\":\\\"{\\\\\\\"channel\\\\\\\":\\\\\\\"cross-platform-transmitter-override\\\\\\\",\\\\\\\"line\\\\\\\":\\\\\\\"{\\\\\\\\\\\\\\\"channel\\\\\\\\\\\\\\\":\\\\\\\\\\\\\\\"cross-platform-transmitter-override\\\\\\\\\\\\\\\",\\\\\\\\\\\\\\\"line\\\\\\\\\\\\\\\":\\\\\\\\\\\\\\\"    + 143 hidden modules\\\\\\\\\\\\\\\",\\\\\\\\\\\\\\\"timestamp\\\\\\\\\\\\\\\":1516556912452}\\\\\\\",\\\\\\\"timestamp\\\\\\\":1516556913179}\\\",\\\"timestamp\\\":1516556914184}\",\"timestamp\":1516556915191}","timestamp":1516556916222}
{"channel":"cross-platform-transmitter-override","line":"{\"channel\":\"cross-platform-transmitter-override\",\"line\":\"{\\\"channel\\\":\\\"cross-platform-transmitter-override\\\",\\\"line\\\":\\\"{\\\\\\\"channel\\\\\\\":\\\\\\\"cross-platform-transmitter-override\\\\\\\",\\\\\\\"line\\\\\\\":\\\\\\\"{\\\\\\\\\\\\\\\"channel\\\\\\\\\\\\\\\":\\\\\\\\\\\\\\\"cross-platform-transmitter-override\\\\\\\\\\\\\\\",\\\\\\\\\\\\\\\"line\\\\\\\\\\\\\\\":\\\\\\\\\\\\\\\"Child extract-text-webpack-plugin node_modules/extract-text-webpack-plugin/dist node_modules/css-loader/index.js?minimize!node_modules/sass-loader/lib/loader.js!resources/sass/app.scss:\\\\\\\\\\\\\\\",\\\\\\\\\\\\\\\"timestamp\\\\\\\\\\\\\\\":1516556912452}\\\\\\\",\\\\\\\"timestamp\\\\\\\":1516556913179}\\\",\\\"timestamp\\\":1516556914184}\",\"timestamp\":1516556915191}","timestamp":1516556916222}
{"channel":"cross-platform-transmitter-override","line":"{\"channel\":\"cross-platform-transmitter-override\",\"line\":\"{\\\"channel\\\":\\\"cross-platform-transmitter-override\\\",\\\"line\\\":\\\"{\\\\\\\"channel\\\\\\\":\\\\\\\"cross-platform-transmitter-override\\\\\\\",\\\\\\\"line\\\\\\\":\\\\\\\"{\\\\\\\\\\\\\\\"channel\\\\\\\\\\\\\\\":\\\\\\\\\\\\\\\"cross-platform-transmitter-override\\\\\\\\\\\\\\\",\\\\\\\\\\\\\\\"line\\\\\\\\\\\\\\\":\\\\\\\\\\\\\\\"       [0] ./node_modules/css-loader?minimize!./node_modules/sass-loader/lib/loader.js!./resources/sass/app.scss 156 kB {0} [built]\\\\\\\\\\\\\\\",\\\\\\\\\\\\\\\"timestamp\\\\\\\\\\\\\\\":1516556912452}\\\\\\\",\\\\\\\"timestamp\\\\\\\":1516556913179}\\\",\\\"timestamp\\\":1516556914184}\",\"timestamp\":1516556915191}","timestamp":1516556916222}
{"channel":"cross-platform-transmitter-override","line":"{\"channel\":\"cross-platform-transmitter-override\",\"line\":\"{\\\"channel\\\":\\\"cross-platform-transmitter-override\\\",\\\"line\\\":\\\"{\\\\\\\"channel\\\\\\\":\\\\\\\"cross-platform-transmitter-override\\\\\\\",\\\\\\\"line\\\\\\\":\\\\\\\"{\\\\\\\\\\\\\\\"channel\\\\\\\\\\\\\\\":\\\\\\\\\\\\\\\"cross-platform-transmitter-override\\\\\\\\\\\\\\\",\\\\\\\\\\\\\\\"line\\\\\\\\\\\\\\\":\\\\\\\\\\\\\\\"        + 1 hidden module\\\\\\\\\\\\\\\",\\\\\\\\\\\\\\\"timestamp\\\\\\\\\\\\\\\":1516556912452}\\\\\\\",\\\\\\\"timestamp\\\\\\\":1516556913179}\\\",\\\"timestamp\\\":1516556914184}\",\"timestamp\":1516556915191}","timestamp":1516556916222}
{"channel":"cross-platform-transmitter-override","line":"{\"channel\":\"cross-platform-transmitter-override\",\"line\":\"{\\\"channel\\\":\\\"cross-platform-transmitter-override\\\",\\\"line\\\":\\\"{\\\\\\\"channel\\\\\\\":\\\\\\\"cross-platform-transmitter-override\\\\\\\",\\\\\\\"line\\\\\\\":\\\\\\\"{\\\\\\\\\\\\\\\"channel\\\\\\\\\\\\\\\":\\\\\\\\\\\\\\\"cross-platform-transmitter-override\\\\\\\\\\\\\\\",\\\\\\\\\\\\\\\"line\\\\\\\\\\\\\\\":\\\\\\\\\\\\\\\"xt4fCxyro6ZDwPwuAAAB\\\\\\\\\\\\\\\",\\\\\\\\\\\\\\\"timestamp\\\\\\\\\\\\\\\":1516556912452}\\\\\\\",\\\\\\\"timestamp\\\\\\\":1516556913179}\\\",\\\"timestamp\\\":1516556914184}\",\"timestamp\":1516556915191}","timestamp":1516556916222}
{"channel":"cross-platform-transmitter-override","line":"{\"channel\":\"cross-platform-transmitter-override\",\"line\":\"{\\\"channel\\\":\\\"cross-platform-transmitter-override\\\",\\\"line\\\":\\\"{\\\\\\\"channel\\\\\\\":\\\\\\\"cross-platform-transmitter-override\\\\\\\",\\\\\\\"line\\\\\\\":\\\\\\\"{\\\\\\\\\\\\\\\"channel\\\\\\\\\\\\\\\":\\\\\\\\\\\\\\\"cross-platform-transmitter-override\\\\\\\\\\\\\\\",\\\\\\\\\\\\\\\"line\\\\\\\\\\\\\\\":\\\\\\\\\\\\\\\"Hash: e6c8490e128c8c7f5aec\\\\\\\\\\\\\\\",\\\\\\\\\\\\\\\"timestamp\\\\\\\\\\\\\\\":1516556912452}\\\\\\\",\\\\\\\"timestamp\\\\\\\":1516556913179}\\\",\\\"timestamp\\\":1516556914184}\",\"timestamp\":1516556915191}","timestamp":1516556916222}
{"channel":"cross-platform-transmitter-override","line":"{\"channel\":\"cross-platform-transmitter-override\",\"line\":\"{\\\"channel\\\":\\\"cross-platform-transmitter-override\\\",\\\"line\\\":\\\"{\\\\\\\"channel\\\\\\\":\\\\\\\"cross-platform-transmitter-override\\\\\\\",\\\\\\\"line\\\\\\\":\\\\\\\"{\\\\\\\\\\\\\\\"channel\\\\\\\\\\\\\\\":\\\\\\\\\\\\\\\"cross-platform-transmitter-override\\\\\\\\\\\\\\\",\\\\\\\\\\\\\\\"line\\\\\\\\\\\\\\\":\\\\\\\\\\\\\\\"Version: webpack 3.10.0\\\\\\\\\\\\\\\",\\\\\\\\\\\\\\\"timestamp\\\\\\\\\\\\\\\":1516556912452}\\\\\\\",\\\\\\\"timestamp\\\\\\\":1516556913179}\\\",\\\"timestamp\\\":1516556914184}\",\"timestamp\":1516556915191}","timestamp":1516556916222}
{"channel":"cross-platform-transmitter-override","line":"{\"channel\":\"cross-platform-transmitter-override\",\"line\":\"{\\\"channel\\\":\\\"cross-platform-transmitter-override\\\",\\\"line\\\":\\\"{\\\\\\\"channel\\\\\\\":\\\\\\\"cross-platform-transmitter-override\\\\\\\",\\\\\\\"line\\\\\\\":\\\\\\\"{\\\\\\\\\\\\\\\"channel\\\\\\\\\\\\\\\":\\\\\\\\\\\\\\\"cross-platform-transmitter-override\\\\\\\\\\\\\\\",\\\\\\\\\\\\\\\"line\\\\\\\\\\\\\\\":\\\\\\\\\\\\\\\"Time: 4805ms\\\\\\\\\\\\\\\",\\\\\\\\\\\\\\\"timestamp\\\\\\\\\\\\\\\":1516556912452}\\\\\\\",\\\\\\\"timestamp\\\\\\\":1516556913179}\\\",\\\"timestamp\\\":1516556914184}\",\"timestamp\":1516556915191}","timestamp":1516556916222}
{"channel":"cross-platform-transmitter-override","line":"{\"channel\":\"cross-platform-transmitter-override\",\"line\":\"{\\\"channel\\\":\\\"cross-platform-transmitter-override\\\",\\\"line\\\":\\\"{\\\\\\\"channel\\\\\\\":\\\\\\\"cross-platform-transmitter-override\\\\\\\",\\\\\\\"line\\\\\\\":\\\\\\\"{\\\\\\\\\\\\\\\"channel\\\\\\\\\\\\\\\":\\\\\\\\\\\\\\\"cross-platform-transmitter-override\\\\\\\\\\\\\\\",\\\\\\\\\\\\\\\"line\\\\\\\\\\\\\\\":\\\\\\\\\\\\\\\"   Asset    Size  Chunks                    Chunk Names\\\\\\\\\\\\\\\",\\\\\\\\\\\\\\\"timestamp\\\\\\\\\\\\\\\":1516556912452}\\\\\\\",\\\\\\\"timestamp\\\\\\\":1516556913179}\\\",\\\"timestamp\\\":1516556914184}\",\"timestamp\":1516556915191}","timestamp":1516556916223}
{"channel":"cross-platform-transmitter-override","line":"{\"channel\":\"cross-platform-transmitter-override\",\"line\":\"{\\\"channel\\\":\\\"cross-platform-transmitter-override\\\",\\\"line\\\":\\\"{\\\\\\\"channel\\\\\\\":\\\\\\\"cross-platform-transmitter-override\\\\\\\",\\\\\\\"line\\\\\\\":\\\\\\\"{\\\\\\\\\\\\\\\"channel\\\\\\\\\\\\\\\":\\\\\\\\\\\\\\\"cross-platform-transmitter-override\\\\\\\\\\\\\\\",\\\\\\\\\\\\\\\"line\\\\\\\\\\\\\\\":\\\\\\\\\\\\\\\"atail.js  439 kB       0  [emitted]  [big]  main\\\\\\\\\\\\\\\",\\\\\\\\\\\\\\\"timestamp\\\\\\\\\\\\\\\":1516556912452}\\\\\\\",\\\\\\\"timestamp\\\\\\\":1516556913179}\\\",\\\"timestamp\\\":1516556914184}\",\"timestamp\":1516556915191}","timestamp":1516556916223}
{"channel":"cross-platform-transmitter-override","line":"{\"channel\":\"cross-platform-transmitter-override\",\"line\":\"{\\\"channel\\\":\\\"cross-platform-transmitter-override\\\",\\\"line\\\":\\\"{\\\\\\\"channel\\\\\\\":\\\\\\\"cross-platform-transmitter-override\\\\\\\",\\\\\\\"line\\\\\\\":\\\\\\\"{\\\\\\\\\\\\\\\"channel\\\\\\\\\\\\\\\":\\\\\\\\\\\\\\\"cross-platform-transmitter-override\\\\\\\\\\\\\\\",\\\\\\\\\\\\\\\"line\\\\\\\\\\\\\\\":\\\\\\\\\\\\\\\" app.css  156 kB       0  [emitted]         main\\\\\\\\\\\\\\\",\\\\\\\\\\\\\\\"timestamp\\\\\\\\\\\\\\\":1516556912452}\\\\\\\",\\\\\\\"timestamp\\\\\\\":1516556913179}\\\",\\\"timestamp\\\":1516556914184}\",\"timestamp\":1516556915192}","timestamp":1516556916223}
{"channel":"cross-platform-transmitter-override","line":"{\"channel\":\"cross-platform-transmitter-override\",\"line\":\"{\\\"channel\\\":\\\"cross-platform-transmitter-override\\\",\\\"line\\\":\\\"{\\\\\\\"channel\\\\\\\":\\\\\\\"cross-platform-transmitter-override\\\\\\\",\\\\\\\"line\\\\\\\":\\\\\\\"{\\\\\\\\\\\\\\\"channel\\\\\\\\\\\\\\\":\\\\\\\\\\\\\\\"cross-platform-transmitter-override\\\\\\\\\\\\\\\",\\\\\\\\\\\\\\\"line\\\\\\\\\\\\\\\":\\\\\\\\\\\\\\\"   [6] ./node_modules/babel-loader/lib!./node_modules/vue-loader/lib/selector.js?type=script&index=0!./resources/scripts/VueApp.vue 1.24 kB {0} [built]\\\\\\\\\\\\\\\",\\\\\\\\\\\\\\\"timestamp\\\\\\\\\\\\\\\":1516556912452}\\\\\\\",\\\\\\\"timestamp\\\\\\\":1516556913179}\\\",\\\"timestamp\\\":1516556914184}\",\"timestamp\":1516556915192}","timestamp":1516556916223}
{"channel":"cross-platform-transmitter-override","line":"{\"channel\":\"cross-platform-transmitter-override\",\"line\":\"{\\\"channel\\\":\\\"cross-platform-transmitter-override\\\",\\\"line\\\":\\\"{\\\\\\\"channel\\\\\\\":\\\\\\\"cross-platform-transmitter-override\\\\\\\",\\\\\\\"line\\\\\\\":\\\\\\\"{\\\\\\\\\\\\\\\"channel\\\\\\\\\\\\\\\":\\\\\\\\\\\\\\\"cross-platform-transmitter-override\\\\\\\\\\\\\\\",\\\\\\\\\\\\\\\"line\\\\\\\\\\\\\\\":\\\\\\\\\\\\\\\"   [7] ./node_modules/babel-loader/lib!./node_modules/vue-loader/lib/selector.js?type=script&index=0!./resources/scripts/tailview.vue 356 bytes {0} [built]\\\\\\\\\\\\\\\",\\\\\\\\\\\\\\\"timestamp\\\\\\\\\\\\\\\":1516556912452}\\\\\\\",\\\\\\\"timestamp\\\\\\\":1516556913179}\\\",\\\"timestamp\\\":1516556914184}\",\"timestamp\":1516556915192}","timestamp":1516556916223}
{"channel":"cross-platform-transmitter-override","line":"{\"channel\":\"cross-platform-transmitter-override\",\"line\":\"{\\\"channel\\\":\\\"cross-platform-transmitter-override\\\",\\\"line\\\":\\\"{\\\\\\\"channel\\\\\\\":\\\\\\\"cross-platform-transmitter-override\\\\\\\",\\\\\\\"line\\\\\\\":\\\\\\\"{\\\\\\\\\\\\\\\"channel\\\\\\\\\\\\\\\":\\\\\\\\\\\\\\\"cross-platform-transmitter-override\\\\\\\\\\\\\\\",\\\\\\\\\\\\\\\"line\\\\\\\\\\\\\\\":\\\\\\\\\\\\\\\" [135] ./resources/scripts/VueApp.vue 1.85 kB {0} [built]\\\\\\\\\\\\\\\",\\\\\\\\\\\\\\\"timestamp\\\\\\\\\\\\\\\":1516556912452}\\\\\\\",\\\\\\\"timestamp\\\\\\\":1516556913179}\\\",\\\"timestamp\\\":1516556914184}\",\"timestamp\":1516556915192}","timestamp":1516556916223}
{"channel":"cross-platform-transmitter-override","line":"{\"channel\":\"cross-platform-transmitter-override\",\"line\":\"{\\\"channel\\\":\\\"cross-platform-transmitter-override\\\",\\\"line\\\":\\\"{\\\\\\\"channel\\\\\\\":\\\\\\\"cross-platform-transmitter-override\\\\\\\",\\\\\\\"line\\\\\\\":\\\\\\\"{\\\\\\\\\\\\\\\"channel\\\\\\\\\\\\\\\":\\\\\\\\\\\\\\\"cross-platform-transmitter-override\\\\\\\\\\\\\\\",\\\\\\\\\\\\\\\"line\\\\\\\\\\\\\\\":\\\\\\\\\\\\\\\" [137] ./node_modules/css-loader!./node_modules/vue-loader/lib/style-compiler?{\\\\\\\\\\\\\\\\\\\\\\\\\\\\\\\"vue\\\\\\\\\\\\\\\\\\\\\\\\\\\\\\\":true,\\\\\\\\\\\\\\\\\\\\\\\\\\\\\\\"id\\\\\\\\\\\\\\\\\\\\\\\\\\\\\\\":\\\\\\\\\\\\\\\\\\\\\\\\\\\\\\\"data-v-521af954\\\\\\\\\\\\\\\\\\\\\\\\\\\\\\\",\\\\\\\\\\\\\\\\\\\\\\\\\\\\\\\"scoped\\\\\\\\\\\\\\\\\\\\\\\\\\\\\\\":false,\\\\\\\\\\\\\\\\\\\\\\\\\\\\\\\"hasInlineConfig\\\\\\\\\\\\\\\\\\\\\\\\\\\\\\\":false}!./node_modules/vue-loader/lib/selector.js?type=styles&index=0!./resources/scripts/VueApp.vue 322 bytes {0} [built]\\\\\\\\\\\\\\\",\\\\\\\\\\\\\\\"timestamp\\\\\\\\\\\\\\\":1516556912452}\\\\\\\",\\\\\\\"timestamp\\\\\\\":1516556913179}\\\",\\\"timestamp\\\":1516556914184}\",\"timestamp\":1516556915192}","timestamp":1516556916223}
{"channel":"cross-platform-transmitter-override","line":"{\"channel\":\"cross-platform-transmitter-override\",\"line\":\"{\\\"channel\\\":\\\"cross-platform-transmitter-override\\\",\\\"line\\\":\\\"{\\\\\\\"channel\\\\\\\":\\\\\\\"cross-platform-transmitter-override\\\\\\\",\\\\\\\"line\\\\\\\":\\\\\\\"{\\\\\\\\\\\\\\\"channel\\\\\\\\\\\\\\\":\\\\\\\\\\\\\\\"cross-platform-transmitter-override\\\\\\\\\\\\\\\",\\\\\\\\\\\\\\\"line\\\\\\\\\\\\\\\":\\\\\\\\\\\\\\\" [139] ./resources/scripts/tailview.vue 1.87 kB {0} [built]\\\\\\\\\\\\\\\",\\\\\\\\\\\\\\\"timestamp\\\\\\\\\\\\\\\":1516556912452}\\\\\\\",\\\\\\\"timestamp\\\\\\\":1516556913179}\\\",\\\"timestamp\\\":1516556914184}\",\"timestamp\":1516556915192}","timestamp":1516556916223}
{"channel":"cross-platform-transmitter-override","line":"{\"channel\":\"cross-platform-transmitter-override\",\"line\":\"{\\\"channel\\\":\\\"cross-platform-transmitter-override\\\",\\\"line\\\":\\\"{\\\\\\\"channel\\\\\\\":\\\\\\\"cross-platform-transmitter-override\\\\\\\",\\\\\\\"line\\\\\\\":\\\\\\\"{\\\\\\\\\\\\\\\"channel\\\\\\\\\\\\\\\":\\\\\\\\\\\\\\\"cross-platform-transmitter-override\\\\\\\\\\\\\\\",\\\\\\\\\\\\\\\"line\\\\\\\\\\\\\\\":\\\\\\\\\\\\\\\" [141] ./node_modules/css-loader!./node_modules/vue-loader/lib/style-compiler?{\\\\\\\\\\\\\\\\\\\\\\\\\\\\\\\"vue\\\\\\\\\\\\\\\\\\\\\\\\\\\\\\\":true,\\\\\\\\\\\\\\\\\\\\\\\\\\\\\\\"id\\\\\\\\\\\\\\\\\\\\\\\\\\\\\\\":\\\\\\\\\\\\\\\\\\\\\\\\\\\\\\\"data-v-e0c43fa4\\\\\\\\\\\\\\\\\\\\\\\\\\\\\\\",\\\\\\\\\\\\\\\\\\\\\\\\\\\\\\\"scoped\\\\\\\\\\\\\\\\\\\\\\\\\\\\\\\":true,\\\\\\\\\\\\\\\\\\\\\\\\\\\\\\\"hasInlineConfig\\\\\\\\\\\\\\\\\\\\\\\\\\\\\\\":false}!./node_modules/vue-loader/lib/selector.js?type=styles&index=0!./resources/scripts/tailview.vue 348 bytes {0} [built]\\\\\\\\\\\\\\\",\\\\\\\\\\\\\\\"timestamp\\\\\\\\\\\\\\\":1516556912452}\\\\\\\",\\\\\\\"timestamp\\\\\\\":1516556913179}\\\",\\\"timestamp\\\":1516556914184}\",\"timestamp\":1516556915192}","timestamp":1516556916223}
{"channel":"cross-platform-transmitter-override","line":"{\"channel\":\"cross-platform-transmitter-override\",\"line\":\"{\\\"channel\\\":\\\"cross-platform-transmitter-override\\\",\\\"line\\\":\\\"{\\\\\\\"channel\\\\\\\":\\\\\\\"cross-platform-transmitter-override\\\\\\\",\\\\\\\"line\\\\\\\":\\\\\\\"{\\\\\\\\\\\\\\\"channel\\\\\\\\\\\\\\\":\\\\\\\\\\\\\\\"cross-platform-transmitter-override\\\\\\\\\\\\\\\",\\\\\\\\\\\\\\\"line\\\\\\\\\\\\\\\":\\\\\\\\\\\\\\\" [142] ./node_modules/vue-loader/lib/template-compiler?{\\\\\\\\\\\\\\\\\\\\\\\\\\\\\\\"id\\\\\\\\\\\\\\\\\\\\\\\\\\\\\\\":\\\\\\\\\\\\\\\\\\\\\\\\\\\\\\\"data-v-e0c43fa4\\\\\\\\\\\\\\\\\\\\\\\\\\\\\\\",\\\\\\\\\\\\\\\\\\\\\\\\\\\\\\\"hasScoped\\\\\\\\\\\\\\\\\\\\\\\\\\\\\\\":true,\\\\\\\\\\\\\\\\\\\\\\\\\\\\\\\"buble\\\\\\\\\\\\\\\\\\\\\\\\\\\\\\\":{\\\\\\\\\\\\\\\\\\\\\\\\\\\\\\\"transforms\\\\\\\\\\\\\\\\\\\\\\\\\\\\\\\":{}}}!./node_modules/vue-loader/lib/selector.js?type=template&index=0!./resources/scripts/tailview.vue 905 bytes {0} [built]\\\\\\\\\\\\\\\",\\\\\\\\\\\\\\\"timestamp\\\\\\\\\\\\\\\":1516556912452}\\\\\\\",\\\\\\\"timestamp\\\\\\\":1516556913179}\\\",\\\"timestamp\\\":1516556914184}\",\"timestamp\":1516556915192}","timestamp":1516556916223}
{"channel":"cross-platform-transmitter-override","line":"{\"channel\":\"cross-platform-transmitter-override\",\"line\":\"{\\\"channel\\\":\\\"cross-platform-transmitter-override\\\",\\\"line\\\":\\\"{\\\\\\\"channel\\\\\\\":\\\\\\\"cross-platform-transmitter-override\\\\\\\",\\\\\\\"line\\\\\\\":\\\\\\\"{\\\\\\\\\\\\\\\"channel\\\\\\\\\\\\\\\":\\\\\\\\\\\\\\\"cross-platform-transmitter-override\\\\\\\\\\\\\\\",\\\\\\\\\\\\\\\"line\\\\\\\\\\\\\\\":\\\\\\\\\\\\\\\" [151] ./node_modules/vue-loader/lib/template-compiler?{\\\\\\\\\\\\\\\\\\\\\\\\\\\\\\\"id\\\\\\\\\\\\\\\\\\\\\\\\\\\\\\\":\\\\\\\\\\\\\\\\\\\\\\\\\\\\\\\"data-v-521af954\\\\\\\\\\\\\\\\\\\\\\\\\\\\\\\",\\\\\\\\\\\\\\\\\\\\\\\\\\\\\\\"hasScoped\\\\\\\\\\\\\\\\\\\\\\\\\\\\\\\":false,\\\\\\\\\\\\\\\\\\\\\\\\\\\\\\\"buble\\\\\\\\\\\\\\\\\\\\\\\\\\\\\\\":{\\\\\\\\\\\\\\\\\\\\\\\\\\\\\\\"transforms\\\\\\\\\\\\\\\\\\\\\\\\\\\\\\\":{}}}!./node_modules/vue-loader/lib/selector.js?type=template&index=0!./resources/scripts/VueApp.vue 1.23 kB {0} [built]\\\\\\\\\\\\\\\",\\\\\\\\\\\\\\\"timestamp\\\\\\\\\\\\\\\":1516556912452}\\\\\\\",\\\\\\\"timestamp\\\\\\\":1516556913179}\\\",\\\"timestamp\\\":1516556914184}\",\"timestamp\":1516556915192}","timestamp":1516556916223}
{"channel":"cross-platform-transmitter-override","line":"{\"channel\":\"cross-platform-transmitter-override\",\"line\":\"{\\\"channel\\\":\\\"cross-platform-transmitter-override\\\",\\\"line\\\":\\\"{\\\\\\\"channel\\\\\\\":\\\\\\\"cross-platform-transmitter-override\\\\\\\",\\\\\\\"line\\\\\\\":\\\\\\\"{\\\\\\\\\\\\\\\"channel\\\\\\\\\\\\\\\":\\\\\\\\\\\\\\\"cross-platform-transmitter-override\\\\\\\\\\\\\\\",\\\\\\\\\\\\\\\"line\\\\\\\\\\\\\\\":\\\\\\\\\\\\\\\" [156] ./node_modules/moment/locale ^\\\\\\\\\\\\\\\\\\\\\\\\\\\\\\\\.\\\\\\\\\\\\\\\\\\\\\\\\\\\\\\\\/.*$ 2.88 kB {0} [optional] [built]\\\\\\\\\\\\\\\",\\\\\\\\\\\\\\\"timestamp\\\\\\\\\\\\\\\":1516556912452}\\\\\\\",\\\\\\\"timestamp\\\\\\\":1516556913179}\\\",\\\"timestamp\\\":1516556914184}\",\"timestamp\":1516556915192}","timestamp":1516556916223}
{"channel":"cross-platform-transmitter-override","line":"{\"channel\":\"cross-platform-transmitter-override\",\"line\":\"{\\\"channel\\\":\\\"cross-platform-transmitter-override\\\",\\\"line\\\":\\\"{\\\\\\\"channel\\\\\\\":\\\\\\\"cross-platform-transmitter-override\\\\\\\",\\\\\\\"line\\\\\\\":\\\\\\\"{\\\\\\\\\\\\\\\"channel\\\\\\\\\\\\\\\":\\\\\\\\\\\\\\\"cross-platform-transmitter-override\\\\\\\\\\\\\\\",\\\\\\\\\\\\\\\"line\\\\\\\\\\\\\\\":\\\\\\\\\\\\\\\"    + 149 hidden modules\\\\\\\\\\\\\\\",\\\\\\\\\\\\\\\"timestamp\\\\\\\\\\\\\\\":1516556912452}\\\\\\\",\\\\\\\"timestamp\\\\\\\":1516556913179}\\\",\\\"timestamp\\\":1516556914184}\",\"timestamp\":1516556915192}","timestamp":1516556916223}
{"channel":"cross-platform-transmitter-override","line":"{\"channel\":\"cross-platform-transmitter-override\",\"line\":\"{\\\"channel\\\":\\\"cross-platform-transmitter-override\\\",\\\"line\\\":\\\"{\\\\\\\"channel\\\\\\\":\\\\\\\"cross-platform-transmitter-override\\\\\\\",\\\\\\\"line\\\\\\\":\\\\\\\"{\\\\\\\\\\\\\\\"channel\\\\\\\\\\\\\\\":\\\\\\\\\\\\\\\"cross-platform-transmitter-override\\\\\\\\\\\\\\\",\\\\\\\\\\\\\\\"line\\\\\\\\\\\\\\\":\\\\\\\\\\\\\\\"{\\\\\\\\\\\\\\\\\\\\\\\\\\\\\\\"channel\\\\\\\\\\\\\\\\\\\\\\\\\\\\\\\":\\\\\\\\\\\\\\\\\\\\\\\\\\\\\\\"cross-platform-transmitter-override\\\\\\\\\\\\\\\\\\\\\\\\\\\\\\\",\\\\\\\\\\\\\\\\\\\\\\\\\\\\\\\"line\\\\\\\\\\\\\\\\\\\\\\\\\\\\\\\":\\\\\\\\\\\\\\\\\\\\\\\\\\\\\\\"> adonis-fullstack-app@4.0.0 dev C:\\\\\\\\\\\\\\\\\\\\\\\\\\\\\\\\\\\\\\\\\\\\\\\\\\\\\\\\\\\\\\\\Users\\\\\\\\\\\\\\\\\\\\\\\\\\\\\\\\\\\\\\\\\\\\\\\\\\\\\\\\\\\\\\\\Andrea\\\\\\\\\\\\\\\\\\\\\\\\\\\\\\\\\\\\\\\\\\\\\\\\\\\\\\\\\\\\\\\\Desktop\\\\\\\\\\\\\\\\\\\\\\\\\\\\\\\\\\\\\\\\\\\\\\\\\\\\\\\\\\\\\\\\Dev\\\\\\\\\\\\\\\\\\\\\\\\\\\\\\\\\\\\\\\\\\\\\\\\\\\\\\\\\\\\\\\\atail-server\\\\\\\\\\\\\\\\\\\\\\\\\\\\\\\",\\\\\\\\\\\\\\\\\\\\\\\\\\\\\\\"timestamp\\\\\\\\\\\\\\\\\\\\\\\\\\\\\\\":1516556912451}\\\\\\\\\\\\\\\",\\\\\\\\\\\\\\\"timestamp\\\\\\\\\\\\\\\":1516556913178}\\\\\\\",\\\\\\\"timestamp\\\\\\\":1516556914183}\\\",\\\"timestamp\\\":1516556915191}\",\"timestamp\":1516556916221}","timestamp":1516556917225}
{"channel":"cross-platform-transmitter-override","line":"{\"channel\":\"cross-platform-transmitter-override\",\"line\":\"{\\\"channel\\\":\\\"cross-platform-transmitter-override\\\",\\\"line\\\":\\\"{\\\\\\\"channel\\\\\\\":\\\\\\\"cross-platform-transmitter-override\\\\\\\",\\\\\\\"line\\\\\\\":\\\\\\\"{\\\\\\\\\\\\\\\"channel\\\\\\\\\\\\\\\":\\\\\\\\\\\\\\\"cross-platform-transmitter-override\\\\\\\\\\\\\\\",\\\\\\\\\\\\\\\"line\\\\\\\\\\\\\\\":\\\\\\\\\\\\\\\"{\\\\\\\\\\\\\\\\\\\\\\\\\\\\\\\"channel\\\\\\\\\\\\\\\\\\\\\\\\\\\\\\\":\\\\\\\\\\\\\\\\\\\\\\\\\\\\\\\"cross-platform-transmitter-override\\\\\\\\\\\\\\\\\\\\\\\\\\\\\\\",\\\\\\\\\\\\\\\\\\\\\\\\\\\\\\\"line\\\\\\\\\\\\\\\\\\\\\\\\\\\\\\\":\\\\\\\\\\\\\\\\\\\\\\\\\\\\\\\"> webpack --watch\\\\\\\\\\\\\\\\\\\\\\\\\\\\\\\",\\\\\\\\\\\\\\\\\\\\\\\\\\\\\\\"timestamp\\\\\\\\\\\\\\\\\\\\\\\\\\\\\\\":1516556912451}\\\\\\\\\\\\\\\",\\\\\\\\\\\\\\\"timestamp\\\\\\\\\\\\\\\":1516556913178}\\\\\\\",\\\\\\\"timestamp\\\\\\\":1516556914183}\\\",\\\"timestamp\\\":1516556915191}\",\"timestamp\":1516556916221}","timestamp":1516556917225}
{"channel":"cross-platform-transmitter-override","line":"{\"channel\":\"cross-platform-transmitter-override\",\"line\":\"{\\\"channel\\\":\\\"cross-platform-transmitter-override\\\",\\\"line\\\":\\\"{\\\\\\\"channel\\\\\\\":\\\\\\\"cross-platform-transmitter-override\\\\\\\",\\\\\\\"line\\\\\\\":\\\\\\\"{\\\\\\\\\\\\\\\"channel\\\\\\\\\\\\\\\":\\\\\\\\\\\\\\\"cross-platform-transmitter-override\\\\\\\\\\\\\\\",\\\\\\\\\\\\\\\"line\\\\\\\\\\\\\\\":\\\\\\\\\\\\\\\"{\\\\\\\\\\\\\\\\\\\\\\\\\\\\\\\"channel\\\\\\\\\\\\\\\\\\\\\\\\\\\\\\\":\\\\\\\\\\\\\\\\\\\\\\\\\\\\\\\"cross-platform-transmitter-override\\\\\\\\\\\\\\\\\\\\\\\\\\\\\\\",\\\\\\\\\\\\\\\\\\\\\\\\\\\\\\\"line\\\\\\\\\\\\\\\\\\\\\\\\\\\\\\\":\\\\\\\\\\\\\\\\\\\\\\\\\\\\\\\"Executing pre-build scripts\\\\\\\\\\\\\\\\\\\\\\\\\\\\\\\",\\\\\\\\\\\\\\\\\\\\\\\\\\\\\\\"timestamp\\\\\\\\\\\\\\\\\\\\\\\\\\\\\\\":1516556912451}\\\\\\\\\\\\\\\",\\\\\\\\\\\\\\\"timestamp\\\\\\\\\\\\\\\":1516556913178}\\\\\\\",\\\\\\\"timestamp\\\\\\\":1516556914183}\\\",\\\"timestamp\\\":1516556915191}\",\"timestamp\":1516556916221}","timestamp":1516556917225}
{"channel":"cross-platform-transmitter-override","line":"{\"channel\":\"cross-platform-transmitter-override\",\"line\":\"{\\\"channel\\\":\\\"cross-platform-transmitter-override\\\",\\\"line\\\":\\\"{\\\\\\\"channel\\\\\\\":\\\\\\\"cross-platform-transmitter-override\\\\\\\",\\\\\\\"line\\\\\\\":\\\\\\\"{\\\\\\\\\\\\\\\"channel\\\\\\\\\\\\\\\":\\\\\\\\\\\\\\\"cross-platform-transmitter-override\\\\\\\\\\\\\\\",\\\\\\\\\\\\\\\"line\\\\\\\\\\\\\\\":\\\\\\\\\\\\\\\"{\\\\\\\\\\\\\\\\\\\\\\\\\\\\\\\"channel\\\\\\\\\\\\\\\\\\\\\\\\\\\\\\\":\\\\\\\\\\\\\\\\\\\\\\\\\\\\\\\"cross-platform-transmitter-override\\\\\\\\\\\\\\\\\\\\\\\\\\\\\\\",\\\\\\\\\\\\\\\\\\\\\\\\\\\\\\\"line\\\\\\\\\\\\\\\\\\\\\\\\\\\\\\\":\\\\\\\\\\\\\\\\\\\\\\\\\\\\\\\"Webpack is watching the files…\\\\\\\\\\\\\\\\\\\\\\\\\\\\\\\",\\\\\\\\\\\\\\\\\\\\\\\\\\\\\\\"timestamp\\\\\\\\\\\\\\\\\\\\\\\\\\\\\\\":1516556912451}\\\\\\\\\\\\\\\",\\\\\\\\\\\\\\\"timestamp\\\\\\\\\\\\\\\":1516556913178}\\\\\\\",\\\\\\\"timestamp\\\\\\\":1516556914183}\\\",\\\"timestamp\\\":1516556915191}\",\"timestamp\":1516556916221}","timestamp":1516556917225}
{"channel":"cross-platform-transmitter-override","line":"{\"channel\":\"cross-platform-transmitter-override\",\"line\":\"{\\\"channel\\\":\\\"cross-platform-transmitter-override\\\",\\\"line\\\":\\\"{\\\\\\\"channel\\\\\\\":\\\\\\\"cross-platform-transmitter-override\\\\\\\",\\\\\\\"line\\\\\\\":\\\\\\\"{\\\\\\\\\\\\\\\"channel\\\\\\\\\\\\\\\":\\\\\\\\\\\\\\\"cross-platform-transmitter-override\\\\\\\\\\\\\\\",\\\\\\\\\\\\\\\"line\\\\\\\\\\\\\\\":\\\\\\\\\\\\\\\"{\\\\\\\\\\\\\\\\\\\\\\\\\\\\\\\"channel\\\\\\\\\\\\\\\\\\\\\\\\\\\\\\\":\\\\\\\\\\\\\\\\\\\\\\\\\\\\\\\"cross-platform-transmitter-override\\\\\\\\\\\\\\\\\\\\\\\\\\\\\\\",\\\\\\\\\\\\\\\\\\\\\\\\\\\\\\\"line\\\\\\\\\\\\\\\\\\\\\\\\\\\\\\\":\\\\\\\\\\\\\\\\\\\\\\\\\\\\\\\"┌──────────────────────┐\\\\\\\\\\\\\\\\\\\\\\\\\\\\\\\",\\\\\\\\\\\\\\\\\\\\\\\\\\\\\\\"timestamp\\\\\\\\\\\\\\\\\\\\\\\\\\\\\\\":1516556912451}\\\\\\\\\\\\\\\",\\\\\\\\\\\\\\\"timestamp\\\\\\\\\\\\\\\":1516556913178}\\\\\\\",\\\\\\\"timestamp\\\\\\\":1516556914183}\\\",\\\"timestamp\\\":1516556915191}\",\"timestamp\":1516556916221}","timestamp":1516556917225}
{"channel":"cross-platform-transmitter-override","line":"{\"channel\":\"cross-platform-transmitter-override\",\"line\":\"{\\\"channel\\\":\\\"cross-platform-transmitter-override\\\",\\\"line\\\":\\\"{\\\\\\\"channel\\\\\\\":\\\\\\\"cross-platform-transmitter-override\\\\\\\",\\\\\\\"line\\\\\\\":\\\\\\\"{\\\\\\\\\\\\\\\"channel\\\\\\\\\\\\\\\":\\\\\\\\\\\\\\\"cross-platform-transmitter-override\\\\\\\\\\\\\\\",\\\\\\\\\\\\\\\"line\\\\\\\\\\\\\\\":\\\\\\\\\\\\\\\"{\\\\\\\\\\\\\\\\\\\\\\\\\\\\\\\"channel\\\\\\\\\\\\\\\\\\\\\\\\\\\\\\\":\\\\\\\\\\\\\\\\\\\\\\\\\\\\\\\"cross-platform-transmitter-override\\\\\\\\\\\\\\\\\\\\\\\\\\\\\\\",\\\\\\\\\\\\\\\\\\\\\\\\\\\\\\\"line\\\\\\\\\\\\\\\\\\\\\\\\\\\\\\\":\\\\\\\\\\\\\\\\\\\\\\\\\\\\\\\"│                      │\\\\\\\\\\\\\\\\\\\\\\\\\\\\\\\",\\\\\\\\\\\\\\\\\\\\\\\\\\\\\\\"timestamp\\\\\\\\\\\\\\\\\\\\\\\\\\\\\\\":1516556912451}\\\\\\\\\\\\\\\",\\\\\\\\\\\\\\\"timestamp\\\\\\\\\\\\\\\":1516556913178}\\\\\\\",\\\\\\\"timestamp\\\\\\\":1516556914183}\\\",\\\"timestamp\\\":1516556915191}\",\"timestamp\":1516556916221}","timestamp":1516556917225}
{"channel":"cross-platform-transmitter-override","line":"{\"channel\":\"cross-platform-transmitter-override\",\"line\":\"{\\\"channel\\\":\\\"cross-platform-transmitter-override\\\",\\\"line\\\":\\\"{\\\\\\\"channel\\\\\\\":\\\\\\\"cross-platform-transmitter-override\\\\\\\",\\\\\\\"line\\\\\\\":\\\\\\\"{\\\\\\\\\\\\\\\"channel\\\\\\\\\\\\\\\":\\\\\\\\\\\\\\\"cross-platform-transmitter-override\\\\\\\\\\\\\\\",\\\\\\\\\\\\\\\"line\\\\\\\\\\\\\\\":\\\\\\\\\\\\\\\"{\\\\\\\\\\\\\\\\\\\\\\\\\\\\\\\"channel\\\\\\\\\\\\\\\\\\\\\\\\\\\\\\\":\\\\\\\\\\\\\\\\\\\\\\\\\\\\\\\"cross-platform-transmitter-override\\\\\\\\\\\\\\\\\\\\\\\\\\\\\\\",\\\\\\\\\\\\\\\\\\\\\\\\\\\\\\\"line\\\\\\\\\\\\\\\\\\\\\\\\\\\\\\\":\\\\\\\\\\\\\\\\\\\\\\\\\\\\\\\"│    Started server    │\\\\\\\\\\\\\\\\\\\\\\\\\\\\\\\",\\\\\\\\\\\\\\\\\\\\\\\\\\\\\\\"timestamp\\\\\\\\\\\\\\\\\\\\\\\\\\\\\\\":1516556912451}\\\\\\\\\\\\\\\",\\\\\\\\\\\\\\\"timestamp\\\\\\\\\\\\\\\":1516556913178}\\\\\\\",\\\\\\\"timestamp\\\\\\\":1516556914184}\\\",\\\"timestamp\\\":1516556915191}\",\"timestamp\":1516556916221}","timestamp":1516556917225}
{"channel":"cross-platform-transmitter-override","line":"{\"channel\":\"cross-platform-transmitter-override\",\"line\":\"{\\\"channel\\\":\\\"cross-platform-transmitter-override\\\",\\\"line\\\":\\\"{\\\\\\\"channel\\\\\\\":\\\\\\\"cross-platform-transmitter-override\\\\\\\",\\\\\\\"line\\\\\\\":\\\\\\\"{\\\\\\\\\\\\\\\"channel\\\\\\\\\\\\\\\":\\\\\\\\\\\\\\\"cross-platform-transmitter-override\\\\\\\\\\\\\\\",\\\\\\\\\\\\\\\"line\\\\\\\\\\\\\\\":\\\\\\\\\\\\\\\"{\\\\\\\\\\\\\\\\\\\\\\\\\\\\\\\"channel\\\\\\\\\\\\\\\\\\\\\\\\\\\\\\\":\\\\\\\\\\\\\\\\\\\\\\\\\\\\\\\"cross-platform-transmitter-override\\\\\\\\\\\\\\\\\\\\\\\\\\\\\\\",\\\\\\\\\\\\\\\\\\\\\\\\\\\\\\\"line\\\\\\\\\\\\\\\\\\\\\\\\\\\\\\\":\\\\\\\\\\\\\\\\\\\\\\\\\\\\\\\"│    Watcher: On       │\\\\\\\\\\\\\\\\\\\\\\\\\\\\\\\",\\\\\\\\\\\\\\\\\\\\\\\\\\\\\\\"timestamp\\\\\\\\\\\\\\\\\\\\\\\\\\\\\\\":1516556912451}\\\\\\\\\\\\\\\",\\\\\\\\\\\\\\\"timestamp\\\\\\\\\\\\\\\":1516556913178}\\\\\\\",\\\\\\\"timestamp\\\\\\\":1516556914184}\\\",\\\"timestamp\\\":1516556915191}\",\"timestamp\":1516556916221}","timestamp":1516556917225}
{"channel":"cross-platform-transmitter-override","line":"{\"channel\":\"cross-platform-transmitter-override\",\"line\":\"{\\\"channel\\\":\\\"cross-platform-transmitter-override\\\",\\\"line\\\":\\\"{\\\\\\\"channel\\\\\\\":\\\\\\\"cross-platform-transmitter-override\\\\\\\",\\\\\\\"line\\\\\\\":\\\\\\\"{\\\\\\\\\\\\\\\"channel\\\\\\\\\\\\\\\":\\\\\\\\\\\\\\\"cross-platform-transmitter-override\\\\\\\\\\\\\\\",\\\\\\\\\\\\\\\"line\\\\\\\\\\\\\\\":\\\\\\\\\\\\\\\"{\\\\\\\\\\\\\\\\\\\\\\\\\\\\\\\"channel\\\\\\\\\\\\\\\\\\\\\\\\\\\\\\\":\\\\\\\\\\\\\\\\\\\\\\\\\\\\\\\"cross-platform-transmitter-override\\\\\\\\\\\\\\\\\\\\\\\\\\\\\\\",\\\\\\\\\\\\\\\\\\\\\\\\\\\\\\\"line\\\\\\\\\\\\\\\\\\\\\\\\\\\\\\\":\\\\\\\\\\\\\\\\\\\\\\\\\\\\\\\"│    Debugger: Off     │\\\\\\\\\\\\\\\\\\\\\\\\\\\\\\\",\\\\\\\\\\\\\\\\\\\\\\\\\\\\\\\"timestamp\\\\\\\\\\\\\\\\\\\\\\\\\\\\\\\":1516556912451}\\\\\\\\\\\\\\\",\\\\\\\\\\\\\\\"timestamp\\\\\\\\\\\\\\\":1516556913178}\\\\\\\",\\\\\\\"timestamp\\\\\\\":1516556914184}\\\",\\\"timestamp\\\":1516556915191}\",\"timestamp\":1516556916221}","timestamp":1516556917225}
{"channel":"cross-platform-transmitter-override","line":"{\"channel\":\"cross-platform-transmitter-override\",\"line\":\"{\\\"channel\\\":\\\"cross-platform-transmitter-override\\\",\\\"line\\\":\\\"{\\\\\\\"channel\\\\\\\":\\\\\\\"cross-platform-transmitter-override\\\\\\\",\\\\\\\"line\\\\\\\":\\\\\\\"{\\\\\\\\\\\\\\\"channel\\\\\\\\\\\\\\\":\\\\\\\\\\\\\\\"cross-platform-transmitter-override\\\\\\\\\\\\\\\",\\\\\\\\\\\\\\\"line\\\\\\\\\\\\\\\":\\\\\\\\\\\\\\\"{\\\\\\\\\\\\\\\\\\\\\\\\\\\\\\\"channel\\\\\\\\\\\\\\\\\\\\\\\\\\\\\\\":\\\\\\\\\\\\\\\\\\\\\\\\\\\\\\\"cross-platform-transmitter-override\\\\\\\\\\\\\\\\\\\\\\\\\\\\\\\",\\\\\\\\\\\\\\\\\\\\\\\\\\\\\\\"line\\\\\\\\\\\\\\\\\\\\\\\\\\\\\\\":\\\\\\\\\\\\\\\\\\\\\\\\\\\\\\\"│                      │\\\\\\\\\\\\\\\\\\\\\\\\\\\\\\\",\\\\\\\\\\\\\\\\\\\\\\\\\\\\\\\"timestamp\\\\\\\\\\\\\\\\\\\\\\\\\\\\\\\":1516556912451}\\\\\\\\\\\\\\\",\\\\\\\\\\\\\\\"timestamp\\\\\\\\\\\\\\\":1516556913178}\\\\\\\",\\\\\\\"timestamp\\\\\\\":1516556914184}\\\",\\\"timestamp\\\":1516556915191}\",\"timestamp\":1516556916221}","timestamp":1516556917225}
{"channel":"cross-platform-transmitter-override","line":"{\"channel\":\"cross-platform-transmitter-override\",\"line\":\"{\\\"channel\\\":\\\"cross-platform-transmitter-override\\\",\\\"line\\\":\\\"{\\\\\\\"channel\\\\\\\":\\\\\\\"cross-platform-transmitter-override\\\\\\\",\\\\\\\"line\\\\\\\":\\\\\\\"{\\\\\\\\\\\\\\\"channel\\\\\\\\\\\\\\\":\\\\\\\\\\\\\\\"cross-platform-transmitter-override\\\\\\\\\\\\\\\",\\\\\\\\\\\\\\\"line\\\\\\\\\\\\\\\":\\\\\\\\\\\\\\\"{\\\\\\\\\\\\\\\\\\\\\\\\\\\\\\\"channel\\\\\\\\\\\\\\\\\\\\\\\\\\\\\\\":\\\\\\\\\\\\\\\\\\\\\\\\\\\\\\\"cross-platform-transmitter-override\\\\\\\\\\\\\\\\\\\\\\\\\\\\\\\",\\\\\\\\\\\\\\\\\\\\\\\\\\\\\\\"line\\\\\\\\\\\\\\\\\\\\\\\\\\\\\\\":\\\\\\\\\\\\\\\\\\\\\\\\\\\\\\\"└──────────────────────┘\\\\\\\\\\\\\\\\\\\\\\\\\\\\\\\",\\\\\\\\\\\\\\\\\\\\\\\\\\\\\\\"timestamp\\\\\\\\\\\\\\\\\\\\\\\\\\\\\\\":1516556912451}\\\\\\\\\\\\\\\",\\\\\\\\\\\\\\\"timestamp\\\\\\\\\\\\\\\":1516556913178}\\\\\\\",\\\\\\\"timestamp\\\\\\\":1516556914184}\\\",\\\"timestamp\\\":1516556915191}\",\"timestamp\":1516556916221}","timestamp":1516556917225}
{"channel":"cross-platform-transmitter-override","line":"{\"channel\":\"cross-platform-transmitter-override\",\"line\":\"{\\\"channel\\\":\\\"cross-platform-transmitter-override\\\",\\\"line\\\":\\\"{\\\\\\\"channel\\\\\\\":\\\\\\\"cross-platform-transmitter-override\\\\\\\",\\\\\\\"line\\\\\\\":\\\\\\\"{\\\\\\\\\\\\\\\"channel\\\\\\\\\\\\\\\":\\\\\\\\\\\\\\\"cross-platform-transmitter-override\\\\\\\\\\\\\\\",\\\\\\\\\\\\\\\"line\\\\\\\\\\\\\\\":\\\\\\\\\\\\\\\"{\\\\\\\\\\\\\\\\\\\\\\\\\\\\\\\"channel\\\\\\\\\\\\\\\\\\\\\\\\\\\\\\\":\\\\\\\\\\\\\\\\\\\\\\\\\\\\\\\"cross-platform-transmitter-override\\\\\\\\\\\\\\\\\\\\\\\\\\\\\\\",\\\\\\\\\\\\\\\\\\\\\\\\\\\\\\\"line\\\\\\\\\\\\\\\\\\\\\\\\\\\\\\\":\\\\\\\\\\\\\\\\\\\\\\\\\\\\\\\"RDPServer constructor\\\\\\\\\\\\\\\\\\\\\\\\\\\\\\\",\\\\\\\\\\\\\\\\\\\\\\\\\\\\\\\"timestamp\\\\\\\\\\\\\\\\\\\\\\\\\\\\\\\":1516556912451}\\\\\\\\\\\\\\\",\\\\\\\\\\\\\\\"timestamp\\\\\\\\\\\\\\\":1516556913178}\\\\\\\",\\\\\\\"timestamp\\\\\\\":1516556914184}\\\",\\\"timestamp\\\":1516556915191}\",\"timestamp\":1516556916221}","timestamp":1516556917225}
{"channel":"cross-platform-transmitter-override","line":"{\"channel\":\"cross-platform-transmitter-override\",\"line\":\"{\\\"channel\\\":\\\"cross-platform-transmitter-override\\\",\\\"line\\\":\\\"{\\\\\\\"channel\\\\\\\":\\\\\\\"cross-platform-transmitter-override\\\\\\\",\\\\\\\"line\\\\\\\":\\\\\\\"{\\\\\\\\\\\\\\\"channel\\\\\\\\\\\\\\\":\\\\\\\\\\\\\\\"cross-platform-transmitter-override\\\\\\\\\\\\\\\",\\\\\\\\\\\\\\\"line\\\\\\\\\\\\\\\":\\\\\\\\\\\\\\\"{\\\\\\\\\\\\\\\\\\\\\\\\\\\\\\\"channel\\\\\\\\\\\\\\\\\\\\\\\\\\\\\\\":\\\\\\\\\\\\\\\\\\\\\\\\\\\\\\\"cross-platform-transmitter-override\\\\\\\\\\\\\\\\\\\\\\\\\\\\\\\",\\\\\\\\\\\\\\\\\\\\\\\\\\\\\\\"line\\\\\\\\\\\\\\\\\\\\\\\\\\\\\\\":\\\\\\\\\\\\\\\\\\\\\\\\\\\\\\\"Server start\\\\\\\\\\\\\\\\\\\\\\\\\\\\\\\",\\\\\\\\\\\\\\\\\\\\\\\\\\\\\\\"timestamp\\\\\\\\\\\\\\\\\\\\\\\\\\\\\\\":1516556912451}\\\\\\\\\\\\\\\",\\\\\\\\\\\\\\\"timestamp\\\\\\\\\\\\\\\":1516556913178}\\\\\\\",\\\\\\\"timestamp\\\\\\\":1516556914184}\\\",\\\"timestamp\\\":1516556915191}\",\"timestamp\":1516556916221}","timestamp":1516556917225}
{"channel":"cross-platform-transmitter-override","line":"{\"channel\":\"cross-platform-transmitter-override\",\"line\":\"{\\\"channel\\\":\\\"cross-platform-transmitter-override\\\",\\\"line\\\":\\\"{\\\\\\\"channel\\\\\\\":\\\\\\\"cross-platform-transmitter-override\\\\\\\",\\\\\\\"line\\\\\\\":\\\\\\\"{\\\\\\\\\\\\\\\"channel\\\\\\\\\\\\\\\":\\\\\\\\\\\\\\\"cross-platform-transmitter-override\\\\\\\\\\\\\\\",\\\\\\\\\\\\\\\"line\\\\\\\\\\\\\\\":\\\\\\\\\\\\\\\"{\\\\\\\\\\\\\\\\\\\\\\\\\\\\\\\"channel\\\\\\\\\\\\\\\\\\\\\\\\\\\\\\\":\\\\\\\\\\\\\\\\\\\\\\\\\\\\\\\"cross-platform-transmitter-override\\\\\\\\\\\\\\\\\\\\\\\\\\\\\\\",\\\\\\\\\\\\\\\\\\\\\\\\\\\\\\\"line\\\\\\\\\\\\\\\\\\\\\\\\\\\\\\\":\\\\\\\\\\\\\\\\\\\\\\\\\\\\\\\"server listening \\\\\\\\\\\\\\\\\\\\\\\\\\\\\\\",\\\\\\\\\\\\\\\\\\\\\\\\\\\\\\\"timestamp\\\\\\\\\\\\\\\\\\\\\\\\\\\\\\\":1516556912451}\\\\\\\\\\\\\\\",\\\\\\\\\\\\\\\"timestamp\\\\\\\\\\\\\\\":1516556913178}\\\\\\\",\\\\\\\"timestamp\\\\\\\":1516556914184}\\\",\\\"timestamp\\\":1516556915191}\",\"timestamp\":1516556916221}","timestamp":1516556917225}
{"channel":"cross-platform-transmitter-override","line":"{\"channel\":\"cross-platform-transmitter-override\",\"line\":\"{\\\"channel\\\":\\\"cross-platform-transmitter-override\\\",\\\"line\\\":\\\"{\\\\\\\"channel\\\\\\\":\\\\\\\"cross-platform-transmitter-override\\\\\\\",\\\\\\\"line\\\\\\\":\\\\\\\"{\\\\\\\\\\\\\\\"channel\\\\\\\\\\\\\\\":\\\\\\\\\\\\\\\"cross-platform-transmitter-override\\\\\\\\\\\\\\\",\\\\\\\\\\\\\\\"line\\\\\\\\\\\\\\\":\\\\\\\\\\\\\\\"{\\\\\\\\\\\\\\\\\\\\\\\\\\\\\\\"channel\\\\\\\\\\\\\\\\\\\\\\\\\\\\\\\":\\\\\\\\\\\\\\\\\\\\\\\\\\\\\\\"cross-platform-transmitter-override\\\\\\\\\\\\\\\\\\\\\\\\\\\\\\\",\\\\\\\\\\\\\\\\\\\\\\\\\\\\\\\"line\\\\\\\\\\\\\\\\\\\\\\\\\\\\\\\":\\\\\\\\\\\\\\\\\\\\\\\\\\\\\\\"2018-01-21T17:47:37.957Z - \\\\\\\\\\\\\\\\\\\\\\\\\\\\\\\\u001b[32minfo\\\\\\\\\\\\\\\\\\\\\\\\\\\\\\\\u001b[39m: \\\\\\\\\\\\\\\\\\\\\\\\\\\\\\\\u001b[32mserving app on http://127.0.0.1:3333\\\\\\\\\\\\\\\\\\\\\\\\\\\\\\\\u001b[39m\\\\\\\\\\\\\\\\\\\\\\\\\\\\\\\",\\\\\\\\\\\\\\\\\\\\\\\\\\\\\\\"timestamp\\\\\\\\\\\\\\\\\\\\\\\\\\\\\\\":1516556912451}\\\\\\\\\\\\\\\",\\\\\\\\\\\\\\\"timestamp\\\\\\\\\\\\\\\":1516556913178}\\\\\\\",\\\\\\\"timestamp\\\\\\\":1516556914184}\\\",\\\"timestamp\\\":1516556915191}\",\"timestamp\":1516556916221}","timestamp":1516556917225}
{"channel":"cross-platform-transmitter-override","line":"{\"channel\":\"cross-platform-transmitter-override\",\"line\":\"{\\\"channel\\\":\\\"cross-platform-transmitter-override\\\",\\\"line\\\":\\\"{\\\\\\\"channel\\\\\\\":\\\\\\\"cross-platform-transmitter-override\\\\\\\",\\\\\\\"line\\\\\\\":\\\\\\\"{\\\\\\\\\\\\\\\"channel\\\\\\\\\\\\\\\":\\\\\\\\\\\\\\\"cross-platform-transmitter-override\\\\\\\\\\\\\\\",\\\\\\\\\\\\\\\"line\\\\\\\\\\\\\\\":\\\\\\\\\\\\\\\"{\\\\\\\\\\\\\\\\\\\\\\\\\\\\\\\"channel\\\\\\\\\\\\\\\\\\\\\\\\\\\\\\\":\\\\\\\\\\\\\\\\\\\\\\\\\\\\\\\"cross-platform-transmitter-override\\\\\\\\\\\\\\\\\\\\\\\\\\\\\\\",\\\\\\\\\\\\\\\\\\\\\\\\\\\\\\\"line\\\\\\\\\\\\\\\\\\\\\\\\\\\\\\\":\\\\\\\\\\\\\\\\\\\\\\\\\\\\\\\"Beqtsid1kcrJpYqkAAAA\\\\\\\\\\\\\\\\\\\\\\\\\\\\\\\",\\\\\\\\\\\\\\\\\\\\\\\\\\\\\\\"timestamp\\\\\\\\\\\\\\\\\\\\\\\\\\\\\\\":1516556912451}\\\\\\\\\\\\\\\",\\\\\\\\\\\\\\\"timestamp\\\\\\\\\\\\\\\":1516556913178}\\\\\\\",\\\\\\\"timestamp\\\\\\\":1516556914184}\\\",\\\"timestamp\\\":1516556915191}\",\"timestamp\":1516556916221}","timestamp":1516556917225}
{"channel":"cross-platform-transmitter-override","line":"{\"channel\":\"cross-platform-transmitter-override\",\"line\":\"{\\\"channel\\\":\\\"cross-platform-transmitter-override\\\",\\\"line\\\":\\\"{\\\\\\\"channel\\\\\\\":\\\\\\\"cross-platform-transmitter-override\\\\\\\",\\\\\\\"line\\\\\\\":\\\\\\\"{\\\\\\\\\\\\\\\"channel\\\\\\\\\\\\\\\":\\\\\\\\\\\\\\\"cross-platform-transmitter-override\\\\\\\\\\\\\\\",\\\\\\\\\\\\\\\"line\\\\\\\\\\\\\\\":\\\\\\\\\\\\\\\"{\\\\\\\\\\\\\\\\\\\\\\\\\\\\\\\"channel\\\\\\\\\\\\\\\\\\\\\\\\\\\\\\\":\\\\\\\\\\\\\\\\\\\\\\\\\\\\\\\"cross-platform-transmitter-override\\\\\\\\\\\\\\\\\\\\\\\\\\\\\\\",\\\\\\\\\\\\\\\\\\\\\\\\\\\\\\\"line\\\\\\\\\\\\\\\\\\\\\\\\\\\\\\\":\\\\\\\\\\\\\\\\\\\\\\\\\\\\\\\"Hash: a584760177f7e74478b9\\\\\\\\\\\\\\\\\\\\\\\\\\\\\\\",\\\\\\\\\\\\\\\\\\\\\\\\\\\\\\\"timestamp\\\\\\\\\\\\\\\\\\\\\\\\\\\\\\\":1516556912451}\\\\\\\\\\\\\\\",\\\\\\\\\\\\\\\"timestamp\\\\\\\\\\\\\\\":1516556913178}\\\\\\\",\\\\\\\"timestamp\\\\\\\":1516556914184}\\\",\\\"timestamp\\\":1516556915191}\",\"timestamp\":1516556916221}","timestamp":1516556917225}
{"channel":"cross-platform-transmitter-override","line":"{\"channel\":\"cross-platform-transmitter-override\",\"line\":\"{\\\"channel\\\":\\\"cross-platform-transmitter-override\\\",\\\"line\\\":\\\"{\\\\\\\"channel\\\\\\\":\\\\\\\"cross-platform-transmitter-override\\\\\\\",\\\\\\\"line\\\\\\\":\\\\\\\"{\\\\\\\\\\\\\\\"channel\\\\\\\\\\\\\\\":\\\\\\\\\\\\\\\"cross-platform-transmitter-override\\\\\\\\\\\\\\\",\\\\\\\\\\\\\\\"line\\\\\\\\\\\\\\\":\\\\\\\\\\\\\\\"{\\\\\\\\\\\\\\\\\\\\\\\\\\\\\\\"channel\\\\\\\\\\\\\\\\\\\\\\\\\\\\\\\":\\\\\\\\\\\\\\\\\\\\\\\\\\\\\\\"cross-platform-transmitter-override\\\\\\\\\\\\\\\\\\\\\\\\\\\\\\\",\\\\\\\\\\\\\\\\\\\\\\\\\\\\\\\"line\\\\\\\\\\\\\\\\\\\\\\\\\\\\\\\":\\\\\\\\\\\\\\\\\\\\\\\\\\\\\\\"Version: webpack 3.10.0\\\\\\\\\\\\\\\\\\\\\\\\\\\\\\\",\\\\\\\\\\\\\\\\\\\\\\\\\\\\\\\"timestamp\\\\\\\\\\\\\\\\\\\\\\\\\\\\\\\":1516556912451}\\\\\\\\\\\\\\\",\\\\\\\\\\\\\\\"timestamp\\\\\\\\\\\\\\\":1516556913178}\\\\\\\",\\\\\\\"timestamp\\\\\\\":1516556914184}\\\",\\\"timestamp\\\":1516556915191}\",\"timestamp\":1516556916221}","timestamp":1516556917225}
{"channel":"cross-platform-transmitter-override","line":"{\"channel\":\"cross-platform-transmitter-override\",\"line\":\"{\\\"channel\\\":\\\"cross-platform-transmitter-override\\\",\\\"line\\\":\\\"{\\\\\\\"channel\\\\\\\":\\\\\\\"cross-platform-transmitter-override\\\\\\\",\\\\\\\"line\\\\\\\":\\\\\\\"{\\\\\\\\\\\\\\\"channel\\\\\\\\\\\\\\\":\\\\\\\\\\\\\\\"cross-platform-transmitter-override\\\\\\\\\\\\\\\",\\\\\\\\\\\\\\\"line\\\\\\\\\\\\\\\":\\\\\\\\\\\\\\\"{\\\\\\\\\\\\\\\\\\\\\\\\\\\\\\\"channel\\\\\\\\\\\\\\\\\\\\\\\\\\\\\\\":\\\\\\\\\\\\\\\\\\\\\\\\\\\\\\\"cross-platform-transmitter-override\\\\\\\\\\\\\\\\\\\\\\\\\\\\\\\",\\\\\\\\\\\\\\\\\\\\\\\\\\\\\\\"line\\\\\\\\\\\\\\\\\\\\\\\\\\\\\\\":\\\\\\\\\\\\\\\\\\\\\\\\\\\\\\\"Time: 17325ms\\\\\\\\\\\\\\\\\\\\\\\\\\\\\\\",\\\\\\\\\\\\\\\\\\\\\\\\\\\\\\\"timestamp\\\\\\\\\\\\\\\\\\\\\\\\\\\\\\\":1516556912451}\\\\\\\\\\\\\\\",\\\\\\\\\\\\\\\"timestamp\\\\\\\\\\\\\\\":1516556913178}\\\\\\\",\\\\\\\"timestamp\\\\\\\":1516556914184}\\\",\\\"timestamp\\\":1516556915191}\",\"timestamp\":1516556916221}","timestamp":1516556917225}
{"channel":"cross-platform-transmitter-override","line":"{\"channel\":\"cross-platform-transmitter-override\",\"line\":\"{\\\"channel\\\":\\\"cross-platform-transmitter-override\\\",\\\"line\\\":\\\"{\\\\\\\"channel\\\\\\\":\\\\\\\"cross-platform-transmitter-override\\\\\\\",\\\\\\\"line\\\\\\\":\\\\\\\"{\\\\\\\\\\\\\\\"channel\\\\\\\\\\\\\\\":\\\\\\\\\\\\\\\"cross-platform-transmitter-override\\\\\\\\\\\\\\\",\\\\\\\\\\\\\\\"line\\\\\\\\\\\\\\\":\\\\\\\\\\\\\\\"{\\\\\\\\\\\\\\\\\\\\\\\\\\\\\\\"channel\\\\\\\\\\\\\\\\\\\\\\\\\\\\\\\":\\\\\\\\\\\\\\\\\\\\\\\\\\\\\\\"cross-platform-transmitter-override\\\\\\\\\\\\\\\\\\\\\\\\\\\\\\\",\\\\\\\\\\\\\\\\\\\\\\\\\\\\\\\"line\\\\\\\\\\\\\\\\\\\\\\\\\\\\\\\":\\\\\\\\\\\\\\\\\\\\\\\\\\\\\\\"   Asset    Size  Chunks                    Chunk Names\\\\\\\\\\\\\\\\\\\\\\\\\\\\\\\",\\\\\\\\\\\\\\\\\\\\\\\\\\\\\\\"timestamp\\\\\\\\\\\\\\\\\\\\\\\\\\\\\\\":1516556912451}\\\\\\\\\\\\\\\",\\\\\\\\\\\\\\\"timestamp\\\\\\\\\\\\\\\":1516556913178}\\\\\\\",\\\\\\\"timestamp\\\\\\\":1516556914184}\\\",\\\"timestamp\\\":1516556915191}\",\"timestamp\":1516556916222}","timestamp":1516556917225}
{"channel":"cross-platform-transmitter-override","line":"{\"channel\":\"cross-platform-transmitter-override\",\"line\":\"{\\\"channel\\\":\\\"cross-platform-transmitter-override\\\",\\\"line\\\":\\\"{\\\\\\\"channel\\\\\\\":\\\\\\\"cross-platform-transmitter-override\\\\\\\",\\\\\\\"line\\\\\\\":\\\\\\\"{\\\\\\\\\\\\\\\"channel\\\\\\\\\\\\\\\":\\\\\\\\\\\\\\\"cross-platform-transmitter-override\\\\\\\\\\\\\\\",\\\\\\\\\\\\\\\"line\\\\\\\\\\\\\\\":\\\\\\\\\\\\\\\"{\\\\\\\\\\\\\\\\\\\\\\\\\\\\\\\"channel\\\\\\\\\\\\\\\\\\\\\\\\\\\\\\\":\\\\\\\\\\\\\\\\\\\\\\\\\\\\\\\"cross-platform-transmitter-override\\\\\\\\\\\\\\\\\\\\\\\\\\\\\\\",\\\\\\\\\\\\\\\\\\\\\\\\\\\\\\\"line\\\\\\\\\\\\\\\\\\\\\\\\\\\\\\\":\\\\\\\\\\\\\\\\\\\\\\\\\\\\\\\"atail.js  439 kB       0  [emitted]  [big]  main\\\\\\\\\\\\\\\\\\\\\\\\\\\\\\\",\\\\\\\\\\\\\\\\\\\\\\\\\\\\\\\"timestamp\\\\\\\\\\\\\\\\\\\\\\\\\\\\\\\":1516556912451}\\\\\\\\\\\\\\\",\\\\\\\\\\\\\\\"timestamp\\\\\\\\\\\\\\\":1516556913178}\\\\\\\",\\\\\\\"timestamp\\\\\\\":1516556914184}\\\",\\\"timestamp\\\":1516556915191}\",\"timestamp\":1516556916222}","timestamp":1516556917225}
{"channel":"cross-platform-transmitter-override","line":"{\"channel\":\"cross-platform-transmitter-override\",\"line\":\"{\\\"channel\\\":\\\"cross-platform-transmitter-override\\\",\\\"line\\\":\\\"{\\\\\\\"channel\\\\\\\":\\\\\\\"cross-platform-transmitter-override\\\\\\\",\\\\\\\"line\\\\\\\":\\\\\\\"{\\\\\\\\\\\\\\\"channel\\\\\\\\\\\\\\\":\\\\\\\\\\\\\\\"cross-platform-transmitter-override\\\\\\\\\\\\\\\",\\\\\\\\\\\\\\\"line\\\\\\\\\\\\\\\":\\\\\\\\\\\\\\\"{\\\\\\\\\\\\\\\\\\\\\\\\\\\\\\\"channel\\\\\\\\\\\\\\\\\\\\\\\\\\\\\\\":\\\\\\\\\\\\\\\\\\\\\\\\\\\\\\\"cross-platform-transmitter-override\\\\\\\\\\\\\\\\\\\\\\\\\\\\\\\",\\\\\\\\\\\\\\\\\\\\\\\\\\\\\\\"line\\\\\\\\\\\\\\\\\\\\\\\\\\\\\\\":\\\\\\\\\\\\\\\\\\\\\\\\\\\\\\\" app.css  156 kB       0  [emitted]         main\\\\\\\\\\\\\\\\\\\\\\\\\\\\\\\",\\\\\\\\\\\\\\\\\\\\\\\\\\\\\\\"timestamp\\\\\\\\\\\\\\\\\\\\\\\\\\\\\\\":1516556912451}\\\\\\\\\\\\\\\",\\\\\\\\\\\\\\\"timestamp\\\\\\\\\\\\\\\":1516556913178}\\\\\\\",\\\\\\\"timestamp\\\\\\\":1516556914184}\\\",\\\"timestamp\\\":1516556915191}\",\"timestamp\":1516556916222}","timestamp":1516556917226}
{"channel":"cross-platform-transmitter-override","line":"{\"channel\":\"cross-platform-transmitter-override\",\"line\":\"{\\\"channel\\\":\\\"cross-platform-transmitter-override\\\",\\\"line\\\":\\\"{\\\\\\\"channel\\\\\\\":\\\\\\\"cross-platform-transmitter-override\\\\\\\",\\\\\\\"line\\\\\\\":\\\\\\\"{\\\\\\\\\\\\\\\"channel\\\\\\\\\\\\\\\":\\\\\\\\\\\\\\\"cross-platform-transmitter-override\\\\\\\\\\\\\\\",\\\\\\\\\\\\\\\"line\\\\\\\\\\\\\\\":\\\\\\\\\\\\\\\"{\\\\\\\\\\\\\\\\\\\\\\\\\\\\\\\"channel\\\\\\\\\\\\\\\\\\\\\\\\\\\\\\\":\\\\\\\\\\\\\\\\\\\\\\\\\\\\\\\"cross-platform-transmitter-override\\\\\\\\\\\\\\\\\\\\\\\\\\\\\\\",\\\\\\\\\\\\\\\\\\\\\\\\\\\\\\\"line\\\\\\\\\\\\\\\\\\\\\\\\\\\\\\\":\\\\\\\\\\\\\\\\\\\\\\\\\\\\\\\"   [4] (webpack)/buildin/global.js 509 bytes {0} [built]\\\\\\\\\\\\\\\\\\\\\\\\\\\\\\\",\\\\\\\\\\\\\\\\\\\\\\\\\\\\\\\"timestamp\\\\\\\\\\\\\\\\\\\\\\\\\\\\\\\":1516556912451}\\\\\\\\\\\\\\\",\\\\\\\\\\\\\\\"timestamp\\\\\\\\\\\\\\\":1516556913179}\\\\\\\",\\\\\\\"timestamp\\\\\\\":1516556914184}\\\",\\\"timestamp\\\":1516556915191}\",\"timestamp\":1516556916222}","timestamp":1516556917226}
{"channel":"cross-platform-transmitter-override","line":"{\"channel\":\"cross-platform-transmitter-override\",\"line\":\"{\\\"channel\\\":\\\"cross-platform-transmitter-override\\\",\\\"line\\\":\\\"{\\\\\\\"channel\\\\\\\":\\\\\\\"cross-platform-transmitter-override\\\\\\\",\\\\\\\"line\\\\\\\":\\\\\\\"{\\\\\\\\\\\\\\\"channel\\\\\\\\\\\\\\\":\\\\\\\\\\\\\\\"cross-platform-transmitter-override\\\\\\\\\\\\\\\",\\\\\\\\\\\\\\\"line\\\\\\\\\\\\\\\":\\\\\\\\\\\\\\\"{\\\\\\\\\\\\\\\\\\\\\\\\\\\\\\\"channel\\\\\\\\\\\\\\\\\\\\\\\\\\\\\\\":\\\\\\\\\\\\\\\\\\\\\\\\\\\\\\\"cross-platform-transmitter-override\\\\\\\\\\\\\\\\\\\\\\\\\\\\\\\",\\\\\\\\\\\\\\\\\\\\\\\\\\\\\\\"line\\\\\\\\\\\\\\\\\\\\\\\\\\\\\\\":\\\\\\\\\\\\\\\\\\\\\\\\\\\\\\\"   [6] ./node_modules/babel-loader/lib!./node_modules/vue-loader/lib/selector.js?type=script&index=0!./resources/scripts/VueApp.vue 1.24 kB {0} [built]\\\\\\\\\\\\\\\\\\\\\\\\\\\\\\\",\\\\\\\\\\\\\\\\\\\\\\\\\\\\\\\"timestamp\\\\\\\\\\\\\\\\\\\\\\\\\\\\\\\":1516556912451}\\\\\\\\\\\\\\\",\\\\\\\\\\\\\\\"timestamp\\\\\\\\\\\\\\\":1516556913179}\\\\\\\",\\\\\\\"timestamp\\\\\\\":1516556914184}\\\",\\\"timestamp\\\":1516556915191}\",\"timestamp\":1516556916222}","timestamp":1516556917226}
{"channel":"cross-platform-transmitter-override","line":"{\"channel\":\"cross-platform-transmitter-override\",\"line\":\"{\\\"channel\\\":\\\"cross-platform-transmitter-override\\\",\\\"line\\\":\\\"{\\\\\\\"channel\\\\\\\":\\\\\\\"cross-platform-transmitter-override\\\\\\\",\\\\\\\"line\\\\\\\":\\\\\\\"{\\\\\\\\\\\\\\\"channel\\\\\\\\\\\\\\\":\\\\\\\\\\\\\\\"cross-platform-transmitter-override\\\\\\\\\\\\\\\",\\\\\\\\\\\\\\\"line\\\\\\\\\\\\\\\":\\\\\\\\\\\\\\\"{\\\\\\\\\\\\\\\\\\\\\\\\\\\\\\\"channel\\\\\\\\\\\\\\\\\\\\\\\\\\\\\\\":\\\\\\\\\\\\\\\\\\\\\\\\\\\\\\\"cross-platform-transmitter-override\\\\\\\\\\\\\\\\\\\\\\\\\\\\\\\",\\\\\\\\\\\\\\\\\\\\\\\\\\\\\\\"line\\\\\\\\\\\\\\\\\\\\\\\\\\\\\\\":\\\\\\\\\\\\\\\\\\\\\\\\\\\\\\\" [129] multi ./resources/scripts/app.js ./resources/sass/app.scss 40 bytes {0} [built]\\\\\\\\\\\\\\\\\\\\\\\\\\\\\\\",\\\\\\\\\\\\\\\\\\\\\\\\\\\\\\\"timestamp\\\\\\\\\\\\\\\\\\\\\\\\\\\\\\\":1516556912451}\\\\\\\\\\\\\\\",\\\\\\\\\\\\\\\"timestamp\\\\\\\\\\\\\\\":1516556913179}\\\\\\\",\\\\\\\"timestamp\\\\\\\":1516556914184}\\\",\\\"timestamp\\\":1516556915191}\",\"timestamp\":1516556916222}","timestamp":1516556917226}
{"channel":"cross-platform-transmitter-override","line":"{\"channel\":\"cross-platform-transmitter-override\",\"line\":\"{\\\"channel\\\":\\\"cross-platform-transmitter-override\\\",\\\"line\\\":\\\"{\\\\\\\"channel\\\\\\\":\\\\\\\"cross-platform-transmitter-override\\\\\\\",\\\\\\\"line\\\\\\\":\\\\\\\"{\\\\\\\\\\\\\\\"channel\\\\\\\\\\\\\\\":\\\\\\\\\\\\\\\"cross-platform-transmitter-override\\\\\\\\\\\\\\\",\\\\\\\\\\\\\\\"line\\\\\\\\\\\\\\\":\\\\\\\\\\\\\\\"{\\\\\\\\\\\\\\\\\\\\\\\\\\\\\\\"channel\\\\\\\\\\\\\\\\\\\\\\\\\\\\\\\":\\\\\\\\\\\\\\\\\\\\\\\\\\\\\\\"cross-platform-transmitter-override\\\\\\\\\\\\\\\\\\\\\\\\\\\\\\\",\\\\\\\\\\\\\\\\\\\\\\\\\\\\\\\"line\\\\\\\\\\\\\\\\\\\\\\\\\\\\\\\":\\\\\\\\\\\\\\\\\\\\\\\\\\\\\\\" [130] ./resources/scripts/app.js 957 bytes {0} [built]\\\\\\\\\\\\\\\\\\\\\\\\\\\\\\\",\\\\\\\\\\\\\\\\\\\\\\\\\\\\\\\"timestamp\\\\\\\\\\\\\\\\\\\\\\\\\\\\\\\":1516556912451}\\\\\\\\\\\\\\\",\\\\\\\\\\\\\\\"timestamp\\\\\\\\\\\\\\\":1516556913179}\\\\\\\",\\\\\\\"timestamp\\\\\\\":1516556914184}\\\",\\\"timestamp\\\":1516556915191}\",\"timestamp\":1516556916222}","timestamp":1516556917226}
{"channel":"cross-platform-transmitter-override","line":"{\"channel\":\"cross-platform-transmitter-override\",\"line\":\"{\\\"channel\\\":\\\"cross-platform-transmitter-override\\\",\\\"line\\\":\\\"{\\\\\\\"channel\\\\\\\":\\\\\\\"cross-platform-transmitter-override\\\\\\\",\\\\\\\"line\\\\\\\":\\\\\\\"{\\\\\\\\\\\\\\\"channel\\\\\\\\\\\\\\\":\\\\\\\\\\\\\\\"cross-platform-transmitter-override\\\\\\\\\\\\\\\",\\\\\\\\\\\\\\\"line\\\\\\\\\\\\\\\":\\\\\\\\\\\\\\\"{\\\\\\\\\\\\\\\\\\\\\\\\\\\\\\\"channel\\\\\\\\\\\\\\\\\\\\\\\\\\\\\\\":\\\\\\\\\\\\\\\\\\\\\\\\\\\\\\\"cross-platform-transmitter-override\\\\\\\\\\\\\\\\\\\\\\\\\\\\\\\",\\\\\\\\\\\\\\\\\\\\\\\\\\\\\\\"line\\\\\\\\\\\\\\\\\\\\\\\\\\\\\\\":\\\\\\\\\\\\\\\\\\\\\\\\\\\\\\\" [135] ./resources/scripts/VueApp.vue 1.85 kB {0} [built]\\\\\\\\\\\\\\\\\\\\\\\\\\\\\\\",\\\\\\\\\\\\\\\\\\\\\\\\\\\\\\\"timestamp\\\\\\\\\\\\\\\\\\\\\\\\\\\\\\\":1516556912451}\\\\\\\\\\\\\\\",\\\\\\\\\\\\\\\"timestamp\\\\\\\\\\\\\\\":1516556913179}\\\\\\\",\\\\\\\"timestamp\\\\\\\":1516556914184}\\\",\\\"timestamp\\\":1516556915191}\",\"timestamp\":1516556916222}","timestamp":1516556917226}
{"channel":"cross-platform-transmitter-override","line":"{\"channel\":\"cross-platform-transmitter-override\",\"line\":\"{\\\"channel\\\":\\\"cross-platform-transmitter-override\\\",\\\"line\\\":\\\"{\\\\\\\"channel\\\\\\\":\\\\\\\"cross-platform-transmitter-override\\\\\\\",\\\\\\\"line\\\\\\\":\\\\\\\"{\\\\\\\\\\\\\\\"channel\\\\\\\\\\\\\\\":\\\\\\\\\\\\\\\"cross-platform-transmitter-override\\\\\\\\\\\\\\\",\\\\\\\\\\\\\\\"line\\\\\\\\\\\\\\\":\\\\\\\\\\\\\\\"{\\\\\\\\\\\\\\\\\\\\\\\\\\\\\\\"channel\\\\\\\\\\\\\\\\\\\\\\\\\\\\\\\":\\\\\\\\\\\\\\\\\\\\\\\\\\\\\\\"cross-platform-transmitter-override\\\\\\\\\\\\\\\\\\\\\\\\\\\\\\\",\\\\\\\\\\\\\\\\\\\\\\\\\\\\\\\"line\\\\\\\\\\\\\\\\\\\\\\\\\\\\\\\":\\\\\\\\\\\\\\\\\\\\\\\\\\\\\\\" [136] ./node_modules/vue-style-loader!./node_modules/css-loader!./node_modules/vue-loader/lib/style-compiler?{\\\\\\\\\\\\\\\\\\\\\\\\\\\\\\\\\\\\\\\\\\\\\\\\\\\\\\\\\\\\\\\"vue\\\\\\\\\\\\\\\\\\\\\\\\\\\\\\\\\\\\\\\\\\\\\\\\\\\\\\\\\\\\\\\":true,\\\\\\\\\\\\\\\\\\\\\\\\\\\\\\\\\\\\\\\\\\\\\\\\\\\\\\\\\\\\\\\"id\\\\\\\\\\\\\\\\\\\\\\\\\\\\\\\\\\\\\\\\\\\\\\\\\\\\\\\\\\\\\\\":\\\\\\\\\\\\\\\\\\\\\\\\\\\\\\\\\\\\\\\\\\\\\\\\\\\\\\\\\\\\\\\"data-v-521af954\\\\\\\\\\\\\\\\\\\\\\\\\\\\\\\\\\\\\\\\\\\\\\\\\\\\\\\\\\\\\\\",\\\\\\\\\\\\\\\\\\\\\\\\\\\\\\\\\\\\\\\\\\\\\\\\\\\\\\\\\\\\\\\"scoped\\\\\\\\\\\\\\\\\\\\\\\\\\\\\\\\\\\\\\\\\\\\\\\\\\\\\\\\\\\\\\\":false,\\\\\\\\\\\\\\\\\\\\\\\\\\\\\\\\\\\\\\\\\\\\\\\\\\\\\\\\\\\\\\\"hasInlineConfig\\\\\\\\\\\\\\\\\\\\\\\\\\\\\\\\\\\\\\\\\\\\\\\\\\\\\\\\\\\\\\\":false}!./node_modules/vue-loader/lib/selector.js?type=styles&index=0!./resources/scripts/VueApp.vue 1.58 kB {0} [built]\\\\\\\\\\\\\\\\\\\\\\\\\\\\\\\",\\\\\\\\\\\\\\\\\\\\\\\\\\\\\\\"timestamp\\\\\\\\\\\\\\\\\\\\\\\\\\\\\\\":1516556912451}\\\\\\\\\\\\\\\",\\\\\\\\\\\\\\\"timestamp\\\\\\\\\\\\\\\":1516556913179}\\\\\\\",\\\\\\\"timestamp\\\\\\\":1516556914184}\\\",\\\"timestamp\\\":1516556915191}\",\"timestamp\":1516556916222}","timestamp":1516556917226}
{"channel":"cross-platform-transmitter-override","line":"{\"channel\":\"cross-platform-transmitter-override\",\"line\":\"{\\\"channel\\\":\\\"cross-platform-transmitter-override\\\",\\\"line\\\":\\\"{\\\\\\\"channel\\\\\\\":\\\\\\\"cross-platform-transmitter-override\\\\\\\",\\\\\\\"line\\\\\\\":\\\\\\\"{\\\\\\\\\\\\\\\"channel\\\\\\\\\\\\\\\":\\\\\\\\\\\\\\\"cross-platform-transmitter-override\\\\\\\\\\\\\\\",\\\\\\\\\\\\\\\"line\\\\\\\\\\\\\\\":\\\\\\\\\\\\\\\"{\\\\\\\\\\\\\\\\\\\\\\\\\\\\\\\"channel\\\\\\\\\\\\\\\\\\\\\\\\\\\\\\\":\\\\\\\\\\\\\\\\\\\\\\\\\\\\\\\"cross-platform-transmitter-override\\\\\\\\\\\\\\\\\\\\\\\\\\\\\\\",\\\\\\\\\\\\\\\\\\\\\\\\\\\\\\\"line\\\\\\\\\\\\\\\\\\\\\\\\\\\\\\\":\\\\\\\\\\\\\\\\\\\\\\\\\\\\\\\" [137] ./node_modules/css-loader!./node_modules/vue-loader/lib/style-compiler?{\\\\\\\\\\\\\\\\\\\\\\\\\\\\\\\\\\\\\\\\\\\\\\\\\\\\\\\\\\\\\\\"vue\\\\\\\\\\\\\\\\\\\\\\\\\\\\\\\\\\\\\\\\\\\\\\\\\\\\\\\\\\\\\\\":true,\\\\\\\\\\\\\\\\\\\\\\\\\\\\\\\\\\\\\\\\\\\\\\\\\\\\\\\\\\\\\\\"id\\\\\\\\\\\\\\\\\\\\\\\\\\\\\\\\\\\\\\\\\\\\\\\\\\\\\\\\\\\\\\\":\\\\\\\\\\\\\\\\\\\\\\\\\\\\\\\\\\\\\\\\\\\\\\\\\\\\\\\\\\\\\\\"data-v-521af954\\\\\\\\\\\\\\\\\\\\\\\\\\\\\\\\\\\\\\\\\\\\\\\\\\\\\\\\\\\\\\\",\\\\\\\\\\\\\\\\\\\\\\\\\\\\\\\\\\\\\\\\\\\\\\\\\\\\\\\\\\\\\\\"scoped\\\\\\\\\\\\\\\\\\\\\\\\\\\\\\\\\\\\\\\\\\\\\\\\\\\\\\\\\\\\\\\":false,\\\\\\\\\\\\\\\\\\\\\\\\\\\\\\\\\\\\\\\\\\\\\\\\\\\\\\\\\\\\\\\"hasInlineConfig\\\\\\\\\\\\\\\\\\\\\\\\\\\\\\\\\\\\\\\\\\\\\\\\\\\\\\\\\\\\\\\":false}!./node_modules/vue-loader/lib/selector.js?type=styles&index=0!./resources/scripts/VueApp.vue 322 bytes {0} [built]\\\\\\\\\\\\\\\\\\\\\\\\\\\\\\\",\\\\\\\\\\\\\\\\\\\\\\\\\\\\\\\"timestamp\\\\\\\\\\\\\\\\\\\\\\\\\\\\\\\":1516556912451}\\\\\\\\\\\\\\\",\\\\\\\\\\\\\\\"timestamp\\\\\\\\\\\\\\\":1516556913179}\\\\\\\",\\\\\\\"timestamp\\\\\\\":1516556914184}\\\",\\\"timestamp\\\":1516556915191}\",\"timestamp\":1516556916222}","timestamp":1516556917226}
{"channel":"cross-platform-transmitter-override","line":"{\"channel\":\"cross-platform-transmitter-override\",\"line\":\"{\\\"channel\\\":\\\"cross-platform-transmitter-override\\\",\\\"line\\\":\\\"{\\\\\\\"channel\\\\\\\":\\\\\\\"cross-platform-transmitter-override\\\\\\\",\\\\\\\"line\\\\\\\":\\\\\\\"{\\\\\\\\\\\\\\\"channel\\\\\\\\\\\\\\\":\\\\\\\\\\\\\\\"cross-platform-transmitter-override\\\\\\\\\\\\\\\",\\\\\\\\\\\\\\\"line\\\\\\\\\\\\\\\":\\\\\\\\\\\\\\\"{\\\\\\\\\\\\\\\\\\\\\\\\\\\\\\\"channel\\\\\\\\\\\\\\\\\\\\\\\\\\\\\\\":\\\\\\\\\\\\\\\\\\\\\\\\\\\\\\\"cross-platform-transmitter-override\\\\\\\\\\\\\\\\\\\\\\\\\\\\\\\",\\\\\\\\\\\\\\\\\\\\\\\\\\\\\\\"line\\\\\\\\\\\\\\\\\\\\\\\\\\\\\\\":\\\\\\\\\\\\\\\\\\\\\\\\\\\\\\\" [139] ./resources/scripts/tailview.vue 1.87 kB {0} [built]\\\\\\\\\\\\\\\\\\\\\\\\\\\\\\\",\\\\\\\\\\\\\\\\\\\\\\\\\\\\\\\"timestamp\\\\\\\\\\\\\\\\\\\\\\\\\\\\\\\":1516556912451}\\\\\\\\\\\\\\\",\\\\\\\\\\\\\\\"timestamp\\\\\\\\\\\\\\\":1516556913179}\\\\\\\",\\\\\\\"timestamp\\\\\\\":1516556914184}\\\",\\\"timestamp\\\":1516556915191}\",\"timestamp\":1516556916222}","timestamp":1516556917226}
{"channel":"cross-platform-transmitter-override","line":"{\"channel\":\"cross-platform-transmitter-override\",\"line\":\"{\\\"channel\\\":\\\"cross-platform-transmitter-override\\\",\\\"line\\\":\\\"{\\\\\\\"channel\\\\\\\":\\\\\\\"cross-platform-transmitter-override\\\\\\\",\\\\\\\"line\\\\\\\":\\\\\\\"{\\\\\\\\\\\\\\\"channel\\\\\\\\\\\\\\\":\\\\\\\\\\\\\\\"cross-platform-transmitter-override\\\\\\\\\\\\\\\",\\\\\\\\\\\\\\\"line\\\\\\\\\\\\\\\":\\\\\\\\\\\\\\\"{\\\\\\\\\\\\\\\\\\\\\\\\\\\\\\\"channel\\\\\\\\\\\\\\\\\\\\\\\\\\\\\\\":\\\\\\\\\\\\\\\\\\\\\\\\\\\\\\\"cross-platform-transmitter-override\\\\\\\\\\\\\\\\\\\\\\\\\\\\\\\",\\\\\\\\\\\\\\\\\\\\\\\\\\\\\\\"line\\\\\\\\\\\\\\\\\\\\\\\\\\\\\\\":\\\\\\\\\\\\\\\\\\\\\\\\\\\\\\\" [140] ./node_modules/vue-style-loader!./node_modules/css-loader!./node_modules/vue-loader/lib/style-compiler?{\\\\\\\\\\\\\\\\\\\\\\\\\\\\\\\\\\\\\\\\\\\\\\\\\\\\\\\\\\\\\\\"vue\\\\\\\\\\\\\\\\\\\\\\\\\\\\\\\\\\\\\\\\\\\\\\\\\\\\\\\\\\\\\\\":true,\\\\\\\\\\\\\\\\\\\\\\\\\\\\\\\\\\\\\\\\\\\\\\\\\\\\\\\\\\\\\\\"id\\\\\\\\\\\\\\\\\\\\\\\\\\\\\\\\\\\\\\\\\\\\\\\\\\\\\\\\\\\\\\\":\\\\\\\\\\\\\\\\\\\\\\\\\\\\\\\\\\\\\\\\\\\\\\\\\\\\\\\\\\\\\\\"data-v-e0c43fa4\\\\\\\\\\\\\\\\\\\\\\\\\\\\\\\\\\\\\\\\\\\\\\\\\\\\\\\\\\\\\\\",\\\\\\\\\\\\\\\\\\\\\\\\\\\\\\\\\\\\\\\\\\\\\\\\\\\\\\\\\\\\\\\"scoped\\\\\\\\\\\\\\\\\\\\\\\\\\\\\\\\\\\\\\\\\\\\\\\\\\\\\\\\\\\\\\\":true,\\\\\\\\\\\\\\\\\\\\\\\\\\\\\\\\\\\\\\\\\\\\\\\\\\\\\\\\\\\\\\\"hasInlineConfig\\\\\\\\\\\\\\\\\\\\\\\\\\\\\\\\\\\\\\\\\\\\\\\\\\\\\\\\\\\\\\\":false}!./node_modules/vue-loader/lib/selector.js?type=styles&index=0!./resources/scripts/tailview.vue 1.58 kB {0} [built]\\\\\\\\\\\\\\\\\\\\\\\\\\\\\\\",\\\\\\\\\\\\\\\\\\\\\\\\\\\\\\\"timestamp\\\\\\\\\\\\\\\\\\\\\\\\\\\\\\\":1516556912452}\\\\\\\\\\\\\\\",\\\\\\\\\\\\\\\"timestamp\\\\\\\\\\\\\\\":1516556913179}\\\\\\\",\\\\\\\"timestamp\\\\\\\":1516556914184}\\\",\\\"timestamp\\\":1516556915191}\",\"timestamp\":1516556916222}","timestamp":1516556917226}
{"channel":"cross-platform-transmitter-override","line":"{\"channel\":\"cross-platform-transmitter-override\",\"line\":\"{\\\"channel\\\":\\\"cross-platform-transmitter-override\\\",\\\"line\\\":\\\"{\\\\\\\"channel\\\\\\\":\\\\\\\"cross-platform-transmitter-override\\\\\\\",\\\\\\\"line\\\\\\\":\\\\\\\"{\\\\\\\\\\\\\\\"channel\\\\\\\\\\\\\\\":\\\\\\\\\\\\\\\"cross-platform-transmitter-override\\\\\\\\\\\\\\\",\\\\\\\\\\\\\\\"line\\\\\\\\\\\\\\\":\\\\\\\\\\\\\\\"{\\\\\\\\\\\\\\\\\\\\\\\\\\\\\\\"channel\\\\\\\\\\\\\\\\\\\\\\\\\\\\\\\":\\\\\\\\\\\\\\\\\\\\\\\\\\\\\\\"cross-platform-transmitter-override\\\\\\\\\\\\\\\\\\\\\\\\\\\\\\\",\\\\\\\\\\\\\\\\\\\\\\\\\\\\\\\"line\\\\\\\\\\\\\\\\\\\\\\\\\\\\\\\":\\\\\\\\\\\\\\\\\\\\\\\\\\\\\\\" [143] ./resources/scripts/navbar.vue 1.86 kB {0} [built]\\\\\\\\\\\\\\\\\\\\\\\\\\\\\\\",\\\\\\\\\\\\\\\\\\\\\\\\\\\\\\\"timestamp\\\\\\\\\\\\\\\\\\\\\\\\\\\\\\\":1516556912452}\\\\\\\\\\\\\\\",\\\\\\\\\\\\\\\"timestamp\\\\\\\\\\\\\\\":1516556913179}\\\\\\\",\\\\\\\"timestamp\\\\\\\":1516556914184}\\\",\\\"timestamp\\\":1516556915191}\",\"timestamp\":1516556916222}","timestamp":1516556917226}
{"channel":"cross-platform-transmitter-override","line":"{\"channel\":\"cross-platform-transmitter-override\",\"line\":\"{\\\"channel\\\":\\\"cross-platform-transmitter-override\\\",\\\"line\\\":\\\"{\\\\\\\"channel\\\\\\\":\\\\\\\"cross-platform-transmitter-override\\\\\\\",\\\\\\\"line\\\\\\\":\\\\\\\"{\\\\\\\\\\\\\\\"channel\\\\\\\\\\\\\\\":\\\\\\\\\\\\\\\"cross-platform-transmitter-override\\\\\\\\\\\\\\\",\\\\\\\\\\\\\\\"line\\\\\\\\\\\\\\\":\\\\\\\\\\\\\\\"{\\\\\\\\\\\\\\\\\\\\\\\\\\\\\\\"channel\\\\\\\\\\\\\\\\\\\\\\\\\\\\\\\":\\\\\\\\\\\\\\\\\\\\\\\\\\\\\\\"cross-platform-transmitter-override\\\\\\\\\\\\\\\\\\\\\\\\\\\\\\\",\\\\\\\\\\\\\\\\\\\\\\\\\\\\\\\"line\\\\\\\\\\\\\\\\\\\\\\\\\\\\\\\":\\\\\\\\\\\\\\\\\\\\\\\\\\\\\\\" [147] ./resources/scripts/channelList.vue 1.88 kB {0} [built]\\\\\\\\\\\\\\\\\\\\\\\\\\\\\\\",\\\\\\\\\\\\\\\\\\\\\\\\\\\\\\\"timestamp\\\\\\\\\\\\\\\\\\\\\\\\\\\\\\\":1516556912452}\\\\\\\\\\\\\\\",\\\\\\\\\\\\\\\"timestamp\\\\\\\\\\\\\\\":1516556913179}\\\\\\\",\\\\\\\"timestamp\\\\\\\":1516556914184}\\\",\\\"timestamp\\\":1516556915191}\",\"timestamp\":1516556916222}","timestamp":1516556917226}
{"channel":"cross-platform-transmitter-override","line":"{\"channel\":\"cross-platform-transmitter-override\",\"line\":\"{\\\"channel\\\":\\\"cross-platform-transmitter-override\\\",\\\"line\\\":\\\"{\\\\\\\"channel\\\\\\\":\\\\\\\"cross-platform-transmitter-override\\\\\\\",\\\\\\\"line\\\\\\\":\\\\\\\"{\\\\\\\\\\\\\\\"channel\\\\\\\\\\\\\\\":\\\\\\\\\\\\\\\"cross-platform-transmitter-override\\\\\\\\\\\\\\\",\\\\\\\\\\\\\\\"line\\\\\\\\\\\\\\\":\\\\\\\\\\\\\\\"{\\\\\\\\\\\\\\\\\\\\\\\\\\\\\\\"channel\\\\\\\\\\\\\\\\\\\\\\\\\\\\\\\":\\\\\\\\\\\\\\\\\\\\\\\\\\\\\\\"cross-platform-transmitter-override\\\\\\\\\\\\\\\\\\\\\\\\\\\\\\\",\\\\\\\\\\\\\\\\\\\\\\\\\\\\\\\"line\\\\\\\\\\\\\\\\\\\\\\\\\\\\\\\":\\\\\\\\\\\\\\\\\\\\\\\\\\\\\\\" [151] ./node_modules/vue-loader/lib/template-compiler?{\\\\\\\\\\\\\\\\\\\\\\\\\\\\\\\\\\\\\\\\\\\\\\\\\\\\\\\\\\\\\\\"id\\\\\\\\\\\\\\\\\\\\\\\\\\\\\\\\\\\\\\\\\\\\\\\\\\\\\\\\\\\\\\\":\\\\\\\\\\\\\\\\\\\\\\\\\\\\\\\\\\\\\\\\\\\\\\\\\\\\\\\\\\\\\\\"data-v-521af954\\\\\\\\\\\\\\\\\\\\\\\\\\\\\\\\\\\\\\\\\\\\\\\\\\\\\\\\\\\\\\\",\\\\\\\\\\\\\\\\\\\\\\\\\\\\\\\\\\\\\\\\\\\\\\\\\\\\\\\\\\\\\\\"hasScoped\\\\\\\\\\\\\\\\\\\\\\\\\\\\\\\\\\\\\\\\\\\\\\\\\\\\\\\\\\\\\\\":false,\\\\\\\\\\\\\\\\\\\\\\\\\\\\\\\\\\\\\\\\\\\\\\\\\\\\\\\\\\\\\\\"buble\\\\\\\\\\\\\\\\\\\\\\\\\\\\\\\\\\\\\\\\\\\\\\\\\\\\\\\\\\\\\\\":{\\\\\\\\\\\\\\\\\\\\\\\\\\\\\\\\\\\\\\\\\\\\\\\\\\\\\\\\\\\\\\\"transforms\\\\\\\\\\\\\\\\\\\\\\\\\\\\\\\\\\\\\\\\\\\\\\\\\\\\\\\\\\\\\\\":{}}}!./node_modules/vue-loader/lib/selector.js?type=template&index=0!./resources/scripts/VueApp.vue 1.23 kB {0} [built]\\\\\\\\\\\\\\\\\\\\\\\\\\\\\\\",\\\\\\\\\\\\\\\\\\\\\\\\\\\\\\\"timestamp\\\\\\\\\\\\\\\\\\\\\\\\\\\\\\\":1516556912452}\\\\\\\\\\\\\\\",\\\\\\\\\\\\\\\"timestamp\\\\\\\\\\\\\\\":1516556913179}\\\\\\\",\\\\\\\"timestamp\\\\\\\":1516556914184}\\\",\\\"timestamp\\\":1516556915191}\",\"timestamp\":1516556916222}","timestamp":1516556917226}
{"channel":"cross-platform-transmitter-override","line":"{\"channel\":\"cross-platform-transmitter-override\",\"line\":\"{\\\"channel\\\":\\\"cross-platform-transmitter-override\\\",\\\"line\\\":\\\"{\\\\\\\"channel\\\\\\\":\\\\\\\"cross-platform-transmitter-override\\\\\\\",\\\\\\\"line\\\\\\\":\\\\\\\"{\\\\\\\\\\\\\\\"channel\\\\\\\\\\\\\\\":\\\\\\\\\\\\\\\"cross-platform-transmitter-override\\\\\\\\\\\\\\\",\\\\\\\\\\\\\\\"line\\\\\\\\\\\\\\\":\\\\\\\\\\\\\\\"{\\\\\\\\\\\\\\\\\\\\\\\\\\\\\\\"channel\\\\\\\\\\\\\\\\\\\\\\\\\\\\\\\":\\\\\\\\\\\\\\\\\\\\\\\\\\\\\\\"cross-platform-transmitter-override\\\\\\\\\\\\\\\\\\\\\\\\\\\\\\\",\\\\\\\\\\\\\\\\\\\\\\\\\\\\\\\"line\\\\\\\\\\\\\\\\\\\\\\\\\\\\\\\":\\\\\\\\\\\\\\\\\\\\\\\\\\\\\\\" [155] (webpack)/buildin/module.js 517 bytes {0} [built]\\\\\\\\\\\\\\\\\\\\\\\\\\\\\\\",\\\\\\\\\\\\\\\\\\\\\\\\\\\\\\\"timestamp\\\\\\\\\\\\\\\\\\\\\\\\\\\\\\\":1516556912452}\\\\\\\\\\\\\\\",\\\\\\\\\\\\\\\"timestamp\\\\\\\\\\\\\\\":1516556913179}\\\\\\\",\\\\\\\"timestamp\\\\\\\":1516556914184}\\\",\\\"timestamp\\\":1516556915191}\",\"timestamp\":1516556916222}","timestamp":1516556917226}
{"channel":"cross-platform-transmitter-override","line":"{\"channel\":\"cross-platform-transmitter-override\",\"line\":\"{\\\"channel\\\":\\\"cross-platform-transmitter-override\\\",\\\"line\\\":\\\"{\\\\\\\"channel\\\\\\\":\\\\\\\"cross-platform-transmitter-override\\\\\\\",\\\\\\\"line\\\\\\\":\\\\\\\"{\\\\\\\\\\\\\\\"channel\\\\\\\\\\\\\\\":\\\\\\\\\\\\\\\"cross-platform-transmitter-override\\\\\\\\\\\\\\\",\\\\\\\\\\\\\\\"line\\\\\\\\\\\\\\\":\\\\\\\\\\\\\\\"{\\\\\\\\\\\\\\\\\\\\\\\\\\\\\\\"channel\\\\\\\\\\\\\\\\\\\\\\\\\\\\\\\":\\\\\\\\\\\\\\\\\\\\\\\\\\\\\\\"cross-platform-transmitter-override\\\\\\\\\\\\\\\\\\\\\\\\\\\\\\\",\\\\\\\\\\\\\\\\\\\\\\\\\\\\\\\"line\\\\\\\\\\\\\\\\\\\\\\\\\\\\\\\":\\\\\\\\\\\\\\\\\\\\\\\\\\\\\\\" [156] ./node_modules/moment/locale ^\\\\\\\\\\\\\\\\\\\\\\\\\\\\\\\\\\\\\\\\\\\\\\\\\\\\\\\\\\\\\\\\.\\\\\\\\\\\\\\\\\\\\\\\\\\\\\\\\\\\\\\\\\\\\\\\\\\\\\\\\\\\\\\\\/.*$ 2.88 kB {0} [optional] [built]\\\\\\\\\\\\\\\\\\\\\\\\\\\\\\\",\\\\\\\\\\\\\\\\\\\\\\\\\\\\\\\"timestamp\\\\\\\\\\\\\\\\\\\\\\\\\\\\\\\":1516556912452}\\\\\\\\\\\\\\\",\\\\\\\\\\\\\\\"timestamp\\\\\\\\\\\\\\\":1516556913179}\\\\\\\",\\\\\\\"timestamp\\\\\\\":1516556914184}\\\",\\\"timestamp\\\":1516556915191}\",\"timestamp\":1516556916222}","timestamp":1516556917226}
{"channel":"cross-platform-transmitter-override","line":"{\"channel\":\"cross-platform-transmitter-override\",\"line\":\"{\\\"channel\\\":\\\"cross-platform-transmitter-override\\\",\\\"line\\\":\\\"{\\\\\\\"channel\\\\\\\":\\\\\\\"cross-platform-transmitter-override\\\\\\\",\\\\\\\"line\\\\\\\":\\\\\\\"{\\\\\\\\\\\\\\\"channel\\\\\\\\\\\\\\\":\\\\\\\\\\\\\\\"cross-platform-transmitter-override\\\\\\\\\\\\\\\",\\\\\\\\\\\\\\\"line\\\\\\\\\\\\\\\":\\\\\\\\\\\\\\\"{\\\\\\\\\\\\\\\\\\\\\\\\\\\\\\\"channel\\\\\\\\\\\\\\\\\\\\\\\\\\\\\\\":\\\\\\\\\\\\\\\\\\\\\\\\\\\\\\\"cross-platform-transmitter-override\\\\\\\\\\\\\\\\\\\\\\\\\\\\\\\",\\\\\\\\\\\\\\\\\\\\\\\\\\\\\\\"line\\\\\\\\\\\\\\\\\\\\\\\\\\\\\\\":\\\\\\\\\\\\\\\\\\\\\\\\\\\\\\\" [157] ./resources/sass/app.scss 41 bytes {0} [built]\\\\\\\\\\\\\\\\\\\\\\\\\\\\\\\",\\\\\\\\\\\\\\\\\\\\\\\\\\\\\\\"timestamp\\\\\\\\\\\\\\\\\\\\\\\\\\\\\\\":1516556912452}\\\\\\\\\\\\\\\",\\\\\\\\\\\\\\\"timestamp\\\\\\\\\\\\\\\":1516556913179}\\\\\\\",\\\\\\\"timestamp\\\\\\\":1516556914184}\\\",\\\"timestamp\\\":1516556915191}\",\"timestamp\":1516556916222}","timestamp":1516556917226}
{"channel":"cross-platform-transmitter-override","line":"{\"channel\":\"cross-platform-transmitter-override\",\"line\":\"{\\\"channel\\\":\\\"cross-platform-transmitter-override\\\",\\\"line\\\":\\\"{\\\\\\\"channel\\\\\\\":\\\\\\\"cross-platform-transmitter-override\\\\\\\",\\\\\\\"line\\\\\\\":\\\\\\\"{\\\\\\\\\\\\\\\"channel\\\\\\\\\\\\\\\":\\\\\\\\\\\\\\\"cross-platform-transmitter-override\\\\\\\\\\\\\\\",\\\\\\\\\\\\\\\"line\\\\\\\\\\\\\\\":\\\\\\\\\\\\\\\"{\\\\\\\\\\\\\\\\\\\\\\\\\\\\\\\"channel\\\\\\\\\\\\\\\\\\\\\\\\\\\\\\\":\\\\\\\\\\\\\\\\\\\\\\\\\\\\\\\"cross-platform-transmitter-override\\\\\\\\\\\\\\\\\\\\\\\\\\\\\\\",\\\\\\\\\\\\\\\\\\\\\\\\\\\\\\\"line\\\\\\\\\\\\\\\\\\\\\\\\\\\\\\\":\\\\\\\\\\\\\\\\\\\\\\\\\\\\\\\"    + 143 hidden modules\\\\\\\\\\\\\\\\\\\\\\\\\\\\\\\",\\\\\\\\\\\\\\\\\\\\\\\\\\\\\\\"timestamp\\\\\\\\\\\\\\\\\\\\\\\\\\\\\\\":1516556912452}\\\\\\\\\\\\\\\",\\\\\\\\\\\\\\\"timestamp\\\\\\\\\\\\\\\":1516556913179}\\\\\\\",\\\\\\\"timestamp\\\\\\\":1516556914184}\\\",\\\"timestamp\\\":1516556915191}\",\"timestamp\":1516556916222}","timestamp":1516556917226}
{"channel":"cross-platform-transmitter-override","line":"{\"channel\":\"cross-platform-transmitter-override\",\"line\":\"{\\\"channel\\\":\\\"cross-platform-transmitter-override\\\",\\\"line\\\":\\\"{\\\\\\\"channel\\\\\\\":\\\\\\\"cross-platform-transmitter-override\\\\\\\",\\\\\\\"line\\\\\\\":\\\\\\\"{\\\\\\\\\\\\\\\"channel\\\\\\\\\\\\\\\":\\\\\\\\\\\\\\\"cross-platform-transmitter-override\\\\\\\\\\\\\\\",\\\\\\\\\\\\\\\"line\\\\\\\\\\\\\\\":\\\\\\\\\\\\\\\"{\\\\\\\\\\\\\\\\\\\\\\\\\\\\\\\"channel\\\\\\\\\\\\\\\\\\\\\\\\\\\\\\\":\\\\\\\\\\\\\\\\\\\\\\\\\\\\\\\"cross-platform-transmitter-override\\\\\\\\\\\\\\\\\\\\\\\\\\\\\\\",\\\\\\\\\\\\\\\\\\\\\\\\\\\\\\\"line\\\\\\\\\\\\\\\\\\\\\\\\\\\\\\\":\\\\\\\\\\\\\\\\\\\\\\\\\\\\\\\"Child extract-text-webpack-plugin node_modules/extract-text-webpack-plugin/dist node_modules/css-loader/index.js?minimize!node_modules/sass-loader/lib/loader.js!resources/sass/app.scss:\\\\\\\\\\\\\\\\\\\\\\\\\\\\\\\",\\\\\\\\\\\\\\\\\\\\\\\\\\\\\\\"timestamp\\\\\\\\\\\\\\\\\\\\\\\\\\\\\\\":1516556912452}\\\\\\\\\\\\\\\",\\\\\\\\\\\\\\\"timestamp\\\\\\\\\\\\\\\":1516556913179}\\\\\\\",\\\\\\\"timestamp\\\\\\\":1516556914184}\\\",\\\"timestamp\\\":1516556915191}\",\"timestamp\":1516556916222}","timestamp":1516556917226}
{"channel":"cross-platform-transmitter-override","line":"{\"channel\":\"cross-platform-transmitter-override\",\"line\":\"{\\\"channel\\\":\\\"cross-platform-transmitter-override\\\",\\\"line\\\":\\\"{\\\\\\\"channel\\\\\\\":\\\\\\\"cross-platform-transmitter-override\\\\\\\",\\\\\\\"line\\\\\\\":\\\\\\\"{\\\\\\\\\\\\\\\"channel\\\\\\\\\\\\\\\":\\\\\\\\\\\\\\\"cross-platform-transmitter-override\\\\\\\\\\\\\\\",\\\\\\\\\\\\\\\"line\\\\\\\\\\\\\\\":\\\\\\\\\\\\\\\"{\\\\\\\\\\\\\\\\\\\\\\\\\\\\\\\"channel\\\\\\\\\\\\\\\\\\\\\\\\\\\\\\\":\\\\\\\\\\\\\\\\\\\\\\\\\\\\\\\"cross-platform-transmitter-override\\\\\\\\\\\\\\\\\\\\\\\\\\\\\\\",\\\\\\\\\\\\\\\\\\\\\\\\\\\\\\\"line\\\\\\\\\\\\\\\\\\\\\\\\\\\\\\\":\\\\\\\\\\\\\\\\\\\\\\\\\\\\\\\"       [0] ./node_modules/css-loader?minimize!./node_modules/sass-loader/lib/loader.js!./resources/sass/app.scss 156 kB {0} [built]\\\\\\\\\\\\\\\\\\\\\\\\\\\\\\\",\\\\\\\\\\\\\\\\\\\\\\\\\\\\\\\"timestamp\\\\\\\\\\\\\\\\\\\\\\\\\\\\\\\":1516556912452}\\\\\\\\\\\\\\\",\\\\\\\\\\\\\\\"timestamp\\\\\\\\\\\\\\\":1516556913179}\\\\\\\",\\\\\\\"timestamp\\\\\\\":1516556914184}\\\",\\\"timestamp\\\":1516556915191}\",\"timestamp\":1516556916222}","timestamp":1516556917226}
{"channel":"cross-platform-transmitter-override","line":"{\"channel\":\"cross-platform-transmitter-override\",\"line\":\"{\\\"channel\\\":\\\"cross-platform-transmitter-override\\\",\\\"line\\\":\\\"{\\\\\\\"channel\\\\\\\":\\\\\\\"cross-platform-transmitter-override\\\\\\\",\\\\\\\"line\\\\\\\":\\\\\\\"{\\\\\\\\\\\\\\\"channel\\\\\\\\\\\\\\\":\\\\\\\\\\\\\\\"cross-platform-transmitter-override\\\\\\\\\\\\\\\",\\\\\\\\\\\\\\\"line\\\\\\\\\\\\\\\":\\\\\\\\\\\\\\\"{\\\\\\\\\\\\\\\\\\\\\\\\\\\\\\\"channel\\\\\\\\\\\\\\\\\\\\\\\\\\\\\\\":\\\\\\\\\\\\\\\\\\\\\\\\\\\\\\\"cross-platform-transmitter-override\\\\\\\\\\\\\\\\\\\\\\\\\\\\\\\",\\\\\\\\\\\\\\\\\\\\\\\\\\\\\\\"line\\\\\\\\\\\\\\\\\\\\\\\\\\\\\\\":\\\\\\\\\\\\\\\\\\\\\\\\\\\\\\\"        + 1 hidden module\\\\\\\\\\\\\\\\\\\\\\\\\\\\\\\",\\\\\\\\\\\\\\\\\\\\\\\\\\\\\\\"timestamp\\\\\\\\\\\\\\\\\\\\\\\\\\\\\\\":1516556912452}\\\\\\\\\\\\\\\",\\\\\\\\\\\\\\\"timestamp\\\\\\\\\\\\\\\":1516556913179}\\\\\\\",\\\\\\\"timestamp\\\\\\\":1516556914184}\\\",\\\"timestamp\\\":1516556915191}\",\"timestamp\":1516556916222}","timestamp":1516556917226}
{"channel":"cross-platform-transmitter-override","line":"{\"channel\":\"cross-platform-transmitter-override\",\"line\":\"{\\\"channel\\\":\\\"cross-platform-transmitter-override\\\",\\\"line\\\":\\\"{\\\\\\\"channel\\\\\\\":\\\\\\\"cross-platform-transmitter-override\\\\\\\",\\\\\\\"line\\\\\\\":\\\\\\\"{\\\\\\\\\\\\\\\"channel\\\\\\\\\\\\\\\":\\\\\\\\\\\\\\\"cross-platform-transmitter-override\\\\\\\\\\\\\\\",\\\\\\\\\\\\\\\"line\\\\\\\\\\\\\\\":\\\\\\\\\\\\\\\"{\\\\\\\\\\\\\\\\\\\\\\\\\\\\\\\"channel\\\\\\\\\\\\\\\\\\\\\\\\\\\\\\\":\\\\\\\\\\\\\\\\\\\\\\\\\\\\\\\"cross-platform-transmitter-override\\\\\\\\\\\\\\\\\\\\\\\\\\\\\\\",\\\\\\\\\\\\\\\\\\\\\\\\\\\\\\\"line\\\\\\\\\\\\\\\\\\\\\\\\\\\\\\\":\\\\\\\\\\\\\\\\\\\\\\\\\\\\\\\"xt4fCxyro6ZDwPwuAAAB\\\\\\\\\\\\\\\\\\\\\\\\\\\\\\\",\\\\\\\\\\\\\\\\\\\\\\\\\\\\\\\"timestamp\\\\\\\\\\\\\\\\\\\\\\\\\\\\\\\":1516556912452}\\\\\\\\\\\\\\\",\\\\\\\\\\\\\\\"timestamp\\\\\\\\\\\\\\\":1516556913179}\\\\\\\",\\\\\\\"timestamp\\\\\\\":1516556914184}\\\",\\\"timestamp\\\":1516556915191}\",\"timestamp\":1516556916222}","timestamp":1516556917226}
{"channel":"cross-platform-transmitter-override","line":"{\"channel\":\"cross-platform-transmitter-override\",\"line\":\"{\\\"channel\\\":\\\"cross-platform-transmitter-override\\\",\\\"line\\\":\\\"{\\\\\\\"channel\\\\\\\":\\\\\\\"cross-platform-transmitter-override\\\\\\\",\\\\\\\"line\\\\\\\":\\\\\\\"{\\\\\\\\\\\\\\\"channel\\\\\\\\\\\\\\\":\\\\\\\\\\\\\\\"cross-platform-transmitter-override\\\\\\\\\\\\\\\",\\\\\\\\\\\\\\\"line\\\\\\\\\\\\\\\":\\\\\\\\\\\\\\\"{\\\\\\\\\\\\\\\\\\\\\\\\\\\\\\\"channel\\\\\\\\\\\\\\\\\\\\\\\\\\\\\\\":\\\\\\\\\\\\\\\\\\\\\\\\\\\\\\\"cross-platform-transmitter-override\\\\\\\\\\\\\\\\\\\\\\\\\\\\\\\",\\\\\\\\\\\\\\\\\\\\\\\\\\\\\\\"line\\\\\\\\\\\\\\\\\\\\\\\\\\\\\\\":\\\\\\\\\\\\\\\\\\\\\\\\\\\\\\\"Hash: e6c8490e128c8c7f5aec\\\\\\\\\\\\\\\\\\\\\\\\\\\\\\\",\\\\\\\\\\\\\\\\\\\\\\\\\\\\\\\"timestamp\\\\\\\\\\\\\\\\\\\\\\\\\\\\\\\":1516556912452}\\\\\\\\\\\\\\\",\\\\\\\\\\\\\\\"timestamp\\\\\\\\\\\\\\\":1516556913179}\\\\\\\",\\\\\\\"timestamp\\\\\\\":1516556914184}\\\",\\\"timestamp\\\":1516556915191}\",\"timestamp\":1516556916222}","timestamp":1516556917226}
{"channel":"cross-platform-transmitter-override","line":"{\"channel\":\"cross-platform-transmitter-override\",\"line\":\"{\\\"channel\\\":\\\"cross-platform-transmitter-override\\\",\\\"line\\\":\\\"{\\\\\\\"channel\\\\\\\":\\\\\\\"cross-platform-transmitter-override\\\\\\\",\\\\\\\"line\\\\\\\":\\\\\\\"{\\\\\\\\\\\\\\\"channel\\\\\\\\\\\\\\\":\\\\\\\\\\\\\\\"cross-platform-transmitter-override\\\\\\\\\\\\\\\",\\\\\\\\\\\\\\\"line\\\\\\\\\\\\\\\":\\\\\\\\\\\\\\\"{\\\\\\\\\\\\\\\\\\\\\\\\\\\\\\\"channel\\\\\\\\\\\\\\\\\\\\\\\\\\\\\\\":\\\\\\\\\\\\\\\\\\\\\\\\\\\\\\\"cross-platform-transmitter-override\\\\\\\\\\\\\\\\\\\\\\\\\\\\\\\",\\\\\\\\\\\\\\\\\\\\\\\\\\\\\\\"line\\\\\\\\\\\\\\\\\\\\\\\\\\\\\\\":\\\\\\\\\\\\\\\\\\\\\\\\\\\\\\\"Version: webpack 3.10.0\\\\\\\\\\\\\\\\\\\\\\\\\\\\\\\",\\\\\\\\\\\\\\\\\\\\\\\\\\\\\\\"timestamp\\\\\\\\\\\\\\\\\\\\\\\\\\\\\\\":1516556912452}\\\\\\\\\\\\\\\",\\\\\\\\\\\\\\\"timestamp\\\\\\\\\\\\\\\":1516556913179}\\\\\\\",\\\\\\\"timestamp\\\\\\\":1516556914184}\\\",\\\"timestamp\\\":1516556915191}\",\"timestamp\":1516556916222}","timestamp":1516556917226}
{"channel":"cross-platform-transmitter-override","line":"{\"channel\":\"cross-platform-transmitter-override\",\"line\":\"{\\\"channel\\\":\\\"cross-platform-transmitter-override\\\",\\\"line\\\":\\\"{\\\\\\\"channel\\\\\\\":\\\\\\\"cross-platform-transmitter-override\\\\\\\",\\\\\\\"line\\\\\\\":\\\\\\\"{\\\\\\\\\\\\\\\"channel\\\\\\\\\\\\\\\":\\\\\\\\\\\\\\\"cross-platform-transmitter-override\\\\\\\\\\\\\\\",\\\\\\\\\\\\\\\"line\\\\\\\\\\\\\\\":\\\\\\\\\\\\\\\"{\\\\\\\\\\\\\\\\\\\\\\\\\\\\\\\"channel\\\\\\\\\\\\\\\\\\\\\\\\\\\\\\\":\\\\\\\\\\\\\\\\\\\\\\\\\\\\\\\"cross-platform-transmitter-override\\\\\\\\\\\\\\\\\\\\\\\\\\\\\\\",\\\\\\\\\\\\\\\\\\\\\\\\\\\\\\\"line\\\\\\\\\\\\\\\\\\\\\\\\\\\\\\\":\\\\\\\\\\\\\\\\\\\\\\\\\\\\\\\"Time: 4805ms\\\\\\\\\\\\\\\\\\\\\\\\\\\\\\\",\\\\\\\\\\\\\\\\\\\\\\\\\\\\\\\"timestamp\\\\\\\\\\\\\\\\\\\\\\\\\\\\\\\":1516556912452}\\\\\\\\\\\\\\\",\\\\\\\\\\\\\\\"timestamp\\\\\\\\\\\\\\\":1516556913179}\\\\\\\",\\\\\\\"timestamp\\\\\\\":1516556914184}\\\",\\\"timestamp\\\":1516556915191}\",\"timestamp\":1516556916222}","timestamp":1516556917226}
{"channel":"cross-platform-transmitter-override","line":"{\"channel\":\"cross-platform-transmitter-override\",\"line\":\"{\\\"channel\\\":\\\"cross-platform-transmitter-override\\\",\\\"line\\\":\\\"{\\\\\\\"channel\\\\\\\":\\\\\\\"cross-platform-transmitter-override\\\\\\\",\\\\\\\"line\\\\\\\":\\\\\\\"{\\\\\\\\\\\\\\\"channel\\\\\\\\\\\\\\\":\\\\\\\\\\\\\\\"cross-platform-transmitter-override\\\\\\\\\\\\\\\",\\\\\\\\\\\\\\\"line\\\\\\\\\\\\\\\":\\\\\\\\\\\\\\\"{\\\\\\\\\\\\\\\\\\\\\\\\\\\\\\\"channel\\\\\\\\\\\\\\\\\\\\\\\\\\\\\\\":\\\\\\\\\\\\\\\\\\\\\\\\\\\\\\\"cross-platform-transmitter-override\\\\\\\\\\\\\\\\\\\\\\\\\\\\\\\",\\\\\\\\\\\\\\\\\\\\\\\\\\\\\\\"line\\\\\\\\\\\\\\\\\\\\\\\\\\\\\\\":\\\\\\\\\\\\\\\\\\\\\\\\\\\\\\\"   Asset    Size  Chunks                    Chunk Names\\\\\\\\\\\\\\\\\\\\\\\\\\\\\\\",\\\\\\\\\\\\\\\\\\\\\\\\\\\\\\\"timestamp\\\\\\\\\\\\\\\\\\\\\\\\\\\\\\\":1516556912452}\\\\\\\\\\\\\\\",\\\\\\\\\\\\\\\"timestamp\\\\\\\\\\\\\\\":1516556913179}\\\\\\\",\\\\\\\"timestamp\\\\\\\":1516556914184}\\\",\\\"timestamp\\\":1516556915191}\",\"timestamp\":1516556916223}","timestamp":1516556917226}
{"channel":"cross-platform-transmitter-override","line":"{\"channel\":\"cross-platform-transmitter-override\",\"line\":\"{\\\"channel\\\":\\\"cross-platform-transmitter-override\\\",\\\"line\\\":\\\"{\\\\\\\"channel\\\\\\\":\\\\\\\"cross-platform-transmitter-override\\\\\\\",\\\\\\\"line\\\\\\\":\\\\\\\"{\\\\\\\\\\\\\\\"channel\\\\\\\\\\\\\\\":\\\\\\\\\\\\\\\"cross-platform-transmitter-override\\\\\\\\\\\\\\\",\\\\\\\\\\\\\\\"line\\\\\\\\\\\\\\\":\\\\\\\\\\\\\\\"{\\\\\\\\\\\\\\\\\\\\\\\\\\\\\\\"channel\\\\\\\\\\\\\\\\\\\\\\\\\\\\\\\":\\\\\\\\\\\\\\\\\\\\\\\\\\\\\\\"cross-platform-transmitter-override\\\\\\\\\\\\\\\\\\\\\\\\\\\\\\\",\\\\\\\\\\\\\\\\\\\\\\\\\\\\\\\"line\\\\\\\\\\\\\\\\\\\\\\\\\\\\\\\":\\\\\\\\\\\\\\\\\\\\\\\\\\\\\\\"atail.js  439 kB       0  [emitted]  [big]  main\\\\\\\\\\\\\\\\\\\\\\\\\\\\\\\",\\\\\\\\\\\\\\\\\\\\\\\\\\\\\\\"timestamp\\\\\\\\\\\\\\\\\\\\\\\\\\\\\\\":1516556912452}\\\\\\\\\\\\\\\",\\\\\\\\\\\\\\\"timestamp\\\\\\\\\\\\\\\":1516556913179}\\\\\\\",\\\\\\\"timestamp\\\\\\\":1516556914184}\\\",\\\"timestamp\\\":1516556915191}\",\"timestamp\":1516556916223}","timestamp":1516556917226}
{"channel":"cross-platform-transmitter-override","line":"{\"channel\":\"cross-platform-transmitter-override\",\"line\":\"{\\\"channel\\\":\\\"cross-platform-transmitter-override\\\",\\\"line\\\":\\\"{\\\\\\\"channel\\\\\\\":\\\\\\\"cross-platform-transmitter-override\\\\\\\",\\\\\\\"line\\\\\\\":\\\\\\\"{\\\\\\\\\\\\\\\"channel\\\\\\\\\\\\\\\":\\\\\\\\\\\\\\\"cross-platform-transmitter-override\\\\\\\\\\\\\\\",\\\\\\\\\\\\\\\"line\\\\\\\\\\\\\\\":\\\\\\\\\\\\\\\"{\\\\\\\\\\\\\\\\\\\\\\\\\\\\\\\"channel\\\\\\\\\\\\\\\\\\\\\\\\\\\\\\\":\\\\\\\\\\\\\\\\\\\\\\\\\\\\\\\"cross-platform-transmitter-override\\\\\\\\\\\\\\\\\\\\\\\\\\\\\\\",\\\\\\\\\\\\\\\\\\\\\\\\\\\\\\\"line\\\\\\\\\\\\\\\\\\\\\\\\\\\\\\\":\\\\\\\\\\\\\\\\\\\\\\\\\\\\\\\" app.css  156 kB       0  [emitted]         main\\\\\\\\\\\\\\\\\\\\\\\\\\\\\\\",\\\\\\\\\\\\\\\\\\\\\\\\\\\\\\\"timestamp\\\\\\\\\\\\\\\\\\\\\\\\\\\\\\\":1516556912452}\\\\\\\\\\\\\\\",\\\\\\\\\\\\\\\"timestamp\\\\\\\\\\\\\\\":1516556913179}\\\\\\\",\\\\\\\"timestamp\\\\\\\":1516556914184}\\\",\\\"timestamp\\\":1516556915192}\",\"timestamp\":1516556916223}","timestamp":1516556917226}
{"channel":"cross-platform-transmitter-override","line":"{\"channel\":\"cross-platform-transmitter-override\",\"line\":\"{\\\"channel\\\":\\\"cross-platform-transmitter-override\\\",\\\"line\\\":\\\"{\\\\\\\"channel\\\\\\\":\\\\\\\"cross-platform-transmitter-override\\\\\\\",\\\\\\\"line\\\\\\\":\\\\\\\"{\\\\\\\\\\\\\\\"channel\\\\\\\\\\\\\\\":\\\\\\\\\\\\\\\"cross-platform-transmitter-override\\\\\\\\\\\\\\\",\\\\\\\\\\\\\\\"line\\\\\\\\\\\\\\\":\\\\\\\\\\\\\\\"{\\\\\\\\\\\\\\\\\\\\\\\\\\\\\\\"channel\\\\\\\\\\\\\\\\\\\\\\\\\\\\\\\":\\\\\\\\\\\\\\\\\\\\\\\\\\\\\\\"cross-platform-transmitter-override\\\\\\\\\\\\\\\\\\\\\\\\\\\\\\\",\\\\\\\\\\\\\\\\\\\\\\\\\\\\\\\"line\\\\\\\\\\\\\\\\\\\\\\\\\\\\\\\":\\\\\\\\\\\\\\\\\\\\\\\\\\\\\\\"   [6] ./node_modules/babel-loader/lib!./node_modules/vue-loader/lib/selector.js?type=script&index=0!./resources/scripts/VueApp.vue 1.24 kB {0} [built]\\\\\\\\\\\\\\\\\\\\\\\\\\\\\\\",\\\\\\\\\\\\\\\\\\\\\\\\\\\\\\\"timestamp\\\\\\\\\\\\\\\\\\\\\\\\\\\\\\\":1516556912452}\\\\\\\\\\\\\\\",\\\\\\\\\\\\\\\"timestamp\\\\\\\\\\\\\\\":1516556913179}\\\\\\\",\\\\\\\"timestamp\\\\\\\":1516556914184}\\\",\\\"timestamp\\\":1516556915192}\",\"timestamp\":1516556916223}","timestamp":1516556917226}
{"channel":"cross-platform-transmitter-override","line":"{\"channel\":\"cross-platform-transmitter-override\",\"line\":\"{\\\"channel\\\":\\\"cross-platform-transmitter-override\\\",\\\"line\\\":\\\"{\\\\\\\"channel\\\\\\\":\\\\\\\"cross-platform-transmitter-override\\\\\\\",\\\\\\\"line\\\\\\\":\\\\\\\"{\\\\\\\\\\\\\\\"channel\\\\\\\\\\\\\\\":\\\\\\\\\\\\\\\"cross-platform-transmitter-override\\\\\\\\\\\\\\\",\\\\\\\\\\\\\\\"line\\\\\\\\\\\\\\\":\\\\\\\\\\\\\\\"{\\\\\\\\\\\\\\\\\\\\\\\\\\\\\\\"channel\\\\\\\\\\\\\\\\\\\\\\\\\\\\\\\":\\\\\\\\\\\\\\\\\\\\\\\\\\\\\\\"cross-platform-transmitter-override\\\\\\\\\\\\\\\\\\\\\\\\\\\\\\\",\\\\\\\\\\\\\\\\\\\\\\\\\\\\\\\"line\\\\\\\\\\\\\\\\\\\\\\\\\\\\\\\":\\\\\\\\\\\\\\\\\\\\\\\\\\\\\\\"   [7] ./node_modules/babel-loader/lib!./node_modules/vue-loader/lib/selector.js?type=script&index=0!./resources/scripts/tailview.vue 356 bytes {0} [built]\\\\\\\\\\\\\\\\\\\\\\\\\\\\\\\",\\\\\\\\\\\\\\\\\\\\\\\\\\\\\\\"timestamp\\\\\\\\\\\\\\\\\\\\\\\\\\\\\\\":1516556912452}\\\\\\\\\\\\\\\",\\\\\\\\\\\\\\\"timestamp\\\\\\\\\\\\\\\":1516556913179}\\\\\\\",\\\\\\\"timestamp\\\\\\\":1516556914184}\\\",\\\"timestamp\\\":1516556915192}\",\"timestamp\":1516556916223}","timestamp":1516556917226}
{"channel":"cross-platform-transmitter-override","line":"{\"channel\":\"cross-platform-transmitter-override\",\"line\":\"{\\\"channel\\\":\\\"cross-platform-transmitter-override\\\",\\\"line\\\":\\\"{\\\\\\\"channel\\\\\\\":\\\\\\\"cross-platform-transmitter-override\\\\\\\",\\\\\\\"line\\\\\\\":\\\\\\\"{\\\\\\\\\\\\\\\"channel\\\\\\\\\\\\\\\":\\\\\\\\\\\\\\\"cross-platform-transmitter-override\\\\\\\\\\\\\\\",\\\\\\\\\\\\\\\"line\\\\\\\\\\\\\\\":\\\\\\\\\\\\\\\"{\\\\\\\\\\\\\\\\\\\\\\\\\\\\\\\"channel\\\\\\\\\\\\\\\\\\\\\\\\\\\\\\\":\\\\\\\\\\\\\\\\\\\\\\\\\\\\\\\"cross-platform-transmitter-override\\\\\\\\\\\\\\\\\\\\\\\\\\\\\\\",\\\\\\\\\\\\\\\\\\\\\\\\\\\\\\\"line\\\\\\\\\\\\\\\\\\\\\\\\\\\\\\\":\\\\\\\\\\\\\\\\\\\\\\\\\\\\\\\" [135] ./resources/scripts/VueApp.vue 1.85 kB {0} [built]\\\\\\\\\\\\\\\\\\\\\\\\\\\\\\\",\\\\\\\\\\\\\\\\\\\\\\\\\\\\\\\"timestamp\\\\\\\\\\\\\\\\\\\\\\\\\\\\\\\":1516556912452}\\\\\\\\\\\\\\\",\\\\\\\\\\\\\\\"timestamp\\\\\\\\\\\\\\\":1516556913179}\\\\\\\",\\\\\\\"timestamp\\\\\\\":1516556914184}\\\",\\\"timestamp\\\":1516556915192}\",\"timestamp\":1516556916223}","timestamp":1516556917226}
{"channel":"cross-platform-transmitter-override","line":"{\"channel\":\"cross-platform-transmitter-override\",\"line\":\"{\\\"channel\\\":\\\"cross-platform-transmitter-override\\\",\\\"line\\\":\\\"{\\\\\\\"channel\\\\\\\":\\\\\\\"cross-platform-transmitter-override\\\\\\\",\\\\\\\"line\\\\\\\":\\\\\\\"{\\\\\\\\\\\\\\\"channel\\\\\\\\\\\\\\\":\\\\\\\\\\\\\\\"cross-platform-transmitter-override\\\\\\\\\\\\\\\",\\\\\\\\\\\\\\\"line\\\\\\\\\\\\\\\":\\\\\\\\\\\\\\\"{\\\\\\\\\\\\\\\\\\\\\\\\\\\\\\\"channel\\\\\\\\\\\\\\\\\\\\\\\\\\\\\\\":\\\\\\\\\\\\\\\\\\\\\\\\\\\\\\\"cross-platform-transmitter-override\\\\\\\\\\\\\\\\\\\\\\\\\\\\\\\",\\\\\\\\\\\\\\\\\\\\\\\\\\\\\\\"line\\\\\\\\\\\\\\\\\\\\\\\\\\\\\\\":\\\\\\\\\\\\\\\\\\\\\\\\\\\\\\\" [137] ./node_modules/css-loader!./node_modules/vue-loader/lib/style-compiler?{\\\\\\\\\\\\\\\\\\\\\\\\\\\\\\\\\\\\\\\\\\\\\\\\\\\\\\\\\\\\\\\"vue\\\\\\\\\\\\\\\\\\\\\\\\\\\\\\\\\\\\\\\\\\\\\\\\\\\\\\\\\\\\\\\":true,\\\\\\\\\\\\\\\\\\\\\\\\\\\\\\\\\\\\\\\\\\\\\\\\\\\\\\\\\\\\\\\"id\\\\\\\\\\\\\\\\\\\\\\\\\\\\\\\\\\\\\\\\\\\\\\\\\\\\\\\\\\\\\\\":\\\\\\\\\\\\\\\\\\\\\\\\\\\\\\\\\\\\\\\\\\\\\\\\\\\\\\\\\\\\\\\"data-v-521af954\\\\\\\\\\\\\\\\\\\\\\\\\\\\\\\\\\\\\\\\\\\\\\\\\\\\\\\\\\\\\\\",\\\\\\\\\\\\\\\\\\\\\\\\\\\\\\\\\\\\\\\\\\\\\\\\\\\\\\\\\\\\\\\"scoped\\\\\\\\\\\\\\\\\\\\\\\\\\\\\\\\\\\\\\\\\\\\\\\\\\\\\\\\\\\\\\\":false,\\\\\\\\\\\\\\\\\\\\\\\\\\\\\\\\\\\\\\\\\\\\\\\\\\\\\\\\\\\\\\\"hasInlineConfig\\\\\\\\\\\\\\\\\\\\\\\\\\\\\\\\\\\\\\\\\\\\\\\\\\\\\\\\\\\\\\\":false}!./node_modules/vue-loader/lib/selector.js?type=styles&index=0!./resources/scripts/VueApp.vue 322 bytes {0} [built]\\\\\\\\\\\\\\\\\\\\\\\\\\\\\\\",\\\\\\\\\\\\\\\\\\\\\\\\\\\\\\\"timestamp\\\\\\\\\\\\\\\\\\\\\\\\\\\\\\\":1516556912452}\\\\\\\\\\\\\\\",\\\\\\\\\\\\\\\"timestamp\\\\\\\\\\\\\\\":1516556913179}\\\\\\\",\\\\\\\"timestamp\\\\\\\":1516556914184}\\\",\\\"timestamp\\\":1516556915192}\",\"timestamp\":1516556916223}","timestamp":1516556917226}
{"channel":"cross-platform-transmitter-override","line":"{\"channel\":\"cross-platform-transmitter-override\",\"line\":\"{\\\"channel\\\":\\\"cross-platform-transmitter-override\\\",\\\"line\\\":\\\"{\\\\\\\"channel\\\\\\\":\\\\\\\"cross-platform-transmitter-override\\\\\\\",\\\\\\\"line\\\\\\\":\\\\\\\"{\\\\\\\\\\\\\\\"channel\\\\\\\\\\\\\\\":\\\\\\\\\\\\\\\"cross-platform-transmitter-override\\\\\\\\\\\\\\\",\\\\\\\\\\\\\\\"line\\\\\\\\\\\\\\\":\\\\\\\\\\\\\\\"{\\\\\\\\\\\\\\\\\\\\\\\\\\\\\\\"channel\\\\\\\\\\\\\\\\\\\\\\\\\\\\\\\":\\\\\\\\\\\\\\\\\\\\\\\\\\\\\\\"cross-platform-transmitter-override\\\\\\\\\\\\\\\\\\\\\\\\\\\\\\\",\\\\\\\\\\\\\\\\\\\\\\\\\\\\\\\"line\\\\\\\\\\\\\\\\\\\\\\\\\\\\\\\":\\\\\\\\\\\\\\\\\\\\\\\\\\\\\\\" [139] ./resources/scripts/tailview.vue 1.87 kB {0} [built]\\\\\\\\\\\\\\\\\\\\\\\\\\\\\\\",\\\\\\\\\\\\\\\\\\\\\\\\\\\\\\\"timestamp\\\\\\\\\\\\\\\\\\\\\\\\\\\\\\\":1516556912452}\\\\\\\\\\\\\\\",\\\\\\\\\\\\\\\"timestamp\\\\\\\\\\\\\\\":1516556913179}\\\\\\\",\\\\\\\"timestamp\\\\\\\":1516556914184}\\\",\\\"timestamp\\\":1516556915192}\",\"timestamp\":1516556916223}","timestamp":1516556917226}
{"channel":"cross-platform-transmitter-override","line":"{\"channel\":\"cross-platform-transmitter-override\",\"line\":\"{\\\"channel\\\":\\\"cross-platform-transmitter-override\\\",\\\"line\\\":\\\"{\\\\\\\"channel\\\\\\\":\\\\\\\"cross-platform-transmitter-override\\\\\\\",\\\\\\\"line\\\\\\\":\\\\\\\"{\\\\\\\\\\\\\\\"channel\\\\\\\\\\\\\\\":\\\\\\\\\\\\\\\"cross-platform-transmitter-override\\\\\\\\\\\\\\\",\\\\\\\\\\\\\\\"line\\\\\\\\\\\\\\\":\\\\\\\\\\\\\\\"{\\\\\\\\\\\\\\\\\\\\\\\\\\\\\\\"channel\\\\\\\\\\\\\\\\\\\\\\\\\\\\\\\":\\\\\\\\\\\\\\\\\\\\\\\\\\\\\\\"cross-platform-transmitter-override\\\\\\\\\\\\\\\\\\\\\\\\\\\\\\\",\\\\\\\\\\\\\\\\\\\\\\\\\\\\\\\"line\\\\\\\\\\\\\\\\\\\\\\\\\\\\\\\":\\\\\\\\\\\\\\\\\\\\\\\\\\\\\\\" [141] ./node_modules/css-loader!./node_modules/vue-loader/lib/style-compiler?{\\\\\\\\\\\\\\\\\\\\\\\\\\\\\\\\\\\\\\\\\\\\\\\\\\\\\\\\\\\\\\\"vue\\\\\\\\\\\\\\\\\\\\\\\\\\\\\\\\\\\\\\\\\\\\\\\\\\\\\\\\\\\\\\\":true,\\\\\\\\\\\\\\\\\\\\\\\\\\\\\\\\\\\\\\\\\\\\\\\\\\\\\\\\\\\\\\\"id\\\\\\\\\\\\\\\\\\\\\\\\\\\\\\\\\\\\\\\\\\\\\\\\\\\\\\\\\\\\\\\":\\\\\\\\\\\\\\\\\\\\\\\\\\\\\\\\\\\\\\\\\\\\\\\\\\\\\\\\\\\\\\\"data-v-e0c43fa4\\\\\\\\\\\\\\\\\\\\\\\\\\\\\\\\\\\\\\\\\\\\\\\\\\\\\\\\\\\\\\\",\\\\\\\\\\\\\\\\\\\\\\\\\\\\\\\\\\\\\\\\\\\\\\\\\\\\\\\\\\\\\\\"scoped\\\\\\\\\\\\\\\\\\\\\\\\\\\\\\\\\\\\\\\\\\\\\\\\\\\\\\\\\\\\\\\":true,\\\\\\\\\\\\\\\\\\\\\\\\\\\\\\\\\\\\\\\\\\\\\\\\\\\\\\\\\\\\\\\"hasInlineConfig\\\\\\\\\\\\\\\\\\\\\\\\\\\\\\\\\\\\\\\\\\\\\\\\\\\\\\\\\\\\\\\":false}!./node_modules/vue-loader/lib/selector.js?type=styles&index=0!./resources/scripts/tailview.vue 348 bytes {0} [built]\\\\\\\\\\\\\\\\\\\\\\\\\\\\\\\",\\\\\\\\\\\\\\\\\\\\\\\\\\\\\\\"timestamp\\\\\\\\\\\\\\\\\\\\\\\\\\\\\\\":1516556912452}\\\\\\\\\\\\\\\",\\\\\\\\\\\\\\\"timestamp\\\\\\\\\\\\\\\":1516556913179}\\\\\\\",\\\\\\\"timestamp\\\\\\\":1516556914184}\\\",\\\"timestamp\\\":1516556915192}\",\"timestamp\":1516556916223}","timestamp":1516556917226}
{"channel":"cross-platform-transmitter-override","line":"{\"channel\":\"cross-platform-transmitter-override\",\"line\":\"{\\\"channel\\\":\\\"cross-platform-transmitter-override\\\",\\\"line\\\":\\\"{\\\\\\\"channel\\\\\\\":\\\\\\\"cross-platform-transmitter-override\\\\\\\",\\\\\\\"line\\\\\\\":\\\\\\\"{\\\\\\\\\\\\\\\"channel\\\\\\\\\\\\\\\":\\\\\\\\\\\\\\\"cross-platform-transmitter-override\\\\\\\\\\\\\\\",\\\\\\\\\\\\\\\"line\\\\\\\\\\\\\\\":\\\\\\\\\\\\\\\"{\\\\\\\\\\\\\\\\\\\\\\\\\\\\\\\"channel\\\\\\\\\\\\\\\\\\\\\\\\\\\\\\\":\\\\\\\\\\\\\\\\\\\\\\\\\\\\\\\"cross-platform-transmitter-override\\\\\\\\\\\\\\\\\\\\\\\\\\\\\\\",\\\\\\\\\\\\\\\\\\\\\\\\\\\\\\\"line\\\\\\\\\\\\\\\\\\\\\\\\\\\\\\\":\\\\\\\\\\\\\\\\\\\\\\\\\\\\\\\" [142] ./node_modules/vue-loader/lib/template-compiler?{\\\\\\\\\\\\\\\\\\\\\\\\\\\\\\\\\\\\\\\\\\\\\\\\\\\\\\\\\\\\\\\"id\\\\\\\\\\\\\\\\\\\\\\\\\\\\\\\\\\\\\\\\\\\\\\\\\\\\\\\\\\\\\\\":\\\\\\\\\\\\\\\\\\\\\\\\\\\\\\\\\\\\\\\\\\\\\\\\\\\\\\\\\\\\\\\"data-v-e0c43fa4\\\\\\\\\\\\\\\\\\\\\\\\\\\\\\\\\\\\\\\\\\\\\\\\\\\\\\\\\\\\\\\",\\\\\\\\\\\\\\\\\\\\\\\\\\\\\\\\\\\\\\\\\\\\\\\\\\\\\\\\\\\\\\\"hasScoped\\\\\\\\\\\\\\\\\\\\\\\\\\\\\\\\\\\\\\\\\\\\\\\\\\\\\\\\\\\\\\\":true,\\\\\\\\\\\\\\\\\\\\\\\\\\\\\\\\\\\\\\\\\\\\\\\\\\\\\\\\\\\\\\\"buble\\\\\\\\\\\\\\\\\\\\\\\\\\\\\\\\\\\\\\\\\\\\\\\\\\\\\\\\\\\\\\\":{\\\\\\\\\\\\\\\\\\\\\\\\\\\\\\\\\\\\\\\\\\\\\\\\\\\\\\\\\\\\\\\"transforms\\\\\\\\\\\\\\\\\\\\\\\\\\\\\\\\\\\\\\\\\\\\\\\\\\\\\\\\\\\\\\\":{}}}!./node_modules/vue-loader/lib/selector.js?type=template&index=0!./resources/scripts/tailview.vue 905 bytes {0} [built]\\\\\\\\\\\\\\\\\\\\\\\\\\\\\\\",\\\\\\\\\\\\\\\\\\\\\\\\\\\\\\\"timestamp\\\\\\\\\\\\\\\\\\\\\\\\\\\\\\\":1516556912452}\\\\\\\\\\\\\\\",\\\\\\\\\\\\\\\"timestamp\\\\\\\\\\\\\\\":1516556913179}\\\\\\\",\\\\\\\"timestamp\\\\\\\":1516556914184}\\\",\\\"timestamp\\\":1516556915192}\",\"timestamp\":1516556916223}","timestamp":1516556917226}
{"channel":"cross-platform-transmitter-override","line":"{\"channel\":\"cross-platform-transmitter-override\",\"line\":\"{\\\"channel\\\":\\\"cross-platform-transmitter-override\\\",\\\"line\\\":\\\"{\\\\\\\"channel\\\\\\\":\\\\\\\"cross-platform-transmitter-override\\\\\\\",\\\\\\\"line\\\\\\\":\\\\\\\"{\\\\\\\\\\\\\\\"channel\\\\\\\\\\\\\\\":\\\\\\\\\\\\\\\"cross-platform-transmitter-override\\\\\\\\\\\\\\\",\\\\\\\\\\\\\\\"line\\\\\\\\\\\\\\\":\\\\\\\\\\\\\\\"{\\\\\\\\\\\\\\\\\\\\\\\\\\\\\\\"channel\\\\\\\\\\\\\\\\\\\\\\\\\\\\\\\":\\\\\\\\\\\\\\\\\\\\\\\\\\\\\\\"cross-platform-transmitter-override\\\\\\\\\\\\\\\\\\\\\\\\\\\\\\\",\\\\\\\\\\\\\\\\\\\\\\\\\\\\\\\"line\\\\\\\\\\\\\\\\\\\\\\\\\\\\\\\":\\\\\\\\\\\\\\\\\\\\\\\\\\\\\\\"{\\\\\\\\\\\\\\\\\\\\\\\\\\\\\\\\\\\\\\\\\\\\\\\\\\\\\\\\\\\\\\\"channel\\\\\\\\\\\\\\\\\\\\\\\\\\\\\\\\\\\\\\\\\\\\\\\\\\\\\\\\\\\\\\\":\\\\\\\\\\\\\\\\\\\\\\\\\\\\\\\\\\\\\\\\\\\\\\\\\\\\\\\\\\\\\\\"cross-platform-transmitter-override\\\\\\\\\\\\\\\\\\\\\\\\\\\\\\\\\\\\\\\\\\\\\\\\\\\\\\\\\\\\\\\",\\\\\\\\\\\\\\\\\\\\\\\\\\\\\\\\\\\\\\\\\\\\\\\\\\\\\\\\\\\\\\\"line\\\\\\\\\\\\\\\\\\\\\\\\\\\\\\\\\\\\\\\\\\\\\\\\\\\\\\\\\\\\\\\":\\\\\\\\\\\\\\\\\\\\\\\\\\\\\\\\\\\\\\\\\\\\\\\\\\\\\\\\\\\\\\\"> adonis-fullstack-app@4.0.0 dev C:\\\\\\\\\\\\\\\\\\\\\\\\\\\\\\\\\\\\\\\\\\\\\\\\\\\\\\\\\\\\\\\\\\\\\\\\\\\\\\\\\\\\\\\\\\\\\\\\\\\\\\\\\\\\\\\\\\\\\\\\\\\\\\\\Users\\\\\\\\\\\\\\\\\\\\\\\\\\\\\\\\\\\\\\\\\\\\\\\\\\\\\\\\\\\\\\\\\\\\\\\\\\\\\\\\\\\\\\\\\\\\\\\\\\\\\\\\\\\\\\\\\\\\\\\\\\\\\\\\Andrea\\\\\\\\\\\\\\\\\\\\\\\\\\\\\\\\\\\\\\\\\\\\\\\\\\\\\\\\\\\\\\\\\\\\\\\\\\\\\\\\\\\\\\\\\\\\\\\\\\\\\\\\\\\\\\\\\\\\\\\\\\\\\\\\Desktop\\\\\\\\\\\\\\\\\\\\\\\\\\\\\\\\\\\\\\\\\\\\\\\\\\\\\\\\\\\\\\\\\\\\\\\\\\\\\\\\\\\\\\\\\\\\\\\\\\\\\\\\\\\\\\\\\\\\\\\\\\\\\\\\Dev\\\\\\\\\\\\\\\\\\\\\\\\\\\\\\\\\\\\\\\\\\\\\\\\\\\\\\\\\\\\\\\\\\\\\\\\\\\\\\\\\\\\\\\\\\\\\\\\\\\\\\\\\\\\\\\\\\\\\\\\\\\\\\\\atail-server\\\\\\\\\\\\\\\\\\\\\\\\\\\\\\\\\\\\\\\\\\\\\\\\\\\\\\\\\\\\\\\",\\\\\\\\\\\\\\\\\\\\\\\\\\\\\\\\\\\\\\\\\\\\\\\\\\\\\\\\\\\\\\\"timestamp\\\\\\\\\\\\\\\\\\\\\\\\\\\\\\\\\\\\\\\\\\\\\\\\\\\\\\\\\\\\\\\":1516556912451}\\\\\\\\\\\\\\\\\\\\\\\\\\\\\\\",\\\\\\\\\\\\\\\\\\\\\\\\\\\\\\\"timestamp\\\\\\\\\\\\\\\\\\\\\\\\\\\\\\\":1516556913178}\\\\\\\\\\\\\\\",\\\\\\\\\\\\\\\"timestamp\\\\\\\\\\\\\\\":1516556914183}\\\\\\\",\\\\\\\"timestamp\\\\\\\":1516556915191}\\\",\\\"timestamp\\\":1516556916221}\",\"timestamp\":1516556917225}","timestamp":1516556918238}
{"channel":"cross-platform-transmitter-override","line":"{\"channel\":\"cross-platform-transmitter-override\",\"line\":\"{\\\"channel\\\":\\\"cross-platform-transmitter-override\\\",\\\"line\\\":\\\"{\\\\\\\"channel\\\\\\\":\\\\\\\"cross-platform-transmitter-override\\\\\\\",\\\\\\\"line\\\\\\\":\\\\\\\"{\\\\\\\\\\\\\\\"channel\\\\\\\\\\\\\\\":\\\\\\\\\\\\\\\"cross-platform-transmitter-override\\\\\\\\\\\\\\\",\\\\\\\\\\\\\\\"line\\\\\\\\\\\\\\\":\\\\\\\\\\\\\\\"{\\\\\\\\\\\\\\\\\\\\\\\\\\\\\\\"channel\\\\\\\\\\\\\\\\\\\\\\\\\\\\\\\":\\\\\\\\\\\\\\\\\\\\\\\\\\\\\\\"cross-platform-transmitter-override\\\\\\\\\\\\\\\\\\\\\\\\\\\\\\\",\\\\\\\\\\\\\\\\\\\\\\\\\\\\\\\"line\\\\\\\\\\\\\\\\\\\\\\\\\\\\\\\":\\\\\\\\\\\\\\\\\\\\\\\\\\\\\\\"{\\\\\\\\\\\\\\\\\\\\\\\\\\\\\\\\\\\\\\\\\\\\\\\\\\\\\\\\\\\\\\\"channel\\\\\\\\\\\\\\\\\\\\\\\\\\\\\\\\\\\\\\\\\\\\\\\\\\\\\\\\\\\\\\\":\\\\\\\\\\\\\\\\\\\\\\\\\\\\\\\\\\\\\\\\\\\\\\\\\\\\\\\\\\\\\\\"cross-platform-transmitter-override\\\\\\\\\\\\\\\\\\\\\\\\\\\\\\\\\\\\\\\\\\\\\\\\\\\\\\\\\\\\\\\",\\\\\\\\\\\\\\\\\\\\\\\\\\\\\\\\\\\\\\\\\\\\\\\\\\\\\\\\\\\\\\\"line\\\\\\\\\\\\\\\\\\\\\\\\\\\\\\\\\\\\\\\\\\\\\\\\\\\\\\\\\\\\\\\":\\\\\\\\\\\\\\\\\\\\\\\\\\\\\\\\\\\\\\\\\\\\\\\\\\\\\\\\\\\\\\\"> webpack --watch\\\\\\\\\\\\\\\\\\\\\\\\\\\\\\\\\\\\\\\\\\\\\\\\\\\\\\\\\\\\\\\",\\\\\\\\\\\\\\\\\\\\\\\\\\\\\\\\\\\\\\\\\\\\\\\\\\\\\\\\\\\\\\\"timestamp\\\\\\\\\\\\\\\\\\\\\\\\\\\\\\\\\\\\\\\\\\\\\\\\\\\\\\\\\\\\\\\":1516556912451}\\\\\\\\\\\\\\\\\\\\\\\\\\\\\\\",\\\\\\\\\\\\\\\\\\\\\\\\\\\\\\\"timestamp\\\\\\\\\\\\\\\\\\\\\\\\\\\\\\\":1516556913178}\\\\\\\\\\\\\\\",\\\\\\\\\\\\\\\"timestamp\\\\\\\\\\\\\\\":1516556914183}\\\\\\\",\\\\\\\"timestamp\\\\\\\":1516556915191}\\\",\\\"timestamp\\\":1516556916221}\",\"timestamp\":1516556917225}","timestamp":1516556918239}
{"channel":"cross-platform-transmitter-override","line":"{\"channel\":\"cross-platform-transmitter-override\",\"line\":\"{\\\"channel\\\":\\\"cross-platform-transmitter-override\\\",\\\"line\\\":\\\"{\\\\\\\"channel\\\\\\\":\\\\\\\"cross-platform-transmitter-override\\\\\\\",\\\\\\\"line\\\\\\\":\\\\\\\"{\\\\\\\\\\\\\\\"channel\\\\\\\\\\\\\\\":\\\\\\\\\\\\\\\"cross-platform-transmitter-override\\\\\\\\\\\\\\\",\\\\\\\\\\\\\\\"line\\\\\\\\\\\\\\\":\\\\\\\\\\\\\\\"{\\\\\\\\\\\\\\\\\\\\\\\\\\\\\\\"channel\\\\\\\\\\\\\\\\\\\\\\\\\\\\\\\":\\\\\\\\\\\\\\\\\\\\\\\\\\\\\\\"cross-platform-transmitter-override\\\\\\\\\\\\\\\\\\\\\\\\\\\\\\\",\\\\\\\\\\\\\\\\\\\\\\\\\\\\\\\"line\\\\\\\\\\\\\\\\\\\\\\\\\\\\\\\":\\\\\\\\\\\\\\\\\\\\\\\\\\\\\\\"{\\\\\\\\\\\\\\\\\\\\\\\\\\\\\\\\\\\\\\\\\\\\\\\\\\\\\\\\\\\\\\\"channel\\\\\\\\\\\\\\\\\\\\\\\\\\\\\\\\\\\\\\\\\\\\\\\\\\\\\\\\\\\\\\\":\\\\\\\\\\\\\\\\\\\\\\\\\\\\\\\\\\\\\\\\\\\\\\\\\\\\\\\\\\\\\\\"cross-platform-transmitter-override\\\\\\\\\\\\\\\\\\\\\\\\\\\\\\\\\\\\\\\\\\\\\\\\\\\\\\\\\\\\\\\",\\\\\\\\\\\\\\\\\\\\\\\\\\\\\\\\\\\\\\\\\\\\\\\\\\\\\\\\\\\\\\\"line\\\\\\\\\\\\\\\\\\\\\\\\\\\\\\\\\\\\\\\\\\\\\\\\\\\\\\\\\\\\\\\":\\\\\\\\\\\\\\\\\\\\\\\\\\\\\\\\\\\\\\\\\\\\\\\\\\\\\\\\\\\\\\\"Executing pre-build scripts\\\\\\\\\\\\\\\\\\\\\\\\\\\\\\\\\\\\\\\\\\\\\\\\\\\\\\\\\\\\\\\",\\\\\\\\\\\\\\\\\\\\\\\\\\\\\\\\\\\\\\\\\\\\\\\\\\\\\\\\\\\\\\\"timestamp\\\\\\\\\\\\\\\\\\\\\\\\\\\\\\\\\\\\\\\\\\\\\\\\\\\\\\\\\\\\\\\":1516556912451}\\\\\\\\\\\\\\\\\\\\\\\\\\\\\\\",\\\\\\\\\\\\\\\\\\\\\\\\\\\\\\\"timestamp\\\\\\\\\\\\\\\\\\\\\\\\\\\\\\\":1516556913178}\\\\\\\\\\\\\\\",\\\\\\\\\\\\\\\"timestamp\\\\\\\\\\\\\\\":1516556914183}\\\\\\\",\\\\\\\"timestamp\\\\\\\":1516556915191}\\\",\\\"timestamp\\\":1516556916221}\",\"timestamp\":1516556917225}","timestamp":1516556918239}
{"channel":"cross-platform-transmitter-override","line":"{\"channel\":\"cross-platform-transmitter-override\",\"line\":\"{\\\"channel\\\":\\\"cross-platform-transmitter-override\\\",\\\"line\\\":\\\"{\\\\\\\"channel\\\\\\\":\\\\\\\"cross-platform-transmitter-override\\\\\\\",\\\\\\\"line\\\\\\\":\\\\\\\"{\\\\\\\\\\\\\\\"channel\\\\\\\\\\\\\\\":\\\\\\\\\\\\\\\"cross-platform-transmitter-override\\\\\\\\\\\\\\\",\\\\\\\\\\\\\\\"line\\\\\\\\\\\\\\\":\\\\\\\\\\\\\\\"{\\\\\\\\\\\\\\\\\\\\\\\\\\\\\\\"channel\\\\\\\\\\\\\\\\\\\\\\\\\\\\\\\":\\\\\\\\\\\\\\\\\\\\\\\\\\\\\\\"cross-platform-transmitter-override\\\\\\\\\\\\\\\\\\\\\\\\\\\\\\\",\\\\\\\\\\\\\\\\\\\\\\\\\\\\\\\"line\\\\\\\\\\\\\\\\\\\\\\\\\\\\\\\":\\\\\\\\\\\\\\\\\\\\\\\\\\\\\\\"{\\\\\\\\\\\\\\\\\\\\\\\\\\\\\\\\\\\\\\\\\\\\\\\\\\\\\\\\\\\\\\\"channel\\\\\\\\\\\\\\\\\\\\\\\\\\\\\\\\\\\\\\\\\\\\\\\\\\\\\\\\\\\\\\\":\\\\\\\\\\\\\\\\\\\\\\\\\\\\\\\\\\\\\\\\\\\\\\\\\\\\\\\\\\\\\\\"cross-platform-transmitter-override\\\\\\\\\\\\\\\\\\\\\\\\\\\\\\\\\\\\\\\\\\\\\\\\\\\\\\\\\\\\\\\",\\\\\\\\\\\\\\\\\\\\\\\\\\\\\\\\\\\\\\\\\\\\\\\\\\\\\\\\\\\\\\\"line\\\\\\\\\\\\\\\\\\\\\\\\\\\\\\\\\\\\\\\\\\\\\\\\\\\\\\\\\\\\\\\":\\\\\\\\\\\\\\\\\\\\\\\\\\\\\\\\\\\\\\\\\\\\\\\\\\\\\\\\\\\\\\\"Webpack is watching the files…\\\\\\\\\\\\\\\\\\\\\\\\\\\\\\\\\\\\\\\\\\\\\\\\\\\\\\\\\\\\\\\",\\\\\\\\\\\\\\\\\\\\\\\\\\\\\\\\\\\\\\\\\\\\\\\\\\\\\\\\\\\\\\\"timestamp\\\\\\\\\\\\\\\\\\\\\\\\\\\\\\\\\\\\\\\\\\\\\\\\\\\\\\\\\\\\\\\":1516556912451}\\\\\\\\\\\\\\\\\\\\\\\\\\\\\\\",\\\\\\\\\\\\\\\\\\\\\\\\\\\\\\\"timestamp\\\\\\\\\\\\\\\\\\\\\\\\\\\\\\\":1516556913178}\\\\\\\\\\\\\\\",\\\\\\\\\\\\\\\"timestamp\\\\\\\\\\\\\\\":1516556914183}\\\\\\\",\\\\\\\"timestamp\\\\\\\":1516556915191}\\\",\\\"timestamp\\\":1516556916221}\",\"timestamp\":1516556917225}","timestamp":1516556918239}
